Archive member included because of file (symbol)

C:/Downloads/Projects/Project1/VUMeter/libksdk_platform.a(fsl_uart_driver.o)
                              ./Sources/main.o (UART_DRV_Init)
C:/Downloads/Projects/Project1/VUMeter/libksdk_platform.a(fsl_sim_hal_MK64F12.o)
                              ./Sources/perf_init.o (SIM_HAL_SetAdcAlternativeTriggerCmd)
C:/Downloads/Projects/Project1/VUMeter/libksdk_platform.a(fsl_pdb_driver.o)
                              ./Sources/perf_init.o (PDB_DRV_Init)
C:/Downloads/Projects/Project1/VUMeter/libksdk_platform.a(fsl_gpio_driver.o)
                              ./board/board.o (GPIO_DRV_Init)
C:/Downloads/Projects/Project1/VUMeter/libksdk_platform.a(fsl_edma_hal.o)
                              ./Sources/edma_init.o (EDMA_HAL_SetDmaRequestCmd)
C:/Downloads/Projects/Project1/VUMeter/libksdk_platform.a(fsl_edma_common.o)
                              ./Sources/edma_init.o (g_edmaBase)
C:/Downloads/Projects/Project1/VUMeter/libksdk_platform.a(fsl_edma_driver.o)
                              ./Sources/edma_init.o (EDMA_DRV_Init)
C:/Downloads/Projects/Project1/VUMeter/libksdk_platform.a(fsl_dmamux_hal.o)
                              C:/Downloads/Projects/Project1/VUMeter/libksdk_platform.a(fsl_edma_driver.o) (DMAMUX_HAL_Init)
C:/Downloads/Projects/Project1/VUMeter/libksdk_platform.a(fsl_clock_MK64F12.o)
                              ./board/board.o (CLOCK_SYS_SetSimConfigration)
C:/Downloads/Projects/Project1/VUMeter/libksdk_platform.a(fsl_clock_manager.o)
                              ./board/board.o (CLOCK_SYS_BootToPee)
C:/Downloads/Projects/Project1/VUMeter/libksdk_platform.a(fsl_clock_manager_common.o)
                              C:/Downloads/Projects/Project1/VUMeter/libksdk_platform.a(fsl_clock_MK64F12.o) (g_oscBase)
C:/Downloads/Projects/Project1/VUMeter/libksdk_platform.a(fsl_adc16_driver.o)
                              ./Sources/perf_init.o (ADC16_DRV_GetAutoCalibrationParam)
C:/Downloads/Projects/Project1/VUMeter/libksdk_platform.a(fsl_os_abstraction_bm.o)
                              C:/Downloads/Projects/Project1/VUMeter/libksdk_platform.a(fsl_uart_driver.o) (OSA_SemaCreate)
C:/Downloads/Projects/Project1/VUMeter/libksdk_platform.a(fsl_uart_hal.o)
                              C:/Downloads/Projects/Project1/VUMeter/libksdk_platform.a(fsl_uart_driver.o) (UART_HAL_Init)
C:/Downloads/Projects/Project1/VUMeter/libksdk_platform.a(fsl_uart_common.o)
                              C:/Downloads/Projects/Project1/VUMeter/libksdk_platform.a(fsl_uart_driver.o) (g_uartStatePtr)
C:/Downloads/Projects/Project1/VUMeter/libksdk_platform.a(fsl_pdb_hal.o)
                              C:/Downloads/Projects/Project1/VUMeter/libksdk_platform.a(fsl_pdb_driver.o) (PDB_HAL_Init)
C:/Downloads/Projects/Project1/VUMeter/libksdk_platform.a(fsl_pdb_common.o)
                              C:/Downloads/Projects/Project1/VUMeter/libksdk_platform.a(fsl_pdb_driver.o) (g_pdbBase)
C:/Downloads/Projects/Project1/VUMeter/libksdk_platform.a(fsl_osc_hal.o)
                              C:/Downloads/Projects/Project1/VUMeter/libksdk_platform.a(fsl_clock_manager.o) (OSC_HAL_SetCapacitor)
C:/Downloads/Projects/Project1/VUMeter/libksdk_platform.a(fsl_mcg_hal.o)
                              C:/Downloads/Projects/Project1/VUMeter/libksdk_platform.a(fsl_clock_MK64F12.o) (g_xtal0ClkFreq)
C:/Downloads/Projects/Project1/VUMeter/libksdk_platform.a(fsl_mcg_hal_modes.o)
                              C:/Downloads/Projects/Project1/VUMeter/libksdk_platform.a(fsl_clock_manager.o) (CLOCK_HAL_GetMcgMode)
C:/Downloads/Projects/Project1/VUMeter/libksdk_platform.a(fsl_lptmr_hal.o)
                              C:/Downloads/Projects/Project1/VUMeter/libksdk_platform.a(fsl_os_abstraction_bm.o) (LPTMR_HAL_SetTimerWorkingMode)
C:/Downloads/Projects/Project1/VUMeter/libksdk_platform.a(fsl_interrupt_manager.o)
                              C:/Downloads/Projects/Project1/VUMeter/libksdk_platform.a(fsl_os_abstraction_bm.o) (INT_SYS_InstallHandler)
C:/Downloads/Projects/Project1/VUMeter/libksdk_platform.a(fsl_gpio_hal.o)
                              C:/Downloads/Projects/Project1/VUMeter/libksdk_platform.a(fsl_gpio_driver.o) (GPIO_HAL_SetPinDir)
C:/Downloads/Projects/Project1/VUMeter/libksdk_platform.a(fsl_gpio_common.o)
                              C:/Downloads/Projects/Project1/VUMeter/libksdk_platform.a(fsl_gpio_driver.o) (g_gpioBase)
C:/Downloads/Projects/Project1/VUMeter/libksdk_platform.a(fsl_adc16_hal.o)
                              C:/Downloads/Projects/Project1/VUMeter/libksdk_platform.a(fsl_adc16_driver.o) (ADC16_HAL_Init)
C:/Downloads/Projects/Project1/VUMeter/libksdk_platform.a(fsl_adc16_common.o)
                              C:/Downloads/Projects/Project1/VUMeter/libksdk_platform.a(fsl_adc16_driver.o) (g_adcBase)
C:\Freescale\KSDK_1.3.0/platform/CMSIS/Lib/GCC\libarm_cortexM4lf_math.a(arm_mean_f32.o)
                              ./Sources/main.o (arm_mean_f32)
[...]
Memory Configuration

Name             Origin             Length             Attributes
m_interrupts     0x00000000         0x00000400         xr
m_flash_config   0x00000400         0x00000010         xr
m_text           0x00000410         0x000ffbf0         xr
m_data           0x1fff0000         0x00010000         rw
m_data_2         0x20000000         0x00030000         rw
*default*        0x00000000         0xffffffff

Linker script and memory map

LOAD c:/freescale/kds_v3/toolchain/bin/../lib/gcc/arm-none-eabi/4.8.4/armv7e-m/fpu/crti.o
LOAD c:/freescale/kds_v3/toolchain/bin/../lib/gcc/arm-none-eabi/4.8.4/armv7e-m/fpu/crtbegin.o
LOAD c:/freescale/kds_v3/toolchain/bin/../lib/gcc/arm-none-eabi/4.8.4/../../../../arm-none-eabi/lib/armv7e-m/fpu/crt0.o
LOAD ./board/board.o
LOAD ./board/gpio_pins.o
LOAD ./board/hardware_init.o
LOAD ./board/pin_mux.o
LOAD ./Sources/edma_init.o
LOAD ./Sources/main.o
LOAD ./Sources/perf_init.o
LOAD ./Project_Settings/Startup_Code/startup.o
LOAD ./Project_Settings/Startup_Code/startup_MK64F12.o
LOAD ./Project_Settings/Startup_Code/system_MK64F12.o
LOAD C:/Downloads/Projects/Project1/VUMeter/libksdk_platform.a
LOAD C:\Freescale\KSDK_1.3.0/platform/CMSIS/Lib/GCC\libarm_cortexM4lf_math.a
LOAD c:/freescale/kds_v3/toolchain/bin/../lib/gcc/arm-none-eabi/4.8.4/../../../../arm-none-eabi/lib/armv7e-m/fpu\libstdc++_s.a
LOAD c:/freescale/kds_v3/toolchain/bin/../lib/gcc/arm-none-eabi/4.8.4/../../../../arm-none-eabi/lib/armv7e-m/fpu\libm.a
START GROUP
LOAD c:/freescale/kds_v3/toolchain/bin/../lib/gcc/arm-none-eabi/4.8.4/armv7e-m/fpu\libgcc.a
LOAD c:/freescale/kds_v3/toolchain/bin/../lib/gcc/arm-none-eabi/4.8.4/../../../../arm-none-eabi/lib/armv7e-m/fpu\libg_s.a
LOAD c:/freescale/kds_v3/toolchain/bin/../lib/gcc/arm-none-eabi/4.8.4/../../../../arm-none-eabi/lib/armv7e-m/fpu\libc_s.a
END GROUP
START GROUP
LOAD c:/freescale/kds_v3/toolchain/bin/../lib/gcc/arm-none-eabi/4.8.4/armv7e-m/fpu\libgcc.a
LOAD c:/freescale/kds_v3/toolchain/bin/../lib/gcc/arm-none-eabi/4.8.4/../../../../arm-none-eabi/lib/armv7e-m/fpu\libc_s.a
LOAD c:/freescale/kds_v3/toolchain/bin/../lib/gcc/arm-none-eabi/4.8.4/../../../../arm-none-eabi/lib/armv7e-m/fpu\libnosys.a
END GROUP
START GROUP
LOAD c:/freescale/kds_v3/toolchain/bin/../lib/gcc/arm-none-eabi/4.8.4/armv7e-m/fpu\libgcc.a
LOAD c:/freescale/kds_v3/toolchain/bin/../lib/gcc/arm-none-eabi/4.8.4/../../../../arm-none-eabi/lib/armv7e-m/fpu\libc_s.a
LOAD c:/freescale/kds_v3/toolchain/bin/../lib/gcc/arm-none-eabi/4.8.4/../../../../arm-none-eabi/lib/armv7e-m/fpu\libnosys.a
END GROUP
LOAD c:/freescale/kds_v3/toolchain/bin/../lib/gcc/arm-none-eabi/4.8.4/armv7e-m/fpu/crtend.o
LOAD c:/freescale/kds_v3/toolchain/bin/../lib/gcc/arm-none-eabi/4.8.4/armv7e-m/fpu/crtn.o
                0x00000400                HEAP_SIZE = DEFINED (__heap_size__)?__heap_size__:0x400
                0x00000400                STACK_SIZE = DEFINED (__stack_size__)?__stack_size__:0x400
                0x00000000                M_VECTOR_RAM_SIZE = DEFINED (__ram_vector_table__)?0x400:0x0

.interrupts     0x00000000      0x400
                0x00000000                __VECTOR_TABLE = .
                0x00000000                . = ALIGN (0x4)
 *(.isr_vector)
 .isr_vector    0x00000000      0x400 ./Project_Settings/Startup_Code/startup_MK64F12.o
                0x00000000                __isr_vector
                0x00000400                . = ALIGN (0x4)

.flash_config   0x00000400       0x10
                0x00000400                . = ALIGN (0x4)
 *(.FlashConfig)
 .FlashConfig   0x00000400       0x10 ./Project_Settings/Startup_Code/startup_MK64F12.o
                0x00000410                . = ALIGN (0x4)

.text           0x00000410    0x1c068
                0x00000410                . = ALIGN (0x4)
 *(.text)
 .text          0x00000410       0x54 c:/freescale/kds_v3/toolchain/bin/../lib/gcc/arm-none-eabi/4.8.4/armv7e-m/fpu/crtbegin.o
 .text          0x00000464       0x74 c:/freescale/kds_v3/toolchain/bin/../lib/gcc/arm-none-eabi/4.8.4/../../../../arm-none-eabi/lib/armv7e-m/fpu/crt0.o
                0x00000464                _start
                0x00000464                _mainCRTStartup
 .text          0x000004d8       0x14 ./Project_Settings/Startup_Code/startup_MK64F12.o
                0x000004d8                Reset_Handler
                0x000004e8                DebugMon_Handler
                0x000004e8                I2C0_IRQHandler
                0x000004e8                HardFault_Handler
                0x000004e8                SysTick_Handler
                0x000004e8                PendSV_Handler
                0x000004e8                NMI_Handler
                0x000004e8                UART0_RX_TX_IRQHandler
                0x000004e8                I2C1_IRQHandler
                0x000004e8                DMA2_IRQHandler
                0x000004e8                ENET_Error_IRQHandler
                0x000004e8                CAN0_Tx_Warning_IRQHandler
                0x000004e8                PIT0_IRQHandler
                0x000004e8                CAN0_ORed_Message_buffer_IRQHandler
                0x000004e8                CMP2_IRQHandler
                0x000004e8                LLWU_IRQHandler
                0x000004e8                ENET_Receive_IRQHandler
                0x000004e8                ENET_1588_Timer_IRQHandler
                0x000004e8                UART2_RX_TX_IRQHandler
                0x000004e8                SWI_IRQHandler
                0x000004e8                ADC0_IRQHandler
                0x000004e8                UsageFault_Handler
                0x000004e8                I2S0_Tx_IRQHandler
                0x000004e8                CMT_IRQHandler
                0x000004e8                UART4_RX_TX_IRQHandler
                0x000004e8                SPI1_IRQHandler
                0x000004e8                DefaultISR
                0x000004e8                DMA9_IRQHandler
                0x000004e8                DMA14_IRQHandler
                0x000004e8                CMP1_IRQHandler
                0x000004e8                Reserved71_IRQHandler
                0x000004e8                PORTD_IRQHandler
                0x000004e8                PORTB_IRQHandler
                0x000004e8                UART4_ERR_IRQHandler
                0x000004e8                ADC1_IRQHandler
                0x000004e8                I2C2_IRQHandler
                0x000004e8                PIT2_IRQHandler
                0x000004e8                I2S0_Rx_IRQHandler
                0x000004e8                DMA5_IRQHandler
                0x000004e8                RTC_IRQHandler
                0x000004e8                PDB0_IRQHandler
                0x000004e8                CAN0_Rx_Warning_IRQHandler
                0x000004e8                FTM1_IRQHandler
                0x000004e8                UART5_RX_TX_IRQHandler
                0x000004e8                UART3_ERR_IRQHandler
                0x000004e8                PIT3_IRQHandler
                0x000004e8                SDHC_IRQHandler
                0x000004e8                RTC_Seconds_IRQHandler
                0x000004e8                MCG_IRQHandler
                0x000004e8                FTFE_IRQHandler
                0x000004e8                UART2_ERR_IRQHandler
                0x000004e8                DMA11_IRQHandler
                0x000004e8                UART5_ERR_IRQHandler
                0x000004e8                Read_Collision_IRQHandler
                0x000004e8                DMA7_IRQHandler
                0x000004e8                ENET_Transmit_IRQHandler
                0x000004e8                USBDCD_IRQHandler
                0x000004e8                USB0_IRQHandler
                0x000004e8                SPI2_IRQHandler
                0x000004e8                WDOG_EWM_IRQHandler
                0x000004e8                MemManage_Handler
                0x000004e8                SVC_Handler
                0x000004e8                DMA13_IRQHandler
                0x000004e8                DMA3_IRQHandler
                0x000004e8                UART0_LON_IRQHandler
                0x000004e8                RNG_IRQHandler
                0x000004e8                DMA0_IRQHandler
                0x000004e8                DMA15_IRQHandler
                0x000004e8                DAC0_IRQHandler
                0x000004e8                CAN0_Error_IRQHandler
                0x000004e8                DMA4_IRQHandler
                0x000004e8                PIT1_IRQHandler
                0x000004e8                UART0_ERR_IRQHandler
                0x000004e8                DMA_Error_IRQHandler
                0x000004e8                LVD_LVW_IRQHandler
                0x000004e8                SPI0_IRQHandler
                0x000004e8                FTM0_IRQHandler
                0x000004e8                PORTA_IRQHandler
                0x000004e8                DAC1_IRQHandler
                0x000004e8                MCM_IRQHandler
                0x000004e8                DMA12_IRQHandler
                0x000004e8                CAN0_Bus_Off_IRQHandler
                0x000004e8                FTM3_IRQHandler
                0x000004e8                PORTE_IRQHandler
                0x000004e8                FTM2_IRQHandler
                0x000004e8                LPTMR0_IRQHandler
                0x000004e8                BusFault_Handler
                0x000004e8                DMA8_IRQHandler
                0x000004e8                DMA10_IRQHandler
                0x000004e8                CAN0_Wake_Up_IRQHandler
                0x000004e8                UART1_ERR_IRQHandler
                0x000004e8                UART1_RX_TX_IRQHandler
                0x000004e8                CMP0_IRQHandler
                0x000004e8                PORTC_IRQHandler
                0x000004e8                DMA6_IRQHandler
 .text          0x000004ec       0xc4 C:\Freescale\KSDK_1.3.0/platform/CMSIS/Lib/GCC\libarm_cortexM4lf_math.a(arm_bitreversal2.o)
                0x000004ec                arm_bitreversal_32
                0x00000558                arm_bitreversal_16
 .text          0x000005b0      0x370 c:/freescale/kds_v3/toolchain/bin/../lib/gcc/arm-none-eabi/4.8.4/armv7e-m/fpu\libgcc.a(_arm_addsubdf3.o)
                0x000005b0                __aeabi_drsub
                0x000005b8                __aeabi_dsub
                0x000005b8                __subdf3
                0x000005bc                __aeabi_dadd
                0x000005bc                __adddf3
                0x00000834                __floatunsidf
                0x00000834                __aeabi_ui2d
                0x00000854                __floatsidf
                0x00000854                __aeabi_i2d
                0x00000878                __aeabi_f2d
                0x00000878                __extendsfdf2
                0x000008b4                __floatundidf
                0x000008b4                __aeabi_ul2d
                0x000008c4                __floatdidf
                0x000008c4                __aeabi_l2d
 .text          0x00000920      0x424 c:/freescale/kds_v3/toolchain/bin/../lib/gcc/arm-none-eabi/4.8.4/armv7e-m/fpu\libgcc.a(_arm_muldivdf3.o)
                0x00000920                __aeabi_dmul
                0x00000920                __muldf3
                0x00000b74                __divdf3
                0x00000b74                __aeabi_ddiv
 .text          0x00000d44       0xa0 c:/freescale/kds_v3/toolchain/bin/../lib/gcc/arm-none-eabi/4.8.4/armv7e-m/fpu\libgcc.a(_arm_truncdfsf2.o)
                0x00000d44                __truncdfsf2
                0x00000d44                __aeabi_d2f
 *(.text*)
 .text.PORT_HAL_SetMuxMode
                0x00000de4       0x58 ./board/board.o
 .text.SMC_HAL_SetProtection
                0x00000e3c       0x1c ./board/board.o
 .text.BOARD_InitOsc0
                0x00000e58       0x3c ./board/board.o
                0x00000e58                BOARD_InitOsc0
 .text.BOARD_InitRtcOsc
                0x00000e94       0x24 ./board/board.o
                0x00000e94                BOARD_InitRtcOsc
 .text.CLOCK_SetBootConfig
                0x00000eb8       0x3c ./board/board.o
 .text.BOARD_ClockInit
                0x00000ef4       0x34 ./board/board.o
                0x00000ef4                BOARD_ClockInit
 .text.EDMA_HAL_ClearDoneStatusFlag
                0x00000f28       0x1c ./Sources/edma_init.o
 .text.EDMA_HAL_ClearIntStatusFlag
                0x00000f44       0x1c ./Sources/edma_init.o
 .text.EDMA_HAL_HTCDSetDestAddr
                0x00000f60       0x44 ./Sources/edma_init.o
 .text.EDMA_DRV_PrepareDescriptorTransfer
                0x00000fa4       0x3c ./Sources/edma_init.o
 .text.config_DMA_Upper
                0x00000fe0       0xb0 ./Sources/edma_init.o
                0x00000fe0                config_DMA_Upper
 .text.config_DMA_Lower
                0x00001090       0xb0 ./Sources/edma_init.o
                0x00001090                config_DMA_Lower
 .text.copyActiveToFloat
                0x00001140       0x68 ./Sources/edma_init.o
                0x00001140                copyActiveToFloat
 .text.DMA1_IRQHandler
                0x000011a8       0xcc ./Sources/edma_init.o
                0x000011a8                DMA1_IRQHandler
 .text.bufferReady
                0x00001274       0x18 ./Sources/edma_init.o
                0x00001274                bufferReady
 .text.bufferStatusReset
                0x0000128c       0x18 ./Sources/edma_init.o
                0x0000128c                bufferStatusReset
 .text.PORT_HAL_SetMuxMode
                0x000012a4       0x58 ./Sources/main.o
 .text.UART3_RX_TX_IRQHandler
                0x000012fc        0xc ./Sources/main.o
                0x000012fc                UART3_RX_TX_IRQHandler
 .text.main     0x00001308      0x594 ./Sources/main.o
                0x00001308                main
 .text.SIM_HAL_EnableClock
                0x0000189c       0x3c ./Sources/perf_init.o
 .text.CLOCK_SYS_EnablePitClock
                0x000018d8       0x1c ./Sources/perf_init.o
 .text.init_adc
                0x000018f4       0x7c ./Sources/perf_init.o
                0x000018f4                init_adc
 .text.config_PDB
                0x00001970       0xa4 ./Sources/perf_init.o
                0x00001970                config_PDB
 .text.initPIT  0x00001a14       0x70 ./Sources/perf_init.o
                0x00001a14                initPIT
 .text.init_data_bss
                0x00001a84       0xcc ./Project_Settings/Startup_Code/startup.o
                0x00001a84                init_data_bss
 .text.SystemInit
                0x00001b50      0x1d8 ./Project_Settings/Startup_Code/system_MK64F12.o
                0x00001b50                SystemInit
 .text.NVIC_EnableIRQ
                0x00001d28       0x30 C:/Downloads/Projects/Project1/VUMeter/libksdk_platform.a(fsl_uart_driver.o)
 .text.UART_HAL_EnableTransmitter
                0x00001d58       0x24 C:/Downloads/Projects/Project1/VUMeter/libksdk_platform.a(fsl_uart_driver.o)
 .text.UART_HAL_EnableReceiver
                0x00001d7c       0x24 C:/Downloads/Projects/Project1/VUMeter/libksdk_platform.a(fsl_uart_driver.o)
 .text.UART_HAL_SetBitCountPerChar
                0x00001da0       0x28 C:/Downloads/Projects/Project1/VUMeter/libksdk_platform.a(fsl_uart_driver.o)
 .text.UART_HAL_SetStopBitCount
                0x00001dc8       0x24 C:/Downloads/Projects/Project1/VUMeter/libksdk_platform.a(fsl_uart_driver.o)
 .text.UART_HAL_GetTxFifoSize
                0x00001dec       0x24 C:/Downloads/Projects/Project1/VUMeter/libksdk_platform.a(fsl_uart_driver.o)
 .text.UART_HAL_GetTxDatawordCountInFifo
                0x00001e10       0x1c C:/Downloads/Projects/Project1/VUMeter/libksdk_platform.a(fsl_uart_driver.o)
 .text.UART_HAL_GetRxDatawordCountInFifo
                0x00001e2c       0x1c C:/Downloads/Projects/Project1/VUMeter/libksdk_platform.a(fsl_uart_driver.o)
 .text.INT_SYS_EnableIRQ
                0x00001e48       0x54 C:/Downloads/Projects/Project1/VUMeter/libksdk_platform.a(fsl_uart_driver.o)
 .text.UART_DRV_Init
                0x00001e9c      0x18c C:/Downloads/Projects/Project1/VUMeter/libksdk_platform.a(fsl_uart_driver.o)
                0x00001e9c                UART_DRV_Init
 .text.UART_DRV_SendData
                0x00002028       0x74 C:/Downloads/Projects/Project1/VUMeter/libksdk_platform.a(fsl_uart_driver.o)
                0x00002028                UART_DRV_SendData
 .text.UART_DRV_GetTransmitStatus
                0x0000209c       0x80 C:/Downloads/Projects/Project1/VUMeter/libksdk_platform.a(fsl_uart_driver.o)
                0x0000209c                UART_DRV_GetTransmitStatus
 .text.UART_DRV_IRQHandler
                0x0000211c      0x198 C:/Downloads/Projects/Project1/VUMeter/libksdk_platform.a(fsl_uart_driver.o)
                0x0000211c                UART_DRV_IRQHandler
 .text.UART_DRV_CompleteSendData
                0x000022b4       0x74 C:/Downloads/Projects/Project1/VUMeter/libksdk_platform.a(fsl_uart_driver.o)
 .text.UART_DRV_StartSendData
                0x00002328       0x8c C:/Downloads/Projects/Project1/VUMeter/libksdk_platform.a(fsl_uart_driver.o)
 .text.UART_DRV_CompleteReceiveData
                0x000023b4       0x80 C:/Downloads/Projects/Project1/VUMeter/libksdk_platform.a(fsl_uart_driver.o)
 .text.CLOCK_HAL_SetOutDiv
                0x00002434       0x5c C:/Downloads/Projects/Project1/VUMeter/libksdk_platform.a(fsl_sim_hal_MK64F12.o)
                0x00002434                CLOCK_HAL_SetOutDiv
 .text.SIM_HAL_SetAdcAlternativeTriggerCmd
                0x00002490       0x6c C:/Downloads/Projects/Project1/VUMeter/libksdk_platform.a(fsl_sim_hal_MK64F12.o)
                0x00002490                SIM_HAL_SetAdcAlternativeTriggerCmd
 .text.NVIC_EnableIRQ
                0x000024fc       0x30 C:/Downloads/Projects/Project1/VUMeter/libksdk_platform.a(fsl_pdb_driver.o)
 .text.NVIC_DisableIRQ
                0x0000252c       0x34 C:/Downloads/Projects/Project1/VUMeter/libksdk_platform.a(fsl_pdb_driver.o)
 .text.PDB_HAL_SetSoftTriggerCmd
                0x00002560       0x20 C:/Downloads/Projects/Project1/VUMeter/libksdk_platform.a(fsl_pdb_driver.o)
 .text.PDB_HAL_Enable
                0x00002580       0x20 C:/Downloads/Projects/Project1/VUMeter/libksdk_platform.a(fsl_pdb_driver.o)
 .text.PDB_HAL_SetLoadValuesCmd
                0x000025a0       0x20 C:/Downloads/Projects/Project1/VUMeter/libksdk_platform.a(fsl_pdb_driver.o)
 .text.PDB_HAL_SetTimerModulusValue
                0x000025c0       0x28 C:/Downloads/Projects/Project1/VUMeter/libksdk_platform.a(fsl_pdb_driver.o)
 .text.SIM_HAL_EnableClock
                0x000025e8       0x3c C:/Downloads/Projects/Project1/VUMeter/libksdk_platform.a(fsl_pdb_driver.o)
 .text.CLOCK_SYS_EnablePdbClock
                0x00002624       0x1c C:/Downloads/Projects/Project1/VUMeter/libksdk_platform.a(fsl_pdb_driver.o)
 .text.INT_SYS_EnableIRQ
                0x00002640       0x54 C:/Downloads/Projects/Project1/VUMeter/libksdk_platform.a(fsl_pdb_driver.o)
 .text.INT_SYS_DisableIRQ
                0x00002694       0x54 C:/Downloads/Projects/Project1/VUMeter/libksdk_platform.a(fsl_pdb_driver.o)
 .text.PDB_DRV_Init
                0x000026e8       0x94 C:/Downloads/Projects/Project1/VUMeter/libksdk_platform.a(fsl_pdb_driver.o)
                0x000026e8                PDB_DRV_Init
 .text.PDB_DRV_SoftTriggerCmd
                0x0000277c       0x40 C:/Downloads/Projects/Project1/VUMeter/libksdk_platform.a(fsl_pdb_driver.o)
                0x0000277c                PDB_DRV_SoftTriggerCmd
 .text.PDB_DRV_LoadValuesCmd
                0x000027bc       0x40 C:/Downloads/Projects/Project1/VUMeter/libksdk_platform.a(fsl_pdb_driver.o)
                0x000027bc                PDB_DRV_LoadValuesCmd
 .text.PDB_DRV_SetTimerModulusValue
                0x000027fc       0x44 C:/Downloads/Projects/Project1/VUMeter/libksdk_platform.a(fsl_pdb_driver.o)
                0x000027fc                PDB_DRV_SetTimerModulusValue
 .text.PDB_DRV_ConfigAdcPreTrigger
                0x00002840       0x88 C:/Downloads/Projects/Project1/VUMeter/libksdk_platform.a(fsl_pdb_driver.o)
                0x00002840                PDB_DRV_ConfigAdcPreTrigger
 .text.PDB_DRV_SetAdcPreTriggerDelayValue
                0x000028c8       0x50 C:/Downloads/Projects/Project1/VUMeter/libksdk_platform.a(fsl_pdb_driver.o)
                0x000028c8                PDB_DRV_SetAdcPreTriggerDelayValue
 .text.EDMA_HAL_STCDSetSrcAddr
                0x00002918       0x38 C:/Downloads/Projects/Project1/VUMeter/libksdk_platform.a(fsl_edma_hal.o)
 .text.EDMA_HAL_STCDSetSrcOffset
                0x00002950       0x38 C:/Downloads/Projects/Project1/VUMeter/libksdk_platform.a(fsl_edma_hal.o)
 .text.EDMA_HAL_STCDSetSrcLastAdjust
                0x00002988       0x38 C:/Downloads/Projects/Project1/VUMeter/libksdk_platform.a(fsl_edma_hal.o)
 .text.EDMA_HAL_STCDSetDestAddr
                0x000029c0       0x38 C:/Downloads/Projects/Project1/VUMeter/libksdk_platform.a(fsl_edma_hal.o)
 .text.EDMA_HAL_STCDSetDestOffset
                0x000029f8       0x38 C:/Downloads/Projects/Project1/VUMeter/libksdk_platform.a(fsl_edma_hal.o)
 .text.EDMA_HAL_STCDSetDestLastAdjust
                0x00002a30       0x38 C:/Downloads/Projects/Project1/VUMeter/libksdk_platform.a(fsl_edma_hal.o)
 .text.EDMA_HAL_STCDSetDisableDmaRequestAfterTCDDoneCmd
                0x00002a68       0x4c C:/Downloads/Projects/Project1/VUMeter/libksdk_platform.a(fsl_edma_hal.o)
 .text.EDMA_HAL_STCDSetIntCmd
                0x00002ab4       0x4c C:/Downloads/Projects/Project1/VUMeter/libksdk_platform.a(fsl_edma_hal.o)
 .text.EDMA_HAL_Init
                0x00002b00       0x7c C:/Downloads/Projects/Project1/VUMeter/libksdk_platform.a(fsl_edma_hal.o)
                0x00002b00                EDMA_HAL_Init
 .text.EDMA_HAL_SetErrorIntCmd
                0x00002b7c       0x30 C:/Downloads/Projects/Project1/VUMeter/libksdk_platform.a(fsl_edma_hal.o)
                0x00002b7c                EDMA_HAL_SetErrorIntCmd
 .text.EDMA_HAL_SetDmaRequestCmd
                0x00002bac       0x30 C:/Downloads/Projects/Project1/VUMeter/libksdk_platform.a(fsl_edma_hal.o)
                0x00002bac                EDMA_HAL_SetDmaRequestCmd
 .text.EDMA_HAL_HTCDClearReg
                0x00002bdc       0xd0 C:/Downloads/Projects/Project1/VUMeter/libksdk_platform.a(fsl_edma_hal.o)
                0x00002bdc                EDMA_HAL_HTCDClearReg
 .text.EDMA_HAL_STCDSetAttribute
                0x00002cac       0x70 C:/Downloads/Projects/Project1/VUMeter/libksdk_platform.a(fsl_edma_hal.o)
                0x00002cac                EDMA_HAL_STCDSetAttribute
 .text.EDMA_HAL_STCDSetNbytes
                0x00002d1c       0x64 C:/Downloads/Projects/Project1/VUMeter/libksdk_platform.a(fsl_edma_hal.o)
                0x00002d1c                EDMA_HAL_STCDSetNbytes
 .text.EDMA_HAL_STCDSetMajorCount
                0x00002d80       0xc0 C:/Downloads/Projects/Project1/VUMeter/libksdk_platform.a(fsl_edma_hal.o)
                0x00002d80                EDMA_HAL_STCDSetMajorCount
 .text.EDMA_HAL_PushSTCDToHTCD
                0x00002e40      0x11c C:/Downloads/Projects/Project1/VUMeter/libksdk_platform.a(fsl_edma_hal.o)
                0x00002e40                EDMA_HAL_PushSTCDToHTCD
 .text.EDMA_HAL_STCDSetBasicTransfer
                0x00002f5c       0xcc C:/Downloads/Projects/Project1/VUMeter/libksdk_platform.a(fsl_edma_hal.o)
                0x00002f5c                EDMA_HAL_STCDSetBasicTransfer
 .text.NVIC_EnableIRQ
                0x00003028       0x30 C:/Downloads/Projects/Project1/VUMeter/libksdk_platform.a(fsl_edma_driver.o)
 .text.EDMA_HAL_SetHaltOnErrorCmd
                0x00003058       0x24 C:/Downloads/Projects/Project1/VUMeter/libksdk_platform.a(fsl_edma_driver.o)
 .text.EDMA_HAL_SetChannelArbitrationMode
                0x0000307c       0x24 C:/Downloads/Projects/Project1/VUMeter/libksdk_platform.a(fsl_edma_driver.o)
 .text.DMAMUX_HAL_SetChannelCmd
                0x000030a0       0x44 C:/Downloads/Projects/Project1/VUMeter/libksdk_platform.a(fsl_edma_driver.o)
 .text.DMAMUX_HAL_SetTriggerSource
                0x000030e4       0x58 C:/Downloads/Projects/Project1/VUMeter/libksdk_platform.a(fsl_edma_driver.o)
 .text.SIM_HAL_EnableClock
                0x0000313c       0x3c C:/Downloads/Projects/Project1/VUMeter/libksdk_platform.a(fsl_edma_driver.o)
 .text.CLOCK_SYS_EnableDmaClock
                0x00003178       0x1c C:/Downloads/Projects/Project1/VUMeter/libksdk_platform.a(fsl_edma_driver.o)
 .text.CLOCK_SYS_EnableDmamuxClock
                0x00003194       0x1c C:/Downloads/Projects/Project1/VUMeter/libksdk_platform.a(fsl_edma_driver.o)
 .text.INT_SYS_EnableIRQ
                0x000031b0       0x54 C:/Downloads/Projects/Project1/VUMeter/libksdk_platform.a(fsl_edma_driver.o)
 .text.EDMA_DRV_Init
                0x00003204      0x108 C:/Downloads/Projects/Project1/VUMeter/libksdk_platform.a(fsl_edma_driver.o)
                0x00003204                EDMA_DRV_Init
 .text.EDMA_DRV_RequestChannel
                0x0000330c       0xd8 C:/Downloads/Projects/Project1/VUMeter/libksdk_platform.a(fsl_edma_driver.o)
                0x0000330c                EDMA_DRV_RequestChannel
 .text.EDMA_DRV_ClaimChannel
                0x000033e4       0xa4 C:/Downloads/Projects/Project1/VUMeter/libksdk_platform.a(fsl_edma_driver.o)
 .text.EDMA_DRV_StartChannel
                0x00003488       0x40 C:/Downloads/Projects/Project1/VUMeter/libksdk_platform.a(fsl_edma_driver.o)
                0x00003488                EDMA_DRV_StartChannel
 .text.EDMA_DRV_PushDescriptorToReg
                0x000034c8       0x44 C:/Downloads/Projects/Project1/VUMeter/libksdk_platform.a(fsl_edma_driver.o)
                0x000034c8                EDMA_DRV_PushDescriptorToReg
 .text.DMAMUX_HAL_Init
                0x0000350c       0x50 C:/Downloads/Projects/Project1/VUMeter/libksdk_platform.a(fsl_dmamux_hal.o)
                0x0000350c                DMAMUX_HAL_Init
 .text.SIM_HAL_EnableClock
                0x0000355c       0x3c C:/Downloads/Projects/Project1/VUMeter/libksdk_platform.a(fsl_clock_MK64F12.o)
 .text.CLOCK_HAL_SetExternalRefClock32kSrc
                0x00003598       0x2c C:/Downloads/Projects/Project1/VUMeter/libksdk_platform.a(fsl_clock_MK64F12.o)
 .text.CLOCK_HAL_SetPllfllSel
                0x000035c4       0x38 C:/Downloads/Projects/Project1/VUMeter/libksdk_platform.a(fsl_clock_MK64F12.o)
 .text.CLOCK_HAL_GetOutDiv1
                0x000035fc       0x24 C:/Downloads/Projects/Project1/VUMeter/libksdk_platform.a(fsl_clock_MK64F12.o)
 .text.CLOCK_HAL_GetOutDiv2
                0x00003620       0x28 C:/Downloads/Projects/Project1/VUMeter/libksdk_platform.a(fsl_clock_MK64F12.o)
 .text.CLOCK_SYS_SetSimConfigration
                0x00003648       0x44 C:/Downloads/Projects/Project1/VUMeter/libksdk_platform.a(fsl_clock_MK64F12.o)
                0x00003648                CLOCK_SYS_SetSimConfigration
 .text.CLOCK_SYS_GetSystemClockFreq
                0x0000368c       0x28 C:/Downloads/Projects/Project1/VUMeter/libksdk_platform.a(fsl_clock_MK64F12.o)
                0x0000368c                CLOCK_SYS_GetSystemClockFreq
 .text.CLOCK_SYS_GetBusClockFreq
                0x000036b4       0x28 C:/Downloads/Projects/Project1/VUMeter/libksdk_platform.a(fsl_clock_MK64F12.o)
                0x000036b4                CLOCK_SYS_GetBusClockFreq
 .text.CLOCK_SYS_GetUartFreq
                0x000036dc       0x4c C:/Downloads/Projects/Project1/VUMeter/libksdk_platform.a(fsl_clock_MK64F12.o)
                0x000036dc                CLOCK_SYS_GetUartFreq
 .text.CLOCK_SYS_EnablePortClock
                0x00003728       0x48 C:/Downloads/Projects/Project1/VUMeter/libksdk_platform.a(fsl_clock_MK64F12.o)
                0x00003728                CLOCK_SYS_EnablePortClock
 .text.CLOCK_SYS_EnableAdcClock
                0x00003770       0x48 C:/Downloads/Projects/Project1/VUMeter/libksdk_platform.a(fsl_clock_MK64F12.o)
                0x00003770                CLOCK_SYS_EnableAdcClock
 .text.CLOCK_SYS_EnableUartClock
                0x000037b8       0x48 C:/Downloads/Projects/Project1/VUMeter/libksdk_platform.a(fsl_clock_MK64F12.o)
                0x000037b8                CLOCK_SYS_EnableUartClock
 .text.SIM_HAL_EnableClock
                0x00003800       0x3c C:/Downloads/Projects/Project1/VUMeter/libksdk_platform.a(fsl_clock_manager.o)
 .text.CLOCK_HAL_SetClkOutSrc
                0x0000383c       0x30 C:/Downloads/Projects/Project1/VUMeter/libksdk_platform.a(fsl_clock_manager.o)
 .text.CLOCK_HAL_SetClksFrdivIrefs
                0x0000386c       0x54 C:/Downloads/Projects/Project1/VUMeter/libksdk_platform.a(fsl_clock_manager.o)
 .text.CLOCK_HAL_GetClkOutStat
                0x000038c0       0x24 C:/Downloads/Projects/Project1/VUMeter/libksdk_platform.a(fsl_clock_manager.o)
 .text.CLOCK_HAL_GetFllSrc
                0x000038e4       0x24 C:/Downloads/Projects/Project1/VUMeter/libksdk_platform.a(fsl_clock_manager.o)
 .text.CLOCK_HAL_IsOsc0Stable
                0x00003908       0x30 C:/Downloads/Projects/Project1/VUMeter/libksdk_platform.a(fsl_clock_manager.o)
 .text.OSC_HAL_SetExternalRefClkCmd
                0x00003938       0x24 C:/Downloads/Projects/Project1/VUMeter/libksdk_platform.a(fsl_clock_manager.o)
 .text.OSC_HAL_SetExternalRefClkInStopModeCmd
                0x0000395c       0x24 C:/Downloads/Projects/Project1/VUMeter/libksdk_platform.a(fsl_clock_manager.o)
 .text.CLOCK_SYS_EnableRtcClock
                0x00003980       0x1c C:/Downloads/Projects/Project1/VUMeter/libksdk_platform.a(fsl_clock_manager.o)
 .text.RTC_HAL_SetOsc2pfLoadCmd
                0x0000399c       0x28 C:/Downloads/Projects/Project1/VUMeter/libksdk_platform.a(fsl_clock_manager.o)
 .text.RTC_HAL_SetOsc4pfLoadCmd
                0x000039c4       0x28 C:/Downloads/Projects/Project1/VUMeter/libksdk_platform.a(fsl_clock_manager.o)
 .text.RTC_HAL_SetOsc8pfLoadCmd
                0x000039ec       0x28 C:/Downloads/Projects/Project1/VUMeter/libksdk_platform.a(fsl_clock_manager.o)
 .text.RTC_HAL_SetOsc16pfLoadCmd
                0x00003a14       0x28 C:/Downloads/Projects/Project1/VUMeter/libksdk_platform.a(fsl_clock_manager.o)
 .text.RTC_HAL_SetOscillatorCmd
                0x00003a3c       0x28 C:/Downloads/Projects/Project1/VUMeter/libksdk_platform.a(fsl_clock_manager.o)
 .text.RTC_HAL_IsOscillatorEnabled
                0x00003a64       0x2c C:/Downloads/Projects/Project1/VUMeter/libksdk_platform.a(fsl_clock_manager.o)
 .text.CLOCK_SYS_BootToPee
                0x00003a90       0xa4 C:/Downloads/Projects/Project1/VUMeter/libksdk_platform.a(fsl_clock_manager.o)
                0x00003a90                CLOCK_SYS_BootToPee
 .text.CLOCK_SYS_OscInit
                0x00003b34       0xe8 C:/Downloads/Projects/Project1/VUMeter/libksdk_platform.a(fsl_clock_manager.o)
                0x00003b34                CLOCK_SYS_OscInit
 .text.CLOCK_SYS_SetOscerConfigration
                0x00003c1c       0x3c C:/Downloads/Projects/Project1/VUMeter/libksdk_platform.a(fsl_clock_manager.o)
                0x00003c1c                CLOCK_SYS_SetOscerConfigration
 .text.CLOCK_SYS_RtcOscInit
                0x00003c58       0xa0 C:/Downloads/Projects/Project1/VUMeter/libksdk_platform.a(fsl_clock_manager.o)
                0x00003c58                CLOCK_SYS_RtcOscInit
 .text.NVIC_EnableIRQ
                0x00003cf8       0x30 C:/Downloads/Projects/Project1/VUMeter/libksdk_platform.a(fsl_adc16_driver.o)
 .text.ADC16_HAL_GetChnConvCompletedFlag
                0x00003d28       0x50 C:/Downloads/Projects/Project1/VUMeter/libksdk_platform.a(fsl_adc16_driver.o)
 .text.ADC16_HAL_GetChnConvValue
                0x00003d78       0x40 C:/Downloads/Projects/Project1/VUMeter/libksdk_platform.a(fsl_adc16_driver.o)
 .text.ADC16_HAL_SetAutoCalibrationCmd
                0x00003db8       0x34 C:/Downloads/Projects/Project1/VUMeter/libksdk_platform.a(fsl_adc16_driver.o)
 .text.ADC16_HAL_GetAutoCalibrationFailedFlag
                0x00003dec       0x2c C:/Downloads/Projects/Project1/VUMeter/libksdk_platform.a(fsl_adc16_driver.o)
 .text.ADC16_HAL_SetPlusSideGainValue
                0x00003e18       0x28 C:/Downloads/Projects/Project1/VUMeter/libksdk_platform.a(fsl_adc16_driver.o)
 .text.ADC16_HAL_SetMinusSideGainValue
                0x00003e40       0x28 C:/Downloads/Projects/Project1/VUMeter/libksdk_platform.a(fsl_adc16_driver.o)
 .text.ADC16_HAL_GetOffsetValue
                0x00003e68       0x1c C:/Downloads/Projects/Project1/VUMeter/libksdk_platform.a(fsl_adc16_driver.o)
 .text.ADC16_HAL_SetOffsetValue
                0x00003e84       0x28 C:/Downloads/Projects/Project1/VUMeter/libksdk_platform.a(fsl_adc16_driver.o)
 .text.INT_SYS_EnableIRQ
                0x00003eac       0x54 C:/Downloads/Projects/Project1/VUMeter/libksdk_platform.a(fsl_adc16_driver.o)
 .text.ADC16_DRV_GetAutoCalibrationParam
                0x00003f00       0xbc C:/Downloads/Projects/Project1/VUMeter/libksdk_platform.a(fsl_adc16_driver.o)
                0x00003f00                ADC16_DRV_GetAutoCalibrationParam
 .text.ADC16_DRV_SetCalibrationParam
                0x00003fbc       0x70 C:/Downloads/Projects/Project1/VUMeter/libksdk_platform.a(fsl_adc16_driver.o)
                0x00003fbc                ADC16_DRV_SetCalibrationParam
 .text.ADC16_DRV_Init
                0x0000402c       0x74 C:/Downloads/Projects/Project1/VUMeter/libksdk_platform.a(fsl_adc16_driver.o)
                0x0000402c                ADC16_DRV_Init
 .text.ADC16_DRV_ConfigConvChn
                0x000040a0       0x58 C:/Downloads/Projects/Project1/VUMeter/libksdk_platform.a(fsl_adc16_driver.o)
                0x000040a0                ADC16_DRV_ConfigConvChn
 .text.OSA_SemaCreate
                0x000040f8       0x4c C:/Downloads/Projects/Project1/VUMeter/libksdk_platform.a(fsl_os_abstraction_bm.o)
                0x000040f8                OSA_SemaCreate
 .text.OSA_SemaPost
                0x00004144       0x54 C:/Downloads/Projects/Project1/VUMeter/libksdk_platform.a(fsl_os_abstraction_bm.o)
                0x00004144                OSA_SemaPost
 .text.UART_HAL_Init
                0x00004198       0x74 C:/Downloads/Projects/Project1/VUMeter/libksdk_platform.a(fsl_uart_hal.o)
                0x00004198                UART_HAL_Init
 .text.UART_HAL_SetBaudRate
                0x0000420c       0xa0 C:/Downloads/Projects/Project1/VUMeter/libksdk_platform.a(fsl_uart_hal.o)
                0x0000420c                UART_HAL_SetBaudRate
 .text.UART_HAL_SetParityMode
                0x000042ac       0x40 C:/Downloads/Projects/Project1/VUMeter/libksdk_platform.a(fsl_uart_hal.o)
                0x000042ac                UART_HAL_SetParityMode
 .text.UART_HAL_Putchar
                0x000042ec       0x28 C:/Downloads/Projects/Project1/VUMeter/libksdk_platform.a(fsl_uart_hal.o)
                0x000042ec                UART_HAL_Putchar
 .text.UART_HAL_Getchar
                0x00004314       0x2c C:/Downloads/Projects/Project1/VUMeter/libksdk_platform.a(fsl_uart_hal.o)
                0x00004314                UART_HAL_Getchar
 .text.UART_HAL_SetIntMode
                0x00004340      0x114 C:/Downloads/Projects/Project1/VUMeter/libksdk_platform.a(fsl_uart_hal.o)
                0x00004340                UART_HAL_SetIntMode
 .text.UART_HAL_GetStatusFlag
                0x00004454       0xb8 C:/Downloads/Projects/Project1/VUMeter/libksdk_platform.a(fsl_uart_hal.o)
                0x00004454                UART_HAL_GetStatusFlag
 .text.UART_HAL_ClearStatusFlag
                0x0000450c       0xb0 C:/Downloads/Projects/Project1/VUMeter/libksdk_platform.a(fsl_uart_hal.o)
                0x0000450c                UART_HAL_ClearStatusFlag
 .text.UART_HAL_SetTxFifoCmd
                0x000045bc       0x5c C:/Downloads/Projects/Project1/VUMeter/libksdk_platform.a(fsl_uart_hal.o)
                0x000045bc                UART_HAL_SetTxFifoCmd
 .text.UART_HAL_SetRxFifoCmd
                0x00004618       0x5c C:/Downloads/Projects/Project1/VUMeter/libksdk_platform.a(fsl_uart_hal.o)
                0x00004618                UART_HAL_SetRxFifoCmd
 .text.UART_HAL_FlushTxFifo
                0x00004674       0x40 C:/Downloads/Projects/Project1/VUMeter/libksdk_platform.a(fsl_uart_hal.o)
                0x00004674                UART_HAL_FlushTxFifo
 .text.UART_HAL_FlushRxFifo
                0x000046b4       0x40 C:/Downloads/Projects/Project1/VUMeter/libksdk_platform.a(fsl_uart_hal.o)
                0x000046b4                UART_HAL_FlushRxFifo
 .text.UART_HAL_SetTxFifoWatermark
                0x000046f4       0x38 C:/Downloads/Projects/Project1/VUMeter/libksdk_platform.a(fsl_uart_hal.o)
                0x000046f4                UART_HAL_SetTxFifoWatermark
 .text.UART_HAL_SetRxFifoWatermark
                0x0000472c       0x38 C:/Downloads/Projects/Project1/VUMeter/libksdk_platform.a(fsl_uart_hal.o)
                0x0000472c                UART_HAL_SetRxFifoWatermark
 .text.PDB_HAL_Disable
                0x00004764       0x20 C:/Downloads/Projects/Project1/VUMeter/libksdk_platform.a(fsl_pdb_hal.o)
 .text.PDB_HAL_SetLoadValuesCmd
                0x00004784       0x20 C:/Downloads/Projects/Project1/VUMeter/libksdk_platform.a(fsl_pdb_hal.o)
 .text.PDB_HAL_Init
                0x000047a4       0xdc C:/Downloads/Projects/Project1/VUMeter/libksdk_platform.a(fsl_pdb_hal.o)
                0x000047a4                PDB_HAL_Init
 .text.PDB_HAL_ConfigTimer
                0x00004880       0xbc C:/Downloads/Projects/Project1/VUMeter/libksdk_platform.a(fsl_pdb_hal.o)
                0x00004880                PDB_HAL_ConfigTimer
 .text.PDB_HAL_SetAdcPreTriggerBackToBackEnable
                0x0000493c       0x80 C:/Downloads/Projects/Project1/VUMeter/libksdk_platform.a(fsl_pdb_hal.o)
                0x0000493c                PDB_HAL_SetAdcPreTriggerBackToBackEnable
 .text.PDB_HAL_SetAdcPreTriggerOutputEnable
                0x000049bc       0x7c C:/Downloads/Projects/Project1/VUMeter/libksdk_platform.a(fsl_pdb_hal.o)
                0x000049bc                PDB_HAL_SetAdcPreTriggerOutputEnable
 .text.PDB_HAL_SetAdcPreTriggerEnable
                0x00004a38       0x78 C:/Downloads/Projects/Project1/VUMeter/libksdk_platform.a(fsl_pdb_hal.o)
                0x00004a38                PDB_HAL_SetAdcPreTriggerEnable
 .text.PDB_HAL_SetAdcPreTriggerDelayValue
                0x00004ab0       0x60 C:/Downloads/Projects/Project1/VUMeter/libksdk_platform.a(fsl_pdb_hal.o)
                0x00004ab0                PDB_HAL_SetAdcPreTriggerDelayValue
 .text.OSC_HAL_SetCapacitor
                0x00004b10       0x2c C:/Downloads/Projects/Project1/VUMeter/libksdk_platform.a(fsl_osc_hal.o)
                0x00004b10                OSC_HAL_SetCapacitor
 .text.CLOCK_HAL_GetClkOutStat
                0x00004b3c       0x24 C:/Downloads/Projects/Project1/VUMeter/libksdk_platform.a(fsl_mcg_hal.o)
 .text.CLOCK_HAL_SetInternalRefClkMode
                0x00004b60       0x24 C:/Downloads/Projects/Project1/VUMeter/libksdk_platform.a(fsl_mcg_hal.o)
 .text.CLOCK_HAL_GetInternalRefClkMode
                0x00004b84       0x24 C:/Downloads/Projects/Project1/VUMeter/libksdk_platform.a(fsl_mcg_hal.o)
 .text.CLOCK_HAL_IsPllSelected
                0x00004ba8       0x30 C:/Downloads/Projects/Project1/VUMeter/libksdk_platform.a(fsl_mcg_hal.o)
 .text.CLOCK_HAL_IsOsc0Stable
                0x00004bd8       0x30 C:/Downloads/Projects/Project1/VUMeter/libksdk_platform.a(fsl_mcg_hal.o)
 .text.CLOCK_HAL_TestOscFreq
                0x00004c08       0x50 C:/Downloads/Projects/Project1/VUMeter/libksdk_platform.a(fsl_mcg_hal.o)
                0x00004c08                CLOCK_HAL_TestOscFreq
 .text.CLOCK_HAL_PrepareOsc
                0x00004c58       0x5c C:/Downloads/Projects/Project1/VUMeter/libksdk_platform.a(fsl_mcg_hal.o)
                0x00004c58                CLOCK_HAL_PrepareOsc
 .text.CLOCK_HAL_GetMcgExternalClkFreq
                0x00004cb4       0x28 C:/Downloads/Projects/Project1/VUMeter/libksdk_platform.a(fsl_mcg_hal.o)
 .text.CLOCK_HAL_TestFllExternalRefFreq
                0x00004cdc       0x90 C:/Downloads/Projects/Project1/VUMeter/libksdk_platform.a(fsl_mcg_hal.o)
                0x00004cdc                CLOCK_HAL_TestFllExternalRefFreq
 .text.CLOCK_HAL_GetFllRefClk
                0x00004d6c       0x74 C:/Downloads/Projects/Project1/VUMeter/libksdk_platform.a(fsl_mcg_hal.o)
                0x00004d6c                CLOCK_HAL_GetFllRefClk
 .text.CLOCK_HAL_TestFllFreq
                0x00004de0       0x5c C:/Downloads/Projects/Project1/VUMeter/libksdk_platform.a(fsl_mcg_hal.o)
                0x00004de0                CLOCK_HAL_TestFllFreq
 .text.CLOCK_HAL_GetFllClk
                0x00004e3c       0x60 C:/Downloads/Projects/Project1/VUMeter/libksdk_platform.a(fsl_mcg_hal.o)
                0x00004e3c                CLOCK_HAL_GetFllClk
 .text.CLOCK_HAL_UpdateFastClkInternalRefDiv
                0x00004e9c       0xa4 C:/Downloads/Projects/Project1/VUMeter/libksdk_platform.a(fsl_mcg_hal.o)
                0x00004e9c                CLOCK_HAL_UpdateFastClkInternalRefDiv
 .text.CLOCK_HAL_UpdateInternalRefClk
                0x00004f40       0x70 C:/Downloads/Projects/Project1/VUMeter/libksdk_platform.a(fsl_mcg_hal.o)
                0x00004f40                CLOCK_HAL_UpdateInternalRefClk
 .text.CLOCK_HAL_GetPll0RefFreq
                0x00004fb0       0x18 C:/Downloads/Projects/Project1/VUMeter/libksdk_platform.a(fsl_mcg_hal.o)
                0x00004fb0                CLOCK_HAL_GetPll0RefFreq
 .text.CLOCK_HAL_GetPll0Clk
                0x00004fc8       0x7c C:/Downloads/Projects/Project1/VUMeter/libksdk_platform.a(fsl_mcg_hal.o)
                0x00004fc8                CLOCK_HAL_GetPll0Clk
 .text.CLOCK_HAL_GetInternalRefClk
                0x00005044       0x64 C:/Downloads/Projects/Project1/VUMeter/libksdk_platform.a(fsl_mcg_hal.o)
                0x00005044                CLOCK_HAL_GetInternalRefClk
 .text.CLOCK_HAL_GetOutClk
                0x000050a8       0x68 C:/Downloads/Projects/Project1/VUMeter/libksdk_platform.a(fsl_mcg_hal.o)
                0x000050a8                CLOCK_HAL_GetOutClk
 .text.CLOCK_HAL_SetOsc0Mode
                0x00005110       0x58 C:/Downloads/Projects/Project1/VUMeter/libksdk_platform.a(fsl_mcg_hal.o)
                0x00005110                CLOCK_HAL_SetOsc0Mode
 .text.CLOCK_HAL_GetClkOutStat
                0x00005168       0x24 C:/Downloads/Projects/Project1/VUMeter/libksdk_platform.a(fsl_mcg_hal_modes.o)
 .text.CLOCK_HAL_SetPll0EnableCmd
                0x0000518c       0x28 C:/Downloads/Projects/Project1/VUMeter/libksdk_platform.a(fsl_mcg_hal_modes.o)
 .text.CLOCK_HAL_IsPll0Locked
                0x000051b4       0x30 C:/Downloads/Projects/Project1/VUMeter/libksdk_platform.a(fsl_mcg_hal_modes.o)
 .text.CLOCK_HAL_IsPllSelected
                0x000051e4       0x30 C:/Downloads/Projects/Project1/VUMeter/libksdk_platform.a(fsl_mcg_hal_modes.o)
 .text.CLOCK_HAL_SetPbeMode
                0x00005214       0xec C:/Downloads/Projects/Project1/VUMeter/libksdk_platform.a(fsl_mcg_hal_modes.o)
                0x00005214                CLOCK_HAL_SetPbeMode
 .text.INT_SYS_EnableIRQGlobal
                0x00005300       0x30 C:/Downloads/Projects/Project1/VUMeter/libksdk_platform.a(fsl_interrupt_manager.o)
                0x00005300                INT_SYS_EnableIRQGlobal
 .text.INT_SYS_DisableIRQGlobal
                0x00005330       0x1c C:/Downloads/Projects/Project1/VUMeter/libksdk_platform.a(fsl_interrupt_manager.o)
                0x00005330                INT_SYS_DisableIRQGlobal
 .text.ADC16_HAL_Init
                0x0000534c       0x38 C:/Downloads/Projects/Project1/VUMeter/libksdk_platform.a(fsl_adc16_hal.o)
                0x0000534c                ADC16_HAL_Init
 .text.ADC16_HAL_GetAutoPlusSideGainValue
                0x00005384       0x94 C:/Downloads/Projects/Project1/VUMeter/libksdk_platform.a(fsl_adc16_hal.o)
                0x00005384                ADC16_HAL_GetAutoPlusSideGainValue
 .text.ADC16_HAL_GetAutoMinusSideGainValue
                0x00005418       0x94 C:/Downloads/Projects/Project1/VUMeter/libksdk_platform.a(fsl_adc16_hal.o)
                0x00005418                ADC16_HAL_GetAutoMinusSideGainValue
 .text.ADC16_HAL_ConfigChn
                0x000054ac       0x70 C:/Downloads/Projects/Project1/VUMeter/libksdk_platform.a(fsl_adc16_hal.o)
                0x000054ac                ADC16_HAL_ConfigChn
 .text.ADC16_HAL_ConfigConverter
                0x0000551c      0x12c C:/Downloads/Projects/Project1/VUMeter/libksdk_platform.a(fsl_adc16_hal.o)
                0x0000551c                ADC16_HAL_ConfigConverter
 .text.arm_mean_f32
                0x00005648       0x64 C:\Freescale\KSDK_1.3.0/platform/CMSIS/Lib/GCC\libarm_cortexM4lf_math.a(arm_mean_f32.o)
                0x00005648                arm_mean_f32
 .text.arm_rfft_fast_init_f32
                0x000056ac      0x108 C:\Freescale\KSDK_1.3.0/platform/CMSIS/Lib/GCC\libarm_cortexM4lf_math.a(arm_rfft_fast_init_f32.o)
                0x000056ac                arm_rfft_fast_init_f32
 .text.arm_rfft_fast_f32
                0x000057b4      0x18c C:\Freescale\KSDK_1.3.0/platform/CMSIS/Lib/GCC\libarm_cortexM4lf_math.a(arm_rfft_fast_f32.o)
                0x000057b4                arm_rfft_fast_f32
 .text.arm_cfft_radix8by2_f32
                0x00005940      0x1c4 C:\Freescale\KSDK_1.3.0/platform/CMSIS/Lib/GCC\libarm_cortexM4lf_math.a(arm_cfft_f32.o)
                0x00005940                arm_cfft_radix8by2_f32
 .text.arm_cfft_radix8by4_f32
                0x00005b04      0x4e8 C:\Freescale\KSDK_1.3.0/platform/CMSIS/Lib/GCC\libarm_cortexM4lf_math.a(arm_cfft_f32.o)
                0x00005b04                arm_cfft_radix8by4_f32
 .text.arm_cfft_f32
                0x00005fec      0x100 C:\Freescale\KSDK_1.3.0/platform/CMSIS/Lib/GCC\libarm_cortexM4lf_math.a(arm_cfft_f32.o)
                0x00005fec                arm_cfft_f32
 .text.arm_cmplx_mag_f32
                0x000060ec      0x1e4 C:\Freescale\KSDK_1.3.0/platform/CMSIS/Lib/GCC\libarm_cortexM4lf_math.a(arm_cmplx_mag_f32.o)
                0x000060ec                arm_cmplx_mag_f32
 .text.arm_radix8_butterfly_f32
                0x000062d0      0x5f4 C:\Freescale\KSDK_1.3.0/platform/CMSIS/Lib/GCC\libarm_cortexM4lf_math.a(arm_cfft_radix8_f32.o)
                0x000062d0                arm_radix8_butterfly_f32
 .text.roundf   0x000068c4       0x54 c:/freescale/kds_v3/toolchain/bin/../lib/gcc/arm-none-eabi/4.8.4/../../../../arm-none-eabi/lib/armv7e-m/fpu\libm.a(lib_a-sf_round.o)
                0x000068c4                roundf
 .text.expf     0x00006918      0x104 c:/freescale/kds_v3/toolchain/bin/../lib/gcc/arm-none-eabi/4.8.4/../../../../arm-none-eabi/lib/armv7e-m/fpu\libm.a(lib_a-wf_exp.o)
                0x00006918                expf
 .text.sqrtf    0x00006a1c       0xb8 c:/freescale/kds_v3/toolchain/bin/../lib/gcc/arm-none-eabi/4.8.4/../../../../arm-none-eabi/lib/armv7e-m/fpu\libm.a(lib_a-wf_sqrt.o)
                0x00006a1c                sqrtf
 .text.__ieee754_expf
                0x00006ad4      0x1bc c:/freescale/kds_v3/toolchain/bin/../lib/gcc/arm-none-eabi/4.8.4/../../../../arm-none-eabi/lib/armv7e-m/fpu\libm.a(lib_a-ef_exp.o)
                0x00006ad4                __ieee754_expf
 .text.__ieee754_sqrtf
                0x00006c90       0xa4 c:/freescale/kds_v3/toolchain/bin/../lib/gcc/arm-none-eabi/4.8.4/../../../../arm-none-eabi/lib/armv7e-m/fpu\libm.a(lib_a-ef_sqrt.o)
                0x00006c90                __ieee754_sqrtf
 .text.matherr  0x00006d34        0x4 c:/freescale/kds_v3/toolchain/bin/../lib/gcc/arm-none-eabi/4.8.4/../../../../arm-none-eabi/lib/armv7e-m/fpu\libm.a(lib_a-s_matherr.o)
                0x00006d34                matherr
 .text.finitef  0x00006d38       0x14 c:/freescale/kds_v3/toolchain/bin/../lib/gcc/arm-none-eabi/4.8.4/../../../../arm-none-eabi/lib/armv7e-m/fpu\libm.a(lib_a-sf_finite.o)
                0x00006d38                finitef
 .text.__fpclassifyf
                0x00006d4c       0x38 c:/freescale/kds_v3/toolchain/bin/../lib/gcc/arm-none-eabi/4.8.4/../../../../arm-none-eabi/lib/armv7e-m/fpu\libm.a(lib_a-sf_fpclassify.o)
                0x00006d4c                __fpclassifyf
 .text.__assert_func
                0x00006d84       0x38 c:/freescale/kds_v3/toolchain/bin/../lib/gcc/arm-none-eabi/4.8.4/../../../../arm-none-eabi/lib/armv7e-m/fpu\libg_s.a(lib_a-assert.o)
                0x00006d84                __assert_func
 .text.__errno  0x00006dbc        0xc c:/freescale/kds_v3/toolchain/bin/../lib/gcc/arm-none-eabi/4.8.4/../../../../arm-none-eabi/lib/armv7e-m/fpu\libg_s.a(lib_a-errno.o)
                0x00006dbc                __errno
 .text.exit     0x00006dc8       0x28 c:/freescale/kds_v3/toolchain/bin/../lib/gcc/arm-none-eabi/4.8.4/../../../../arm-none-eabi/lib/armv7e-m/fpu\libg_s.a(lib_a-exit.o)
                0x00006dc8                exit
 .text.fprintf  0x00006df0       0x24 c:/freescale/kds_v3/toolchain/bin/../lib/gcc/arm-none-eabi/4.8.4/../../../../arm-none-eabi/lib/armv7e-m/fpu\libg_s.a(lib_a-fprintf.o)
                0x00006df0                fiprintf
                0x00006df0                fprintf
 .text.__libc_init_array
                0x00006e14       0x4c c:/freescale/kds_v3/toolchain/bin/../lib/gcc/arm-none-eabi/4.8.4/../../../../arm-none-eabi/lib/armv7e-m/fpu\libg_s.a(lib_a-init.o)
                0x00006e14                __libc_init_array
 .text.memset   0x00006e60       0x10 c:/freescale/kds_v3/toolchain/bin/../lib/gcc/arm-none-eabi/4.8.4/../../../../arm-none-eabi/lib/armv7e-m/fpu\libg_s.a(lib_a-memset.o)
                0x00006e60                memset
 .text._free_r  0x00006e70       0x88 c:/freescale/kds_v3/toolchain/bin/../lib/gcc/arm-none-eabi/4.8.4/../../../../arm-none-eabi/lib/armv7e-m/fpu\libg_s.a(lib_a-nano-freer.o)
                0x00006e70                _free_r
 .text._malloc_r
                0x00006ef8       0xa8 c:/freescale/kds_v3/toolchain/bin/../lib/gcc/arm-none-eabi/4.8.4/../../../../arm-none-eabi/lib/armv7e-m/fpu\libg_s.a(lib_a-nano-mallocr.o)
                0x00006ef8                _malloc_r
 .text._sbrk_r  0x00006fa0       0x20 c:/freescale/kds_v3/toolchain/bin/../lib/gcc/arm-none-eabi/4.8.4/../../../../arm-none-eabi/lib/armv7e-m/fpu\libg_s.a(lib_a-sbrkr.o)
                0x00006fa0                _sbrk_r
 .text.__sfputc_r
                0x00006fc0       0x2c c:/freescale/kds_v3/toolchain/bin/../lib/gcc/arm-none-eabi/4.8.4/../../../../arm-none-eabi/lib/armv7e-m/fpu\libg_s.a(lib_a-vfprintf.o)
 .text.__sfputs_r
                0x00006fec       0x24 c:/freescale/kds_v3/toolchain/bin/../lib/gcc/arm-none-eabi/4.8.4/../../../../arm-none-eabi/lib/armv7e-m/fpu\libg_s.a(lib_a-vfprintf.o)
                0x00006fec                __sfputs_r
 .text._vfprintf_r
                0x00007010      0x208 c:/freescale/kds_v3/toolchain/bin/../lib/gcc/arm-none-eabi/4.8.4/../../../../arm-none-eabi/lib/armv7e-m/fpu\libg_s.a(lib_a-vfprintf.o)
                0x00007010                _vfprintf_r
                0x00007010                _vfiprintf_r
 .text._printf_common
                0x00007218       0xe4 c:/freescale/kds_v3/toolchain/bin/../lib/gcc/arm-none-eabi/4.8.4/../../../../arm-none-eabi/lib/armv7e-m/fpu\libg_s.a(lib_a-vfprintf_i.o)
                0x00007218                _printf_common
 .text._printf_i
                0x000072fc      0x228 c:/freescale/kds_v3/toolchain/bin/../lib/gcc/arm-none-eabi/4.8.4/../../../../arm-none-eabi/lib/armv7e-m/fpu\libg_s.a(lib_a-vfprintf_i.o)
                0x000072fc                _printf_i
 .text.__swbuf_r
                0x00007524       0xa8 c:/freescale/kds_v3/toolchain/bin/../lib/gcc/arm-none-eabi/4.8.4/../../../../arm-none-eabi/lib/armv7e-m/fpu\libg_s.a(lib_a-wbuf.o)
                0x00007524                __swbuf_r
 .text.__swsetup_r
                0x000075cc       0xdc c:/freescale/kds_v3/toolchain/bin/../lib/gcc/arm-none-eabi/4.8.4/../../../../arm-none-eabi/lib/armv7e-m/fpu\libg_s.a(lib_a-wsetup.o)
                0x000075cc                __swsetup_r
 .text.abort    0x000076a8        0xe c:/freescale/kds_v3/toolchain/bin/../lib/gcc/arm-none-eabi/4.8.4/../../../../arm-none-eabi/lib/armv7e-m/fpu\libg_s.a(lib_a-abort.o)
                0x000076a8                abort
 .text.__sflush_r
                0x000076b6      0x106 c:/freescale/kds_v3/toolchain/bin/../lib/gcc/arm-none-eabi/4.8.4/../../../../arm-none-eabi/lib/armv7e-m/fpu\libg_s.a(lib_a-fflush.o)
                0x000076b6                __sflush_r
 .text._fflush_r
                0x000077bc       0x54 c:/freescale/kds_v3/toolchain/bin/../lib/gcc/arm-none-eabi/4.8.4/../../../../arm-none-eabi/lib/armv7e-m/fpu\libg_s.a(lib_a-fflush.o)
                0x000077bc                _fflush_r
 .text._cleanup_r
                0x00007810       0x32 c:/freescale/kds_v3/toolchain/bin/../lib/gcc/arm-none-eabi/4.8.4/../../../../arm-none-eabi/lib/armv7e-m/fpu\libg_s.a(lib_a-findfp.o)
                0x00007810                _cleanup_r
 *fill*         0x00007842        0x2 
 .text.std.isra.0
                0x00007844       0x48 c:/freescale/kds_v3/toolchain/bin/../lib/gcc/arm-none-eabi/4.8.4/../../../../arm-none-eabi/lib/armv7e-m/fpu\libg_s.a(lib_a-findfp.o)
 .text.__sfmoreglue
                0x0000788c       0x2c c:/freescale/kds_v3/toolchain/bin/../lib/gcc/arm-none-eabi/4.8.4/../../../../arm-none-eabi/lib/armv7e-m/fpu\libg_s.a(lib_a-findfp.o)
                0x0000788c                __sfmoreglue
 .text.__sinit  0x000078b8       0x60 c:/freescale/kds_v3/toolchain/bin/../lib/gcc/arm-none-eabi/4.8.4/../../../../arm-none-eabi/lib/armv7e-m/fpu\libg_s.a(lib_a-findfp.o)
                0x000078b8                __sinit
 .text.__sfp    0x00007918       0x74 c:/freescale/kds_v3/toolchain/bin/../lib/gcc/arm-none-eabi/4.8.4/../../../../arm-none-eabi/lib/armv7e-m/fpu\libg_s.a(lib_a-findfp.o)
                0x00007918                __sfp
 .text.__smakebuf_r
                0x0000798c       0x9c c:/freescale/kds_v3/toolchain/bin/../lib/gcc/arm-none-eabi/4.8.4/../../../../arm-none-eabi/lib/armv7e-m/fpu\libg_s.a(lib_a-makebuf.o)
                0x0000798c                __smakebuf_r
 .text.memchr   0x00007a28       0x1e c:/freescale/kds_v3/toolchain/bin/../lib/gcc/arm-none-eabi/4.8.4/../../../../arm-none-eabi/lib/armv7e-m/fpu\libg_s.a(lib_a-memchr-stub.o)
                0x00007a28                memchr
 .text._raise_r
                0x00007a46       0x50 c:/freescale/kds_v3/toolchain/bin/../lib/gcc/arm-none-eabi/4.8.4/../../../../arm-none-eabi/lib/armv7e-m/fpu\libg_s.a(lib_a-signal.o)
                0x00007a46                _raise_r
 *fill*         0x00007a96        0x2 
 .text.raise    0x00007a98       0x10 c:/freescale/kds_v3/toolchain/bin/../lib/gcc/arm-none-eabi/4.8.4/../../../../arm-none-eabi/lib/armv7e-m/fpu\libg_s.a(lib_a-signal.o)
                0x00007a98                raise
 .text._kill_r  0x00007aa8       0x24 c:/freescale/kds_v3/toolchain/bin/../lib/gcc/arm-none-eabi/4.8.4/../../../../arm-none-eabi/lib/armv7e-m/fpu\libg_s.a(lib_a-signalr.o)
                0x00007aa8                _kill_r
 .text._getpid_r
                0x00007acc        0x4 c:/freescale/kds_v3/toolchain/bin/../lib/gcc/arm-none-eabi/4.8.4/../../../../arm-none-eabi/lib/armv7e-m/fpu\libg_s.a(lib_a-signalr.o)
                0x00007acc                _getpid_r
 .text.__sread  0x00007ad0       0x22 c:/freescale/kds_v3/toolchain/bin/../lib/gcc/arm-none-eabi/4.8.4/../../../../arm-none-eabi/lib/armv7e-m/fpu\libg_s.a(lib_a-stdio.o)
                0x00007ad0                __sread
 .text.__swrite
                0x00007af2       0x38 c:/freescale/kds_v3/toolchain/bin/../lib/gcc/arm-none-eabi/4.8.4/../../../../arm-none-eabi/lib/armv7e-m/fpu\libg_s.a(lib_a-stdio.o)
                0x00007af2                __swrite
 .text.__sseek  0x00007b2a       0x24 c:/freescale/kds_v3/toolchain/bin/../lib/gcc/arm-none-eabi/4.8.4/../../../../arm-none-eabi/lib/armv7e-m/fpu\libg_s.a(lib_a-stdio.o)
                0x00007b2a                __sseek
 .text.__sclose
                0x00007b4e        0x8 c:/freescale/kds_v3/toolchain/bin/../lib/gcc/arm-none-eabi/4.8.4/../../../../arm-none-eabi/lib/armv7e-m/fpu\libg_s.a(lib_a-stdio.o)
                0x00007b4e                __sclose
 .text.strlen   0x00007b56       0x10 c:/freescale/kds_v3/toolchain/bin/../lib/gcc/arm-none-eabi/4.8.4/../../../../arm-none-eabi/lib/armv7e-m/fpu\libg_s.a(lib_a-strlen.o)
                0x00007b56                strlen
 *fill*         0x00007b66        0x2 
 .text._write_r
                0x00007b68       0x24 c:/freescale/kds_v3/toolchain/bin/../lib/gcc/arm-none-eabi/4.8.4/../../../../arm-none-eabi/lib/armv7e-m/fpu\libg_s.a(lib_a-writer.o)
                0x00007b68                _write_r
 .text._close_r
                0x00007b8c       0x20 c:/freescale/kds_v3/toolchain/bin/../lib/gcc/arm-none-eabi/4.8.4/../../../../arm-none-eabi/lib/armv7e-m/fpu\libg_s.a(lib_a-closer.o)
                0x00007b8c                _close_r
 .text._fstat_r
                0x00007bac       0x24 c:/freescale/kds_v3/toolchain/bin/../lib/gcc/arm-none-eabi/4.8.4/../../../../arm-none-eabi/lib/armv7e-m/fpu\libg_s.a(lib_a-fstatr.o)
                0x00007bac                _fstat_r
 .text._isatty_r
                0x00007bd0       0x20 c:/freescale/kds_v3/toolchain/bin/../lib/gcc/arm-none-eabi/4.8.4/../../../../arm-none-eabi/lib/armv7e-m/fpu\libg_s.a(lib_a-isattyr.o)
                0x00007bd0                _isatty_r
 .text._lseek_r
                0x00007bf0       0x24 c:/freescale/kds_v3/toolchain/bin/../lib/gcc/arm-none-eabi/4.8.4/../../../../arm-none-eabi/lib/armv7e-m/fpu\libg_s.a(lib_a-lseekr.o)
                0x00007bf0                _lseek_r
 .text._read_r  0x00007c14       0x24 c:/freescale/kds_v3/toolchain/bin/../lib/gcc/arm-none-eabi/4.8.4/../../../../arm-none-eabi/lib/armv7e-m/fpu\libg_s.a(lib_a-readr.o)
                0x00007c14                _read_r
 .text._close   0x00007c38       0x10 c:/freescale/kds_v3/toolchain/bin/../lib/gcc/arm-none-eabi/4.8.4/../../../../arm-none-eabi/lib/armv7e-m/fpu\libnosys.a(close.o)
                0x00007c38                _close
 .text._fstat   0x00007c48       0x10 c:/freescale/kds_v3/toolchain/bin/../lib/gcc/arm-none-eabi/4.8.4/../../../../arm-none-eabi/lib/armv7e-m/fpu\libnosys.a(fstat.o)
                0x00007c48                _fstat
 .text._getpid  0x00007c58       0x10 c:/freescale/kds_v3/toolchain/bin/../lib/gcc/arm-none-eabi/4.8.4/../../../../arm-none-eabi/lib/armv7e-m/fpu\libnosys.a(getpid.o)
                0x00007c58                _getpid
 .text._isatty  0x00007c68       0x10 c:/freescale/kds_v3/toolchain/bin/../lib/gcc/arm-none-eabi/4.8.4/../../../../arm-none-eabi/lib/armv7e-m/fpu\libnosys.a(isatty.o)
                0x00007c68                _isatty
 .text._kill    0x00007c78       0x10 c:/freescale/kds_v3/toolchain/bin/../lib/gcc/arm-none-eabi/4.8.4/../../../../arm-none-eabi/lib/armv7e-m/fpu\libnosys.a(kill.o)
                0x00007c78                _kill
 .text._lseek   0x00007c88       0x10 c:/freescale/kds_v3/toolchain/bin/../lib/gcc/arm-none-eabi/4.8.4/../../../../arm-none-eabi/lib/armv7e-m/fpu\libnosys.a(lseek.o)
                0x00007c88                _lseek
 .text._read    0x00007c98       0x10 c:/freescale/kds_v3/toolchain/bin/../lib/gcc/arm-none-eabi/4.8.4/../../../../arm-none-eabi/lib/armv7e-m/fpu\libnosys.a(read.o)
                0x00007c98                _read
 .text._sbrk    0x00007ca8       0x34 c:/freescale/kds_v3/toolchain/bin/../lib/gcc/arm-none-eabi/4.8.4/../../../../arm-none-eabi/lib/armv7e-m/fpu\libnosys.a(sbrk.o)
                0x00007ca8                _sbrk
 .text._write   0x00007cdc       0x10 c:/freescale/kds_v3/toolchain/bin/../lib/gcc/arm-none-eabi/4.8.4/../../../../arm-none-eabi/lib/armv7e-m/fpu\libnosys.a(write.o)
                0x00007cdc                _write
 .text._exit    0x00007cec        0x4 c:/freescale/kds_v3/toolchain/bin/../lib/gcc/arm-none-eabi/4.8.4/../../../../arm-none-eabi/lib/armv7e-m/fpu\libnosys.a(_exit.o)
                0x00007cec                _exit
 *(.rodata)
 .rodata        0x00007cf0       0x50 ./board/board.o
 .rodata        0x00007d40       0x64 ./Sources/edma_init.o
 .rodata        0x00007da4       0x44 ./Sources/main.o
 .rodata        0x00007de8      0x124 C:/Downloads/Projects/Project1/VUMeter/libksdk_platform.a(fsl_uart_driver.o)
 .rodata        0x00007f0c       0xe8 C:/Downloads/Projects/Project1/VUMeter/libksdk_platform.a(fsl_sim_hal_MK64F12.o)
 .rodata        0x00007ff4      0x16c C:/Downloads/Projects/Project1/VUMeter/libksdk_platform.a(fsl_pdb_driver.o)
 .rodata        0x00008160       0xb0 C:/Downloads/Projects/Project1/VUMeter/libksdk_platform.a(fsl_edma_hal.o)
 .rodata        0x00008210      0x124 C:/Downloads/Projects/Project1/VUMeter/libksdk_platform.a(fsl_edma_driver.o)
 .rodata        0x00008334      0x1f0 C:/Downloads/Projects/Project1/VUMeter/libksdk_platform.a(fsl_clock_MK64F12.o)
 .rodata        0x00008524       0xcc C:/Downloads/Projects/Project1/VUMeter/libksdk_platform.a(fsl_clock_manager.o)
 .rodata        0x000085f0      0x148 C:/Downloads/Projects/Project1/VUMeter/libksdk_platform.a(fsl_adc16_driver.o)
 .rodata        0x00008738       0x78 C:/Downloads/Projects/Project1/VUMeter/libksdk_platform.a(fsl_os_abstraction_bm.o)
 .rodata        0x000087b0       0xa8 C:/Downloads/Projects/Project1/VUMeter/libksdk_platform.a(fsl_pdb_hal.o)
 .rodata        0x00008858       0x78 C:/Downloads/Projects/Project1/VUMeter/libksdk_platform.a(fsl_adc16_hal.o)
 *(.rodata*)
 .rodata.g_defaultClockConfigRun
                0x000088d0       0x18 ./board/board.o
                0x000088d0                g_defaultClockConfigRun
 .rodata.__func__.6242
                0x000088e8       0x14 ./board/board.o
 .rodata.__func__.6474
                0x000088fc       0x1c ./Sources/edma_init.o
 .rodata.__func__.11866
                0x00008918       0x14 ./Sources/main.o
 .rodata.__func__.8526
                0x0000892c       0x10 C:/Downloads/Projects/Project1/VUMeter/libksdk_platform.a(fsl_uart_driver.o)
 .rodata.__func__.8499
                0x0000893c       0x14 C:/Downloads/Projects/Project1/VUMeter/libksdk_platform.a(fsl_uart_driver.o)
 .rodata.__func__.8583
                0x00008950       0x14 C:/Downloads/Projects/Project1/VUMeter/libksdk_platform.a(fsl_uart_driver.o)
 .rodata.__func__.8590
                0x00008964       0x1c C:/Downloads/Projects/Project1/VUMeter/libksdk_platform.a(fsl_uart_driver.o)
 .rodata.__func__.8649
                0x00008980       0x1c C:/Downloads/Projects/Project1/VUMeter/libksdk_platform.a(fsl_uart_driver.o)
 .rodata.__func__.8657
                0x0000899c       0x18 C:/Downloads/Projects/Project1/VUMeter/libksdk_platform.a(fsl_uart_driver.o)
 .rodata.__func__.8663
                0x000089b4       0x20 C:/Downloads/Projects/Project1/VUMeter/libksdk_platform.a(fsl_uart_driver.o)
 .rodata.__func__.6580
                0x000089d4       0x24 C:/Downloads/Projects/Project1/VUMeter/libksdk_platform.a(fsl_sim_hal_MK64F12.o)
 .rodata.__func__.7879
                0x000089f8       0x10 C:/Downloads/Projects/Project1/VUMeter/libksdk_platform.a(fsl_pdb_driver.o)
 .rodata.__func__.7866
                0x00008a08       0x14 C:/Downloads/Projects/Project1/VUMeter/libksdk_platform.a(fsl_pdb_driver.o)
 .rodata.__func__.7870
                0x00008a1c       0x14 C:/Downloads/Projects/Project1/VUMeter/libksdk_platform.a(fsl_pdb_driver.o)
 .rodata.__func__.7889
                0x00008a30       0x18 C:/Downloads/Projects/Project1/VUMeter/libksdk_platform.a(fsl_pdb_driver.o)
 .rodata.__func__.7909
                0x00008a48       0x18 C:/Downloads/Projects/Project1/VUMeter/libksdk_platform.a(fsl_pdb_driver.o)
 .rodata.__func__.7915
                0x00008a60       0x20 C:/Downloads/Projects/Project1/VUMeter/libksdk_platform.a(fsl_pdb_driver.o)
 .rodata.__func__.7928
                0x00008a80       0x1c C:/Downloads/Projects/Project1/VUMeter/libksdk_platform.a(fsl_pdb_driver.o)
 .rodata.__func__.7964
                0x00008a9c       0x24 C:/Downloads/Projects/Project1/VUMeter/libksdk_platform.a(fsl_pdb_driver.o)
 .rodata.__func__.6592
                0x00008ac0       0x1c C:/Downloads/Projects/Project1/VUMeter/libksdk_platform.a(fsl_edma_hal.o)
 .rodata.__func__.6598
                0x00008adc       0x18 C:/Downloads/Projects/Project1/VUMeter/libksdk_platform.a(fsl_edma_hal.o)
 .rodata.__func__.6620
                0x00008af4       0x1c C:/Downloads/Projects/Project1/VUMeter/libksdk_platform.a(fsl_edma_hal.o)
 .rodata.__func__.6626
                0x00008b10       0x18 C:/Downloads/Projects/Project1/VUMeter/libksdk_platform.a(fsl_edma_hal.o)
 .rodata.__func__.6634
                0x00008b28       0x20 C:/Downloads/Projects/Project1/VUMeter/libksdk_platform.a(fsl_edma_hal.o)
 .rodata.__func__.6383
                0x00008b48       0x18 C:/Downloads/Projects/Project1/VUMeter/libksdk_platform.a(fsl_edma_hal.o)
 .rodata.__func__.6412
                0x00008b60       0x1c C:/Downloads/Projects/Project1/VUMeter/libksdk_platform.a(fsl_edma_hal.o)
 .rodata.__func__.6388
                0x00008b7c       0x1c C:/Downloads/Projects/Project1/VUMeter/libksdk_platform.a(fsl_edma_hal.o)
 .rodata.__func__.6417
                0x00008b98       0x1c C:/Downloads/Projects/Project1/VUMeter/libksdk_platform.a(fsl_edma_hal.o)
 .rodata.__func__.6407
                0x00008bb4       0x20 C:/Downloads/Projects/Project1/VUMeter/libksdk_platform.a(fsl_edma_hal.o)
 .rodata.__func__.6422
                0x00008bd4       0x20 C:/Downloads/Projects/Project1/VUMeter/libksdk_platform.a(fsl_edma_hal.o)
 .rodata.__func__.6456
                0x00008bf4       0x18 C:/Downloads/Projects/Project1/VUMeter/libksdk_platform.a(fsl_edma_hal.o)
 .rodata.__func__.6446
                0x00008c0c       0x34 C:/Downloads/Projects/Project1/VUMeter/libksdk_platform.a(fsl_edma_hal.o)
 .rodata.g_edmaBase
                0x00008c40        0x4 C:/Downloads/Projects/Project1/VUMeter/libksdk_platform.a(fsl_edma_common.o)
                0x00008c40                g_edmaBase
 .rodata.g_dmamuxBase
                0x00008c44        0x4 C:/Downloads/Projects/Project1/VUMeter/libksdk_platform.a(fsl_edma_common.o)
                0x00008c44                g_dmamuxBase
 .rodata.g_edmaIrqId
                0x00008c48       0x10 C:/Downloads/Projects/Project1/VUMeter/libksdk_platform.a(fsl_edma_common.o)
                0x00008c48                g_edmaIrqId
 .rodata.g_edmaErrIrqId
                0x00008c58        0x4 C:/Downloads/Projects/Project1/VUMeter/libksdk_platform.a(fsl_edma_common.o)
                0x00008c58                g_edmaErrIrqId
 .rodata.__func__.8615
                0x00008c5c       0x14 C:/Downloads/Projects/Project1/VUMeter/libksdk_platform.a(fsl_edma_driver.o)
 .rodata.__func__.6755
                0x00008c70       0x1c C:/Downloads/Projects/Project1/VUMeter/libksdk_platform.a(fsl_edma_driver.o)
 .rodata.__func__.6743
                0x00008c8c       0x1c C:/Downloads/Projects/Project1/VUMeter/libksdk_platform.a(fsl_edma_driver.o)
 .rodata.portGateTable
                0x00008ca8        0x8 C:/Downloads/Projects/Project1/VUMeter/libksdk_platform.a(fsl_clock_MK64F12.o)
 .rodata.adcGateTable
                0x00008cb0        0x4 C:/Downloads/Projects/Project1/VUMeter/libksdk_platform.a(fsl_clock_MK64F12.o)
 .rodata.uartGateTable
                0x00008cb4        0x8 C:/Downloads/Projects/Project1/VUMeter/libksdk_platform.a(fsl_clock_MK64F12.o)
 .rodata.__func__.7761
                0x00008cbc       0x1c C:/Downloads/Projects/Project1/VUMeter/libksdk_platform.a(fsl_clock_MK64F12.o)
 .rodata.__func__.7774
                0x00008cd8       0x1c C:/Downloads/Projects/Project1/VUMeter/libksdk_platform.a(fsl_clock_MK64F12.o)
 .rodata.__func__.7839
                0x00008cf4       0x1c C:/Downloads/Projects/Project1/VUMeter/libksdk_platform.a(fsl_clock_MK64F12.o)
 .rodata.__func__.8048
                0x00008d10       0x14 C:/Downloads/Projects/Project1/VUMeter/libksdk_platform.a(fsl_clock_manager.o)
 .rodata.__func__.8065
                0x00008d24       0x18 C:/Downloads/Projects/Project1/VUMeter/libksdk_platform.a(fsl_clock_manager.o)
 .rodata.g_oscBase
                0x00008d3c        0x4 C:/Downloads/Projects/Project1/VUMeter/libksdk_platform.a(fsl_clock_manager_common.o)
                0x00008d3c                g_oscBase
 .rodata.__func__.7885
                0x00008d40       0x24 C:/Downloads/Projects/Project1/VUMeter/libksdk_platform.a(fsl_adc16_driver.o)
 .rodata.__func__.6173
                0x00008d64       0x24 C:/Downloads/Projects/Project1/VUMeter/libksdk_platform.a(fsl_adc16_driver.o)
 .rodata.__func__.6187
                0x00008d88       0x1c C:/Downloads/Projects/Project1/VUMeter/libksdk_platform.a(fsl_adc16_driver.o)
 .rodata.__func__.7895
                0x00008da4       0x20 C:/Downloads/Projects/Project1/VUMeter/libksdk_platform.a(fsl_adc16_driver.o)
 .rodata.__func__.7904
                0x00008dc4       0x10 C:/Downloads/Projects/Project1/VUMeter/libksdk_platform.a(fsl_adc16_driver.o)
 .rodata.__func__.7872
                0x00008dd4       0x14 C:/Downloads/Projects/Project1/VUMeter/libksdk_platform.a(fsl_adc16_driver.o)
 .rodata.__func__.7934
                0x00008de8       0x18 C:/Downloads/Projects/Project1/VUMeter/libksdk_platform.a(fsl_adc16_driver.o)
 .rodata.__func__.7893
                0x00008e00       0x10 C:/Downloads/Projects/Project1/VUMeter/libksdk_platform.a(fsl_os_abstraction_bm.o)
 .rodata.__func__.7903
                0x00008e10       0x10 C:/Downloads/Projects/Project1/VUMeter/libksdk_platform.a(fsl_os_abstraction_bm.o)
 .rodata.g_uartBase
                0x00008e20       0x18 C:/Downloads/Projects/Project1/VUMeter/libksdk_platform.a(fsl_uart_common.o)
                0x00008e20                g_uartBase
 .rodata.__func__.6217
                0x00008e38       0x2c C:/Downloads/Projects/Project1/VUMeter/libksdk_platform.a(fsl_pdb_hal.o)
 .rodata.__func__.6225
                0x00008e64       0x28 C:/Downloads/Projects/Project1/VUMeter/libksdk_platform.a(fsl_pdb_hal.o)
 .rodata.__func__.6233
                0x00008e8c       0x20 C:/Downloads/Projects/Project1/VUMeter/libksdk_platform.a(fsl_pdb_hal.o)
 .rodata.__func__.6255
                0x00008eac       0x24 C:/Downloads/Projects/Project1/VUMeter/libksdk_platform.a(fsl_pdb_hal.o)
 .rodata.g_pdbBase
                0x00008ed0        0x4 C:/Downloads/Projects/Project1/VUMeter/libksdk_platform.a(fsl_pdb_common.o)
                0x00008ed0                g_pdbBase
 .rodata.g_pdbIrqId
                0x00008ed4        0x4 C:/Downloads/Projects/Project1/VUMeter/libksdk_platform.a(fsl_pdb_common.o)
                0x00008ed4                g_pdbIrqId
 .rodata.fllFactorTable.6344
                0x00008ed8       0x10 C:/Downloads/Projects/Project1/VUMeter/libksdk_platform.a(fsl_mcg_hal.o)
 .rodata.__func__.6231
                0x00008ee8       0x14 C:/Downloads/Projects/Project1/VUMeter/libksdk_platform.a(fsl_adc16_hal.o)
 .rodata.g_adcBase
                0x00008efc        0x8 C:/Downloads/Projects/Project1/VUMeter/libksdk_platform.a(fsl_adc16_common.o)
                0x00008efc                g_adcBase
 .rodata.g_adcIrqId
                0x00008f04        0x4 C:/Downloads/Projects/Project1/VUMeter/libksdk_platform.a(fsl_adc16_common.o)
                0x00008f04                g_adcIrqId
 .rodata.twiddleCoef_2048
                0x00008f08     0x4000 C:\Freescale\KSDK_1.3.0/platform/CMSIS/Lib/GCC\libarm_cortexM4lf_math.a(arm_common_tables.o)
                0x00008f08                twiddleCoef_2048
 .rodata.twiddleCoef_rfft_64
                0x0000cf08      0x100 C:\Freescale\KSDK_1.3.0/platform/CMSIS/Lib/GCC\libarm_cortexM4lf_math.a(arm_common_tables.o)
                0x0000cf08                twiddleCoef_rfft_64
 .rodata.armBitRevIndexTable64
                0x0000d008       0x70 C:\Freescale\KSDK_1.3.0/platform/CMSIS/Lib/GCC\libarm_cortexM4lf_math.a(arm_common_tables.o)
                0x0000d008                armBitRevIndexTable64
 .rodata.twiddleCoef_rfft_2048
                0x0000d078     0x2000 C:\Freescale\KSDK_1.3.0/platform/CMSIS/Lib/GCC\libarm_cortexM4lf_math.a(arm_common_tables.o)
                0x0000d078                twiddleCoef_rfft_2048
 .rodata.twiddleCoef_rfft_4096
                0x0000f078     0x4000 C:\Freescale\KSDK_1.3.0/platform/CMSIS/Lib/GCC\libarm_cortexM4lf_math.a(arm_common_tables.o)
                0x0000f078                twiddleCoef_rfft_4096
 .rodata.twiddleCoef_256
                0x00013078      0x800 C:\Freescale\KSDK_1.3.0/platform/CMSIS/Lib/GCC\libarm_cortexM4lf_math.a(arm_common_tables.o)
                0x00013078                twiddleCoef_256
 .rodata.twiddleCoef_16
                0x00013878       0x80 C:\Freescale\KSDK_1.3.0/platform/CMSIS/Lib/GCC\libarm_cortexM4lf_math.a(arm_common_tables.o)
                0x00013878                twiddleCoef_16
 .rodata.twiddleCoef_1024
                0x000138f8     0x2000 C:\Freescale\KSDK_1.3.0/platform/CMSIS/Lib/GCC\libarm_cortexM4lf_math.a(arm_common_tables.o)
                0x000138f8                twiddleCoef_1024
 .rodata.twiddleCoef_32
                0x000158f8      0x100 C:\Freescale\KSDK_1.3.0/platform/CMSIS/Lib/GCC\libarm_cortexM4lf_math.a(arm_common_tables.o)
                0x000158f8                twiddleCoef_32
 .rodata.armBitRevIndexTable1024
                0x000159f8      0xe10 C:\Freescale\KSDK_1.3.0/platform/CMSIS/Lib/GCC\libarm_cortexM4lf_math.a(arm_common_tables.o)
                0x000159f8                armBitRevIndexTable1024
 .rodata.armBitRevIndexTable16
                0x00016808       0x28 C:\Freescale\KSDK_1.3.0/platform/CMSIS/Lib/GCC\libarm_cortexM4lf_math.a(arm_common_tables.o)
                0x00016808                armBitRevIndexTable16
 .rodata.twiddleCoef_rfft_32
                0x00016830       0x80 C:\Freescale\KSDK_1.3.0/platform/CMSIS/Lib/GCC\libarm_cortexM4lf_math.a(arm_common_tables.o)
                0x00016830                twiddleCoef_rfft_32
 .rodata.armBitRevIndexTable32
                0x000168b0       0x60 C:\Freescale\KSDK_1.3.0/platform/CMSIS/Lib/GCC\libarm_cortexM4lf_math.a(arm_common_tables.o)
                0x000168b0                armBitRevIndexTable32
 .rodata.twiddleCoef_128
                0x00016910      0x400 C:\Freescale\KSDK_1.3.0/platform/CMSIS/Lib/GCC\libarm_cortexM4lf_math.a(arm_common_tables.o)
                0x00016910                twiddleCoef_128
 .rodata.twiddleCoef_512
                0x00016d10     0x1000 C:\Freescale\KSDK_1.3.0/platform/CMSIS/Lib/GCC\libarm_cortexM4lf_math.a(arm_common_tables.o)
                0x00016d10                twiddleCoef_512
 .rodata.armBitRevIndexTable2048
                0x00017d10     0x1dc0 C:\Freescale\KSDK_1.3.0/platform/CMSIS/Lib/GCC\libarm_cortexM4lf_math.a(arm_common_tables.o)
                0x00017d10                armBitRevIndexTable2048
 .rodata.twiddleCoef_64
                0x00019ad0      0x200 C:\Freescale\KSDK_1.3.0/platform/CMSIS/Lib/GCC\libarm_cortexM4lf_math.a(arm_common_tables.o)
                0x00019ad0                twiddleCoef_64
 .rodata.twiddleCoef_rfft_512
                0x00019cd0      0x800 C:\Freescale\KSDK_1.3.0/platform/CMSIS/Lib/GCC\libarm_cortexM4lf_math.a(arm_common_tables.o)
                0x00019cd0                twiddleCoef_rfft_512
 .rodata.armBitRevIndexTable512
                0x0001a4d0      0x380 C:\Freescale\KSDK_1.3.0/platform/CMSIS/Lib/GCC\libarm_cortexM4lf_math.a(arm_common_tables.o)
                0x0001a4d0                armBitRevIndexTable512
 .rodata.twiddleCoef_rfft_1024
                0x0001a850     0x1000 C:\Freescale\KSDK_1.3.0/platform/CMSIS/Lib/GCC\libarm_cortexM4lf_math.a(arm_common_tables.o)
                0x0001a850                twiddleCoef_rfft_1024
 .rodata.twiddleCoef_rfft_256
                0x0001b850      0x400 C:\Freescale\KSDK_1.3.0/platform/CMSIS/Lib/GCC\libarm_cortexM4lf_math.a(arm_common_tables.o)
                0x0001b850                twiddleCoef_rfft_256
 .rodata.armBitRevIndexTable256
                0x0001bc50      0x370 C:\Freescale\KSDK_1.3.0/platform/CMSIS/Lib/GCC\libarm_cortexM4lf_math.a(arm_common_tables.o)
                0x0001bc50                armBitRevIndexTable256
 .rodata.twiddleCoef_rfft_128
                0x0001bfc0      0x200 C:\Freescale\KSDK_1.3.0/platform/CMSIS/Lib/GCC\libarm_cortexM4lf_math.a(arm_common_tables.o)
                0x0001bfc0                twiddleCoef_rfft_128
 .rodata.armBitRevIndexTable128
                0x0001c1c0      0x1a0 C:\Freescale\KSDK_1.3.0/platform/CMSIS/Lib/GCC\libarm_cortexM4lf_math.a(arm_common_tables.o)
                0x0001c1c0                armBitRevIndexTable128
 .rodata.str1.4
                0x0001c360        0x5 c:/freescale/kds_v3/toolchain/bin/../lib/gcc/arm-none-eabi/4.8.4/../../../../arm-none-eabi/lib/armv7e-m/fpu\libm.a(lib_a-wf_exp.o)
                                  0x8 (size before relaxing)
 *fill*         0x0001c365        0x3 
 .rodata.str1.4
                0x0001c368        0x8 c:/freescale/kds_v3/toolchain/bin/../lib/gcc/arm-none-eabi/4.8.4/../../../../arm-none-eabi/lib/armv7e-m/fpu\libm.a(lib_a-wf_sqrt.o)
 .rodata.halF   0x0001c370        0x8 c:/freescale/kds_v3/toolchain/bin/../lib/gcc/arm-none-eabi/4.8.4/../../../../arm-none-eabi/lib/armv7e-m/fpu\libm.a(lib_a-ef_exp.o)
 .rodata.ln2LO  0x0001c378        0x8 c:/freescale/kds_v3/toolchain/bin/../lib/gcc/arm-none-eabi/4.8.4/../../../../arm-none-eabi/lib/armv7e-m/fpu\libm.a(lib_a-ef_exp.o)
 .rodata.ln2HI  0x0001c380        0x8 c:/freescale/kds_v3/toolchain/bin/../lib/gcc/arm-none-eabi/4.8.4/../../../../arm-none-eabi/lib/armv7e-m/fpu\libm.a(lib_a-ef_exp.o)
 .rodata.str1.1
                0x0001c388       0x3c c:/freescale/kds_v3/toolchain/bin/../lib/gcc/arm-none-eabi/4.8.4/../../../../arm-none-eabi/lib/armv7e-m/fpu\libg_s.a(lib_a-assert.o)
                                 0x3d (size before relaxing)
 .rodata.str1.1
                0x0001c3c4        0x2 c:/freescale/kds_v3/toolchain/bin/../lib/gcc/arm-none-eabi/4.8.4/../../../../arm-none-eabi/lib/armv7e-m/fpu\libg_s.a(lib_a-impure.o)
 *fill*         0x0001c3c6        0x2 
 .rodata._global_impure_ptr
                0x0001c3c8        0x4 c:/freescale/kds_v3/toolchain/bin/../lib/gcc/arm-none-eabi/4.8.4/../../../../arm-none-eabi/lib/armv7e-m/fpu\libg_s.a(lib_a-impure.o)
                0x0001c3c8                _global_impure_ptr
 .rodata.str1.1
                0x0001c3cc       0x11 c:/freescale/kds_v3/toolchain/bin/../lib/gcc/arm-none-eabi/4.8.4/../../../../arm-none-eabi/lib/armv7e-m/fpu\libg_s.a(lib_a-vfprintf.o)
 .rodata.str1.1
                0x0001c3dd       0x22 c:/freescale/kds_v3/toolchain/bin/../lib/gcc/arm-none-eabi/4.8.4/../../../../arm-none-eabi/lib/armv7e-m/fpu\libg_s.a(lib_a-vfprintf_i.o)
 *fill*         0x0001c3ff        0x1 
 .rodata.__sf_fake_stdin
                0x0001c400       0x20 c:/freescale/kds_v3/toolchain/bin/../lib/gcc/arm-none-eabi/4.8.4/../../../../arm-none-eabi/lib/armv7e-m/fpu\libg_s.a(lib_a-findfp.o)
                0x0001c400                __sf_fake_stdin
 .rodata.__sf_fake_stdout
                0x0001c420       0x20 c:/freescale/kds_v3/toolchain/bin/../lib/gcc/arm-none-eabi/4.8.4/../../../../arm-none-eabi/lib/armv7e-m/fpu\libg_s.a(lib_a-findfp.o)
                0x0001c420                __sf_fake_stdout
 .rodata.__sf_fake_stderr
                0x0001c440       0x20 c:/freescale/kds_v3/toolchain/bin/../lib/gcc/arm-none-eabi/4.8.4/../../../../arm-none-eabi/lib/armv7e-m/fpu\libg_s.a(lib_a-findfp.o)
                0x0001c440                __sf_fake_stderr
 *(.glue_7)
 .glue_7        0x00000000        0x0 linker stubs
 *(.glue_7t)
 .glue_7t       0x00000000        0x0 linker stubs
 *(.eh_frame)
 .eh_frame      0x0001c460        0x0 c:/freescale/kds_v3/toolchain/bin/../lib/gcc/arm-none-eabi/4.8.4/armv7e-m/fpu/crtbegin.o
 *(.init)
 .init          0x0001c460        0x4 c:/freescale/kds_v3/toolchain/bin/../lib/gcc/arm-none-eabi/4.8.4/armv7e-m/fpu/crti.o
                0x0001c460                _init
 .init          0x0001c464        0x8 c:/freescale/kds_v3/toolchain/bin/../lib/gcc/arm-none-eabi/4.8.4/armv7e-m/fpu/crtn.o
 *(.fini)
 .fini          0x0001c46c        0x4 c:/freescale/kds_v3/toolchain/bin/../lib/gcc/arm-none-eabi/4.8.4/armv7e-m/fpu/crti.o
                0x0001c46c                _fini
 .fini          0x0001c470        0x8 c:/freescale/kds_v3/toolchain/bin/../lib/gcc/arm-none-eabi/4.8.4/armv7e-m/fpu/crtn.o
                0x0001c478                . = ALIGN (0x4)

.vfp11_veneer   0x0001c478        0x0
 .vfp11_veneer  0x00000000        0x0 linker stubs

.v4_bx          0x0001c478        0x0
 .v4_bx         0x00000000        0x0 linker stubs

.iplt           0x0001c478        0x0
 .iplt          0x00000000        0x0 c:/freescale/kds_v3/toolchain/bin/../lib/gcc/arm-none-eabi/4.8.4/armv7e-m/fpu/crtbegin.o

.ARM.extab
 *(.ARM.extab* .gnu.linkonce.armextab.*)

.ARM            0x0001c478        0x8
                0x0001c478                __exidx_start = .
 *(.ARM.exidx*)
 .ARM.exidx     0x0001c478        0x8 c:/freescale/kds_v3/toolchain/bin/../lib/gcc/arm-none-eabi/4.8.4/../../../../arm-none-eabi/lib/armv7e-m/fpu/crt0.o
                0x0001c480                __exidx_end = .

.rel.dyn        0x0001c480        0x0
 .rel.iplt      0x00000000        0x0 c:/freescale/kds_v3/toolchain/bin/../lib/gcc/arm-none-eabi/4.8.4/armv7e-m/fpu/crtbegin.o

.ctors          0x0001c480        0x0
                0x0001c480                __CTOR_LIST__ = .
 *crtbegin.o(.ctors)
 *crtbegin?.o(.ctors)
 *(EXCLUDE_FILE(*crtend.o *crtend?.o) .ctors)
 *(SORT(.ctors.*))
 *(.ctors)
                0x0001c480                __CTOR_END__ = .

.dtors          0x0001c480        0x0
                0x0001c480                __DTOR_LIST__ = .
 *crtbegin.o(.dtors)
 *crtbegin?.o(.dtors)
 *(EXCLUDE_FILE(*crtend.o *crtend?.o) .dtors)
 *(SORT(.dtors.*))
 *(.dtors)
                0x0001c480                __DTOR_END__ = .

.preinit_array  0x0001c480        0x0
                0x0001c480                PROVIDE (__preinit_array_start, .)
 *(.preinit_array*)
                0x0001c480                PROVIDE (__preinit_array_end, .)

.init_array     0x0001c480        0x4
                0x0001c480                PROVIDE (__init_array_start, .)
 *(SORT(.init_array.*))
 *(.init_array*)
 .init_array    0x0001c480        0x4 c:/freescale/kds_v3/toolchain/bin/../lib/gcc/arm-none-eabi/4.8.4/armv7e-m/fpu/crtbegin.o
                0x0001c484                PROVIDE (__init_array_end, .)

.fini_array     0x0001c484        0x4
                0x0001c484                PROVIDE (__fini_array_start, .)
 *(SORT(.fini_array.*))
 *(.fini_array*)
 .fini_array    0x0001c484        0x4 c:/freescale/kds_v3/toolchain/bin/../lib/gcc/arm-none-eabi/4.8.4/armv7e-m/fpu/crtbegin.o
                0x0001c488                PROVIDE (__fini_array_end, .)
                0x0001c488                __etext = .
                0x0001c488                __DATA_ROM = .

.interrupts_ram
                0x1fff0000        0x0
                0x1fff0000                . = ALIGN (0x4)
                0x1fff0000                __VECTOR_RAM__ = .
                0x1fff0000                __interrupts_ram_start__ = .
 *(.m_interrupts_ram)
                0x1fff0000                . = (. + M_VECTOR_RAM_SIZE)
                0x1fff0000                . = ALIGN (0x4)
                0x1fff0000                __interrupts_ram_end__ = .
                0x00000000                __VECTOR_RAM = DEFINED (__ram_vector_table__)?__VECTOR_RAM__:ORIGIN (m_interrupts)
                0x00000000                __RAM_VECTOR_TABLE_SIZE_BYTES = DEFINED (__ram_vector_table__)?(__interrupts_ram_end__ - __interrupts_ram_start__):0x0

.data           0x1fff0000       0x88 load address 0x0001c488
                0x1fff0000                . = ALIGN (0x4)
                0x1fff0000                __DATA_RAM = .
                0x1fff0000                __data_start__ = .
 *(.data)
 *(.data*)
 .data.sBufferIdx
                0x1fff0000        0x8 ./Sources/edma_init.o
 .data.SystemCoreClock
                0x1fff0008        0x4 ./Project_Settings/Startup_Code/system_MK64F12.o
                0x1fff0008                SystemCoreClock
 .data.g_uartRxTxIrqId
                0x1fff000c        0x8 C:/Downloads/Projects/Project1/VUMeter/libksdk_platform.a(fsl_uart_common.o)
                0x1fff000c                g_uartRxTxIrqId
 .data.g_fastInternalRefClkFreq
                0x1fff0014        0x4 C:/Downloads/Projects/Project1/VUMeter/libksdk_platform.a(fsl_mcg_hal.o)
                0x1fff0014                g_fastInternalRefClkFreq
 .data.g_slowInternalRefClkFreq
                0x1fff0018        0x4 C:/Downloads/Projects/Project1/VUMeter/libksdk_platform.a(fsl_mcg_hal.o)
                0x1fff0018                g_slowInternalRefClkFreq
 .data.__fdlib_version
                0x1fff001c        0x1 c:/freescale/kds_v3/toolchain/bin/../lib/gcc/arm-none-eabi/4.8.4/../../../../arm-none-eabi/lib/armv7e-m/fpu\libm.a(lib_a-s_lib_ver.o)
                0x1fff001c                __fdlib_version
 *fill*         0x1fff001d        0x3 
 .data.impure_data
                0x1fff0020       0x60 c:/freescale/kds_v3/toolchain/bin/../lib/gcc/arm-none-eabi/4.8.4/../../../../arm-none-eabi/lib/armv7e-m/fpu\libg_s.a(lib_a-impure.o)
 .data._impure_ptr
                0x1fff0080        0x4 c:/freescale/kds_v3/toolchain/bin/../lib/gcc/arm-none-eabi/4.8.4/../../../../arm-none-eabi/lib/armv7e-m/fpu\libg_s.a(lib_a-impure.o)
                0x1fff0080                _impure_ptr
 *(.jcr*)
 .jcr           0x1fff0084        0x0 c:/freescale/kds_v3/toolchain/bin/../lib/gcc/arm-none-eabi/4.8.4/armv7e-m/fpu/crtbegin.o
 .jcr           0x1fff0084        0x4 c:/freescale/kds_v3/toolchain/bin/../lib/gcc/arm-none-eabi/4.8.4/armv7e-m/fpu/crtend.o
                0x1fff0088                . = ALIGN (0x4)
                0x1fff0088                __data_end__ = .
                0x0001c510                __DATA_END = (__DATA_ROM + (__data_end__ - __data_start__))
                0x00100000                text_end = (ORIGIN (m_text) + 0xffbf0)
                0x00000001                ASSERT ((__DATA_END <= text_end), region m_text overflowed with text and data)

.igot.plt       0x1fff0088        0x0 load address 0x0001c510
 .igot.plt      0x00000000        0x0 c:/freescale/kds_v3/toolchain/bin/../lib/gcc/arm-none-eabi/4.8.4/armv7e-m/fpu/crtbegin.o

.bss            0x1fff0088     0x30b8 load address 0x0001c510
                0x1fff0088                . = ALIGN (0x4)
                0x1fff0088                __START_BSS = .
                0x1fff0088                __bss_start__ = .
 *(.bss)
 .bss           0x1fff0088       0x1c c:/freescale/kds_v3/toolchain/bin/../lib/gcc/arm-none-eabi/4.8.4/armv7e-m/fpu/crtbegin.o
 *(.bss*)
 .bss.sampleBuffer
                0x1fff00a4     0x3000 ./Sources/edma_init.o
 .bss.Chn_State
                0x1fff30a4       0x20 ./Sources/edma_init.o
 .bss.stcd      0x1fff30c4       0x40 ./Sources/edma_init.o
 .bss.bufferStatus
                0x1fff3104        0x1 ./Sources/edma_init.o
 *fill*         0x1fff3105        0x3 
 .bss.g_edma    0x1fff3108        0x4 C:/Downloads/Projects/Project1/VUMeter/libksdk_platform.a(fsl_edma_driver.o)
                0x1fff3108                g_edma
 .bss.g_uartStatePtr
                0x1fff310c       0x18 C:/Downloads/Projects/Project1/VUMeter/libksdk_platform.a(fsl_uart_common.o)
                0x1fff310c                g_uartStatePtr
 .bss.g_xtal0ClkFreq
                0x1fff3124        0x4 C:/Downloads/Projects/Project1/VUMeter/libksdk_platform.a(fsl_mcg_hal.o)
                0x1fff3124                g_xtal0ClkFreq
 .bss.g_xtalRtcClkFreq
                0x1fff3128        0x4 C:/Downloads/Projects/Project1/VUMeter/libksdk_platform.a(fsl_mcg_hal.o)
                0x1fff3128                g_xtalRtcClkFreq
 .bss.g_interruptDisableCount
                0x1fff312c        0x4 C:/Downloads/Projects/Project1/VUMeter/libksdk_platform.a(fsl_interrupt_manager.o)
                0x1fff312c                g_interruptDisableCount
 .bss.__malloc_sbrk_start
                0x1fff3130        0x4 c:/freescale/kds_v3/toolchain/bin/../lib/gcc/arm-none-eabi/4.8.4/../../../../arm-none-eabi/lib/armv7e-m/fpu\libg_s.a(lib_a-nano-mallocr.o)
                0x1fff3130                __malloc_sbrk_start
 .bss.__malloc_free_list
                0x1fff3134        0x4 c:/freescale/kds_v3/toolchain/bin/../lib/gcc/arm-none-eabi/4.8.4/../../../../arm-none-eabi/lib/armv7e-m/fpu\libg_s.a(lib_a-nano-mallocr.o)
                0x1fff3134                __malloc_free_list
 .bss.heap_end.4246
                0x1fff3138        0x4 c:/freescale/kds_v3/toolchain/bin/../lib/gcc/arm-none-eabi/4.8.4/../../../../arm-none-eabi/lib/armv7e-m/fpu\libnosys.a(sbrk.o)
 *(COMMON)
 COMMON         0x1fff313c        0x4 c:/freescale/kds_v3/toolchain/bin/../lib/gcc/arm-none-eabi/4.8.4/../../../../arm-none-eabi/lib/armv7e-m/fpu\libg_s.a(lib_a-reent.o)
                0x1fff313c                errno
                0x1fff3140                . = ALIGN (0x4)
                0x1fff3140                __bss_end__ = .
                0x1fff3140                __END_BSS = .

.heap           0x20000000      0x400
                0x20000000                . = ALIGN (0x8)
                0x20000000                __end__ = .
                0x20000000                PROVIDE (end, .)
                0x20000000                __HeapBase = .
                0x20000400                . = (. + HEAP_SIZE)
 *fill*         0x20000000      0x400 
                0x20000400                __HeapLimit = .

.stack          0x20000400      0x400
                0x20000400                . = ALIGN (0x8)
                0x20000800                . = (. + STACK_SIZE)
 *fill*         0x20000400      0x400 
                0x20030000                __StackTop = (ORIGIN (m_data_2) + 0x30000)
                0x2002fc00                __StackLimit = (__StackTop - STACK_SIZE)
                0x20030000                PROVIDE (__stack, __StackTop)

.ARM.attributes
                0x00000000       0x30
 *(.ARM.attributes)
 .ARM.attributes
                0x00000000       0x22 c:/freescale/kds_v3/toolchain/bin/../lib/gcc/arm-none-eabi/4.8.4/armv7e-m/fpu/crti.o
 .ARM.attributes
                0x00000022       0x34 c:/freescale/kds_v3/toolchain/bin/../lib/gcc/arm-none-eabi/4.8.4/armv7e-m/fpu/crtbegin.o
 .ARM.attributes
                0x00000056       0x20 c:/freescale/kds_v3/toolchain/bin/../lib/gcc/arm-none-eabi/4.8.4/../../../../arm-none-eabi/lib/armv7e-m/fpu/crt0.o
 .ARM.attributes
                0x00000076       0x39 ./board/board.o
 .ARM.attributes
                0x000000af       0x39 ./Sources/edma_init.o
 .ARM.attributes
                0x000000e8       0x39 ./Sources/main.o
 .ARM.attributes
                0x00000121       0x39 ./Sources/perf_init.o
 .ARM.attributes
                0x0000015a       0x39 ./Project_Settings/Startup_Code/startup.o
 .ARM.attributes
                0x00000193       0x1f ./Project_Settings/Startup_Code/startup_MK64F12.o
 .ARM.attributes
                0x000001b2       0x39 ./Project_Settings/Startup_Code/system_MK64F12.o
 .ARM.attributes
                0x000001eb       0x39 C:/Downloads/Projects/Project1/VUMeter/libksdk_platform.a(fsl_uart_driver.o)
 .ARM.attributes
                0x00000224       0x39 C:/Downloads/Projects/Project1/VUMeter/libksdk_platform.a(fsl_sim_hal_MK64F12.o)
 .ARM.attributes
                0x0000025d       0x39 C:/Downloads/Projects/Project1/VUMeter/libksdk_platform.a(fsl_pdb_driver.o)
 .ARM.attributes
                0x00000296       0x39 C:/Downloads/Projects/Project1/VUMeter/libksdk_platform.a(fsl_edma_hal.o)
 .ARM.attributes
                0x000002cf       0x39 C:/Downloads/Projects/Project1/VUMeter/libksdk_platform.a(fsl_edma_common.o)
 .ARM.attributes
                0x00000308       0x39 C:/Downloads/Projects/Project1/VUMeter/libksdk_platform.a(fsl_edma_driver.o)
 .ARM.attributes
                0x00000341       0x39 C:/Downloads/Projects/Project1/VUMeter/libksdk_platform.a(fsl_dmamux_hal.o)
 .ARM.attributes
                0x0000037a       0x39 C:/Downloads/Projects/Project1/VUMeter/libksdk_platform.a(fsl_clock_MK64F12.o)
 .ARM.attributes
                0x000003b3       0x39 C:/Downloads/Projects/Project1/VUMeter/libksdk_platform.a(fsl_clock_manager.o)
 .ARM.attributes
                0x000003ec       0x39 C:/Downloads/Projects/Project1/VUMeter/libksdk_platform.a(fsl_clock_manager_common.o)
 .ARM.attributes
                0x00000425       0x39 C:/Downloads/Projects/Project1/VUMeter/libksdk_platform.a(fsl_adc16_driver.o)
 .ARM.attributes
                0x0000045e       0x39 C:/Downloads/Projects/Project1/VUMeter/libksdk_platform.a(fsl_os_abstraction_bm.o)
 .ARM.attributes
                0x00000497       0x39 C:/Downloads/Projects/Project1/VUMeter/libksdk_platform.a(fsl_uart_hal.o)
 .ARM.attributes
                0x000004d0       0x39 C:/Downloads/Projects/Project1/VUMeter/libksdk_platform.a(fsl_uart_common.o)
 .ARM.attributes
                0x00000509       0x39 C:/Downloads/Projects/Project1/VUMeter/libksdk_platform.a(fsl_pdb_hal.o)
 .ARM.attributes
                0x00000542       0x39 C:/Downloads/Projects/Project1/VUMeter/libksdk_platform.a(fsl_pdb_common.o)
 .ARM.attributes
                0x0000057b       0x39 C:/Downloads/Projects/Project1/VUMeter/libksdk_platform.a(fsl_osc_hal.o)
 .ARM.attributes
                0x000005b4       0x39 C:/Downloads/Projects/Project1/VUMeter/libksdk_platform.a(fsl_mcg_hal.o)
 .ARM.attributes
                0x000005ed       0x39 C:/Downloads/Projects/Project1/VUMeter/libksdk_platform.a(fsl_mcg_hal_modes.o)
 .ARM.attributes
                0x00000626       0x39 C:/Downloads/Projects/Project1/VUMeter/libksdk_platform.a(fsl_interrupt_manager.o)
 .ARM.attributes
                0x0000065f       0x39 C:/Downloads/Projects/Project1/VUMeter/libksdk_platform.a(fsl_adc16_hal.o)
 .ARM.attributes
                0x00000698       0x39 C:/Downloads/Projects/Project1/VUMeter/libksdk_platform.a(fsl_adc16_common.o)
 .ARM.attributes
                0x000006d1       0x39 C:\Freescale\KSDK_1.3.0/platform/CMSIS/Lib/GCC\libarm_cortexM4lf_math.a(arm_mean_f32.o)
 .ARM.attributes
                0x0000070a       0x39 C:\Freescale\KSDK_1.3.0/platform/CMSIS/Lib/GCC\libarm_cortexM4lf_math.a(arm_rfft_fast_init_f32.o)
 .ARM.attributes
                0x00000743       0x39 C:\Freescale\KSDK_1.3.0/platform/CMSIS/Lib/GCC\libarm_cortexM4lf_math.a(arm_rfft_fast_f32.o)
 .ARM.attributes