Archive member included because of file (symbol)

C:/Downloads/Projects/GraphicSpectrumVU/VUMeter/libksdk_platform.a(fsl_uart_driver.o)
                              ./Sources/main.o (UART_DRV_Init)
C:/Downloads/Projects/GraphicSpectrumVU/VUMeter/libksdk_platform.a(fsl_sim_hal_MK64F12.o)
                              ./Sources/perf_init.o (SIM_HAL_SetAdcAlternativeTriggerCmd)
C:/Downloads/Projects/GraphicSpectrumVU/VUMeter/libksdk_platform.a(fsl_pdb_driver.o)
                              ./Sources/perf_init.o (PDB_DRV_Init)
C:/Downloads/Projects/GraphicSpectrumVU/VUMeter/libksdk_platform.a(fsl_gpio_driver.o)
                              ./board/board.o (GPIO_DRV_Init)
C:/Downloads/Projects/GraphicSpectrumVU/VUMeter/libksdk_platform.a(fsl_edma_hal.o)
                              ./Sources/edma_init.o (EDMA_HAL_SetDmaRequestCmd)
C:/Downloads/Projects/GraphicSpectrumVU/VUMeter/libksdk_platform.a(fsl_edma_common.o)
                              ./Sources/edma_init.o (g_edmaBase)
C:/Downloads/Projects/GraphicSpectrumVU/VUMeter/libksdk_platform.a(fsl_edma_driver.o)
                              ./Sources/edma_init.o (EDMA_DRV_Init)
C:/Downloads/Projects/GraphicSpectrumVU/VUMeter/libksdk_platform.a(fsl_dmamux_hal.o)
                              C:/Downloads/Projects/GraphicSpectrumVU/VUMeter/libksdk_platform.a(fsl_edma_driver.o) (DMAMUX_HAL_Init)
C:/Downloads/Projects/GraphicSpectrumVU/VUMeter/libksdk_platform.a(fsl_clock_MK64F12.o)
                              ./board/board.o (CLOCK_SYS_SetSimConfigration)
C:/Downloads/Projects/GraphicSpectrumVU/VUMeter/libksdk_platform.a(fsl_clock_manager.o)
                              ./board/board.o (CLOCK_SYS_BootToPee)
C:/Downloads/Projects/GraphicSpectrumVU/VUMeter/libksdk_platform.a(fsl_clock_manager_common.o)
                              C:/Downloads/Projects/GraphicSpectrumVU/VUMeter/libksdk_platform.a(fsl_clock_MK64F12.o) (g_oscBase)
C:/Downloads/Projects/GraphicSpectrumVU/VUMeter/libksdk_platform.a(fsl_adc16_driver.o)
                              ./Sources/perf_init.o (ADC16_DRV_GetAutoCalibrationParam)
C:/Downloads/Projects/GraphicSpectrumVU/VUMeter/libksdk_platform.a(fsl_os_abstraction_bm.o)
                              C:/Downloads/Projects/GraphicSpectrumVU/VUMeter/libksdk_platform.a(fsl_uart_driver.o) (OSA_SemaCreate)
C:/Downloads/Projects/GraphicSpectrumVU/VUMeter/libksdk_platform.a(fsl_uart_hal.o)
                              C:/Downloads/Projects/GraphicSpectrumVU/VUMeter/libksdk_platform.a(fsl_uart_driver.o) (UART_HAL_Init)
C:/Downloads/Projects/GraphicSpectrumVU/VUMeter/libksdk_platform.a(fsl_uart_common.o)
                              C:/Downloads/Projects/GraphicSpectrumVU/VUMeter/libksdk_platform.a(fsl_uart_driver.o) (g_uartStatePtr)
C:/Downloads/Projects/GraphicSpectrumVU/VUMeter/libksdk_platform.a(fsl_pdb_hal.o)
                              C:/Downloads/Projects/GraphicSpectrumVU/VUMeter/libksdk_platform.a(fsl_pdb_driver.o) (PDB_HAL_Init)
C:/Downloads/Projects/GraphicSpectrumVU/VUMeter/libksdk_platform.a(fsl_pdb_common.o)
                              C:/Downloads/Projects/GraphicSpectrumVU/VUMeter/libksdk_platform.a(fsl_pdb_driver.o) (g_pdbBase)
C:/Downloads/Projects/GraphicSpectrumVU/VUMeter/libksdk_platform.a(fsl_osc_hal.o)
                              C:/Downloads/Projects/GraphicSpectrumVU/VUMeter/libksdk_platform.a(fsl_clock_manager.o) (OSC_HAL_SetCapacitor)
C:/Downloads/Projects/GraphicSpectrumVU/VUMeter/libksdk_platform.a(fsl_mcg_hal.o)
                              C:/Downloads/Projects/GraphicSpectrumVU/VUMeter/libksdk_platform.a(fsl_clock_MK64F12.o) (g_xtal0ClkFreq)
C:/Downloads/Projects/GraphicSpectrumVU/VUMeter/libksdk_platform.a(fsl_mcg_hal_modes.o)
                              C:/Downloads/Projects/GraphicSpectrumVU/VUMeter/libksdk_platform.a(fsl_clock_manager.o) (CLOCK_HAL_GetMcgMode)
C:/Downloads/Projects/GraphicSpectrumVU/VUMeter/libksdk_platform.a(fsl_lptmr_hal.o)
                              C:/Downloads/Projects/GraphicSpectrumVU/VUMeter/libksdk_platform.a(fsl_os_abstraction_bm.o) (LPTMR_HAL_SetTimerWorkingMode)
C:/Downloads/Projects/GraphicSpectrumVU/VUMeter/libksdk_platform.a(fsl_interrupt_manager.o)
                              C:/Downloads/Projects/GraphicSpectrumVU/VUMeter/libksdk_platform.a(fsl_os_abstraction_bm.o) (INT_SYS_InstallHandler)
C:/Downloads/Projects/GraphicSpectrumVU/VUMeter/libksdk_platform.a(fsl_gpio_hal.o)
                              C:/Downloads/Projects/GraphicSpectrumVU/VUMeter/libksdk_platform.a(fsl_gpio_driver.o) (GPIO_HAL_SetPinDir)
C:/Downloads/Projects/GraphicSpectrumVU/VUMeter/libksdk_platform.a(fsl_gpio_common.o)
                              C:/Downloads/Projects/GraphicSpectrumVU/VUMeter/libksdk_platform.a(fsl_gpio_driver.o) (g_gpioBase)
C:/Downloads/Projects/GraphicSpectrumVU/VUMeter/libksdk_platform.a(fsl_adc16_hal.o)
                              C:/Downloads/Projects/GraphicSpectrumVU/VUMeter/libksdk_platform.a(fsl_adc16_driver.o) (ADC16_HAL_Init)
[...]
Memory Configuration

Name             Origin             Length             Attributes
m_interrupts     0x00000000         0x00000400         xr
m_flash_config   0x00000400         0x00000010         xr
m_text           0x00000410         0x000ffbf0         xr
m_data           0x1fff0000         0x00010000         rw
m_data_2         0x20000000         0x00030000         rw
*default*        0x00000000         0xffffffff

Linker script and memory map

LOAD c:/program files (x86)/gnu tools arm embedded/4.9 2015q1/bin/../lib/gcc/arm-none-eabi/4.9.3/armv7e-m/fpu/crti.o
LOAD c:/program files (x86)/gnu tools arm embedded/4.9 2015q1/bin/../lib/gcc/arm-none-eabi/4.9.3/armv7e-m/fpu/crtbegin.o
LOAD c:/program files (x86)/gnu tools arm embedded/4.9 2015q1/bin/../lib/gcc/arm-none-eabi/4.9.3/../../../../arm-none-eabi/lib/armv7e-m/fpu/crt0.o
LOAD ./board/board.o
LOAD ./board/gpio_pins.o
LOAD ./board/hardware_init.o
LOAD ./board/pin_mux.o
LOAD ./Sources/edma_init.o
LOAD ./Sources/main.o
LOAD ./Sources/perf_init.o
LOAD ./Project_Settings/Startup_Code/startup.o
LOAD ./Project_Settings/Startup_Code/startup_MK64F12.o
LOAD ./Project_Settings/Startup_Code/system_MK64F12.o
LOAD C:/Downloads/Projects/GraphicSpectrumVU/VUMeter/libksdk_platform.a
LOAD C:\Freescale\KSDK_1.3.0/platform/CMSIS/Lib/GCC\libarm_cortexM4lf_math.a
LOAD c:/program files (x86)/gnu tools arm embedded/4.9 2015q1/bin/../lib/gcc/arm-none-eabi/4.9.3/../../../../arm-none-eabi/lib/armv7e-m/fpu\libstdc++_nano.a
LOAD c:/program files (x86)/gnu tools arm embedded/4.9 2015q1/bin/../lib/gcc/arm-none-eabi/4.9.3/../../../../arm-none-eabi/lib/armv7e-m/fpu\libm.a
START GROUP
LOAD c:/program files (x86)/gnu tools arm embedded/4.9 2015q1/bin/../lib/gcc/arm-none-eabi/4.9.3/armv7e-m/fpu\libgcc.a
LOAD c:/program files (x86)/gnu tools arm embedded/4.9 2015q1/bin/../lib/gcc/arm-none-eabi/4.9.3/../../../../arm-none-eabi/lib/armv7e-m/fpu\libg_nano.a
LOAD c:/program files (x86)/gnu tools arm embedded/4.9 2015q1/bin/../lib/gcc/arm-none-eabi/4.9.3/../../../../arm-none-eabi/lib/armv7e-m/fpu\libc_nano.a
END GROUP
START GROUP
LOAD c:/program files (x86)/gnu tools arm embedded/4.9 2015q1/bin/../lib/gcc/arm-none-eabi/4.9.3/armv7e-m/fpu\libgcc.a
LOAD c:/program files (x86)/gnu tools arm embedded/4.9 2015q1/bin/../lib/gcc/arm-none-eabi/4.9.3/../../../../arm-none-eabi/lib/armv7e-m/fpu\libc_nano.a
LOAD c:/program files (x86)/gnu tools arm embedded/4.9 2015q1/bin/../lib/gcc/arm-none-eabi/4.9.3/../../../../arm-none-eabi/lib/armv7e-m/fpu\libnosys.a
END GROUP
START GROUP
LOAD c:/program files (x86)/gnu tools arm embedded/4.9 2015q1/bin/../lib/gcc/arm-none-eabi/4.9.3/armv7e-m/fpu\libgcc.a
LOAD c:/program files (x86)/gnu tools arm embedded/4.9 2015q1/bin/../lib/gcc/arm-none-eabi/4.9.3/../../../../arm-none-eabi/lib/armv7e-m/fpu\libc_nano.a
LOAD c:/program files (x86)/gnu tools arm embedded/4.9 2015q1/bin/../lib/gcc/arm-none-eabi/4.9.3/../../../../arm-none-eabi/lib/armv7e-m/fpu\libnosys.a
END GROUP
LOAD c:/program files (x86)/gnu tools arm embedded/4.9 2015q1/bin/../lib/gcc/arm-none-eabi/4.9.3/armv7e-m/fpu/crtend.o
LOAD c:/program files (x86)/gnu tools arm embedded/4.9 2015q1/bin/../lib/gcc/arm-none-eabi/4.9.3/armv7e-m/fpu/crtn.o
                0x00000400                HEAP_SIZE = DEFINED (__heap_size__)?__heap_size__:0x400
                0x00000400                STACK_SIZE = DEFINED (__stack_size__)?__stack_size__:0x400
                0x00000000                M_VECTOR_RAM_SIZE = DEFINED (__ram_vector_table__)?0x400:0x0

.interrupts     0x00000000      0x400
                0x00000000                __VECTOR_TABLE = .
                0x00000000                . = ALIGN (0x4)
 *(.isr_vector)
 .isr_vector    0x00000000      0x400 ./Project_Settings/Startup_Code/startup_MK64F12.o
                0x00000000                __isr_vector
                0x00000400                . = ALIGN (0x4)

.flash_config   0x00000400       0x10
                0x00000400                . = ALIGN (0x4)
 *(.FlashConfig)
 .FlashConfig   0x00000400       0x10 ./Project_Settings/Startup_Code/startup_MK64F12.o
                0x00000410                . = ALIGN (0x4)

.text           0x00000410    0x1c09c
                0x00000410                . = ALIGN (0x4)
 *(.text)
 .text          0x00000410       0x5c c:/program files (x86)/gnu tools arm embedded/4.9 2015q1/bin/../lib/gcc/arm-none-eabi/4.9.3/armv7e-m/fpu/crtbegin.o
 .text          0x0000046c       0x74 c:/program files (x86)/gnu tools arm embedded/4.9 2015q1/bin/../lib/gcc/arm-none-eabi/4.9.3/../../../../arm-none-eabi/lib/armv7e-m/fpu/crt0.o
                0x0000046c                _start
                0x0000046c                _mainCRTStartup
 .text          0x000004e0       0x14 ./Project_Settings/Startup_Code/startup_MK64F12.o
                0x000004e0                Reset_Handler
                0x000004f0                DebugMon_Handler
                0x000004f0                I2C0_IRQHandler
                0x000004f0                HardFault_Handler
                0x000004f0                SysTick_Handler
                0x000004f0                PendSV_Handler
                0x000004f0                NMI_Handler
                0x000004f0                UART0_RX_TX_IRQHandler
                0x000004f0                I2C1_IRQHandler
                0x000004f0                DMA2_IRQHandler
                0x000004f0                ENET_Error_IRQHandler
                0x000004f0                CAN0_Tx_Warning_IRQHandler
                0x000004f0                PIT0_IRQHandler
                0x000004f0                CAN0_ORed_Message_buffer_IRQHandler
                0x000004f0                CMP2_IRQHandler
                0x000004f0                LLWU_IRQHandler
                0x000004f0                ENET_Receive_IRQHandler
                0x000004f0                ENET_1588_Timer_IRQHandler
                0x000004f0                UART2_RX_TX_IRQHandler
                0x000004f0                SWI_IRQHandler
                0x000004f0                ADC0_IRQHandler
                0x000004f0                UsageFault_Handler
                0x000004f0                I2S0_Tx_IRQHandler
                0x000004f0                CMT_IRQHandler
                0x000004f0                UART4_RX_TX_IRQHandler
                0x000004f0                SPI1_IRQHandler
                0x000004f0                DefaultISR
                0x000004f0                DMA9_IRQHandler
                0x000004f0                DMA14_IRQHandler
                0x000004f0                CMP1_IRQHandler
                0x000004f0                Reserved71_IRQHandler
                0x000004f0                PORTD_IRQHandler
                0x000004f0                PORTB_IRQHandler
                0x000004f0                UART4_ERR_IRQHandler
                0x000004f0                ADC1_IRQHandler
                0x000004f0                I2C2_IRQHandler
                0x000004f0                PIT2_IRQHandler
                0x000004f0                I2S0_Rx_IRQHandler
                0x000004f0                DMA5_IRQHandler
                0x000004f0                RTC_IRQHandler
                0x000004f0                PDB0_IRQHandler
                0x000004f0                CAN0_Rx_Warning_IRQHandler
                0x000004f0                FTM1_IRQHandler
                0x000004f0                UART5_RX_TX_IRQHandler
                0x000004f0                UART3_ERR_IRQHandler
                0x000004f0                PIT3_IRQHandler
                0x000004f0                SDHC_IRQHandler
                0x000004f0                RTC_Seconds_IRQHandler
                0x000004f0                MCG_IRQHandler
                0x000004f0                FTFE_IRQHandler
                0x000004f0                UART2_ERR_IRQHandler
                0x000004f0                DMA11_IRQHandler
                0x000004f0                UART5_ERR_IRQHandler
                0x000004f0                Read_Collision_IRQHandler
                0x000004f0                DMA7_IRQHandler
                0x000004f0                ENET_Transmit_IRQHandler
                0x000004f0                USBDCD_IRQHandler
                0x000004f0                USB0_IRQHandler
                0x000004f0                SPI2_IRQHandler
                0x000004f0                WDOG_EWM_IRQHandler
                0x000004f0                MemManage_Handler
                0x000004f0                SVC_Handler
                0x000004f0                DMA13_IRQHandler
                0x000004f0                DMA3_IRQHandler
                0x000004f0                UART0_LON_IRQHandler
                0x000004f0                RNG_IRQHandler
                0x000004f0                DMA0_IRQHandler
                0x000004f0                DMA15_IRQHandler
                0x000004f0                DAC0_IRQHandler
                0x000004f0                CAN0_Error_IRQHandler
                0x000004f0                DMA4_IRQHandler
                0x000004f0                PIT1_IRQHandler
                0x000004f0                UART0_ERR_IRQHandler
                0x000004f0                DMA_Error_IRQHandler
                0x000004f0                LVD_LVW_IRQHandler
                0x000004f0                SPI0_IRQHandler
                0x000004f0                FTM0_IRQHandler
                0x000004f0                PORTA_IRQHandler
                0x000004f0                DAC1_IRQHandler
                0x000004f0                MCM_IRQHandler
                0x000004f0                DMA12_IRQHandler
                0x000004f0                CAN0_Bus_Off_IRQHandler
                0x000004f0                FTM3_IRQHandler
                0x000004f0                PORTE_IRQHandler
                0x000004f0                FTM2_IRQHandler
                0x000004f0                LPTMR0_IRQHandler
                0x000004f0                BusFault_Handler
                0x000004f0                DMA8_IRQHandler
                0x000004f0                DMA10_IRQHandler
                0x000004f0                CAN0_Wake_Up_IRQHandler
                0x000004f0                UART1_ERR_IRQHandler
                0x000004f0                UART1_RX_TX_IRQHandler
                0x000004f0                CMP0_IRQHandler
                0x000004f0                PORTC_IRQHandler
                0x000004f0                DMA6_IRQHandler
 .text          0x000004f4       0xc4 C:\Freescale\KSDK_1.3.0/platform/CMSIS/Lib/GCC\libarm_cortexM4lf_math.a(arm_bitreversal2.o)
                0x000004f4                arm_bitreversal_32
                0x00000560                arm_bitreversal_16
 .text          0x000005b8      0x370 c:/program files (x86)/gnu tools arm embedded/4.9 2015q1/bin/../lib/gcc/arm-none-eabi/4.9.3/armv7e-m/fpu\libgcc.a(_arm_addsubdf3.o)
                0x000005b8                __aeabi_drsub
                0x000005c0                __aeabi_dsub
                0x000005c0                __subdf3
                0x000005c4                __aeabi_dadd
                0x000005c4                __adddf3
                0x0000083c                __floatunsidf
                0x0000083c                __aeabi_ui2d
                0x0000085c                __floatsidf
                0x0000085c                __aeabi_i2d
                0x00000880                __aeabi_f2d
                0x00000880                __extendsfdf2
                0x000008bc                __floatundidf
                0x000008bc                __aeabi_ul2d
                0x000008cc                __floatdidf
                0x000008cc                __aeabi_l2d
 .text          0x00000928      0x424 c:/program files (x86)/gnu tools arm embedded/4.9 2015q1/bin/../lib/gcc/arm-none-eabi/4.9.3/armv7e-m/fpu\libgcc.a(_arm_muldivdf3.o)
                0x00000928                __aeabi_dmul
                0x00000928                __muldf3
                0x00000b7c                __divdf3
                0x00000b7c                __aeabi_ddiv
 .text          0x00000d4c       0xa0 c:/program files (x86)/gnu tools arm embedded/4.9 2015q1/bin/../lib/gcc/arm-none-eabi/4.9.3/armv7e-m/fpu\libgcc.a(_arm_truncdfsf2.o)
                0x00000d4c                __truncdfsf2
                0x00000d4c                __aeabi_d2f
 *(.text*)
 .text.PORT_HAL_SetMuxMode
                0x00000dec       0x58 ./board/board.o
 .text.SMC_HAL_SetProtection
                0x00000e44       0x1c ./board/board.o
 .text.BOARD_InitOsc0
                0x00000e60       0x3c ./board/board.o
                0x00000e60                BOARD_InitOsc0
 .text.BOARD_InitRtcOsc
                0x00000e9c       0x24 ./board/board.o
                0x00000e9c                BOARD_InitRtcOsc
 .text.CLOCK_SetBootConfig
                0x00000ec0       0x3c ./board/board.o
 .text.BOARD_ClockInit
                0x00000efc       0x34 ./board/board.o
                0x00000efc                BOARD_ClockInit
 .text.EDMA_HAL_ClearDoneStatusFlag
                0x00000f30       0x1c ./Sources/edma_init.o
 .text.EDMA_HAL_ClearIntStatusFlag
                0x00000f4c       0x1c ./Sources/edma_init.o
 .text.EDMA_HAL_HTCDSetDestAddr
                0x00000f68       0x44 ./Sources/edma_init.o
 .text.EDMA_DRV_PrepareDescriptorTransfer
                0x00000fac       0x40 ./Sources/edma_init.o
 .text.config_DMA_Upper
                0x00000fec       0xb0 ./Sources/edma_init.o
                0x00000fec                config_DMA_Upper
 .text.config_DMA_Lower
                0x0000109c       0xb0 ./Sources/edma_init.o
                0x0000109c                config_DMA_Lower
 .text.copyActiveToFloat
                0x0000114c       0x68 ./Sources/edma_init.o
                0x0000114c                copyActiveToFloat
 .text.DMA1_IRQHandler
                0x000011b4       0xcc ./Sources/edma_init.o
                0x000011b4                DMA1_IRQHandler
 .text.bufferReady
                0x00001280       0x18 ./Sources/edma_init.o
                0x00001280                bufferReady
 .text.bufferStatusReset
                0x00001298       0x18 ./Sources/edma_init.o
                0x00001298                bufferStatusReset
 .text.PORT_HAL_SetMuxMode
                0x000012b0       0x58 ./Sources/main.o
 .text.UART3_RX_TX_IRQHandler
                0x00001308        0xc ./Sources/main.o
                0x00001308                UART3_RX_TX_IRQHandler
 .text.main     0x00001314      0x59c ./Sources/main.o
                0x00001314                main
 .text.SIM_HAL_EnableClock
                0x000018b0       0x40 ./Sources/perf_init.o
 .text.CLOCK_SYS_EnablePitClock
                0x000018f0       0x1c ./Sources/perf_init.o
 .text.init_adc
                0x0000190c       0x7c ./Sources/perf_init.o
                0x0000190c                init_adc
 .text.config_PDB
                0x00001988       0xa4 ./Sources/perf_init.o
                0x00001988                config_PDB
 .text.initPIT  0x00001a2c       0x70 ./Sources/perf_init.o
                0x00001a2c                initPIT
 .text.init_data_bss
                0x00001a9c       0xcc ./Project_Settings/Startup_Code/startup.o
                0x00001a9c                init_data_bss
 .text.SystemInit
                0x00001b68      0x1d8 ./Project_Settings/Startup_Code/system_MK64F12.o
                0x00001b68                SystemInit
 .text.NVIC_EnableIRQ
                0x00001d40       0x30 C:/Downloads/Projects/GraphicSpectrumVU/VUMeter/libksdk_platform.a(fsl_uart_driver.o)
 .text.UART_HAL_EnableTransmitter
                0x00001d70       0x24 C:/Downloads/Projects/GraphicSpectrumVU/VUMeter/libksdk_platform.a(fsl_uart_driver.o)
 .text.UART_HAL_EnableReceiver
                0x00001d94       0x24 C:/Downloads/Projects/GraphicSpectrumVU/VUMeter/libksdk_platform.a(fsl_uart_driver.o)
 .text.UART_HAL_SetBitCountPerChar
                0x00001db8       0x28 C:/Downloads/Projects/GraphicSpectrumVU/VUMeter/libksdk_platform.a(fsl_uart_driver.o)
 .text.UART_HAL_SetStopBitCount
                0x00001de0       0x24 C:/Downloads/Projects/GraphicSpectrumVU/VUMeter/libksdk_platform.a(fsl_uart_driver.o)
 .text.UART_HAL_GetTxFifoSize
                0x00001e04       0x24 C:/Downloads/Projects/GraphicSpectrumVU/VUMeter/libksdk_platform.a(fsl_uart_driver.o)
 .text.UART_HAL_GetTxDatawordCountInFifo
                0x00001e28       0x1c C:/Downloads/Projects/GraphicSpectrumVU/VUMeter/libksdk_platform.a(fsl_uart_driver.o)
 .text.UART_HAL_GetRxDatawordCountInFifo
                0x00001e44       0x1c C:/Downloads/Projects/GraphicSpectrumVU/VUMeter/libksdk_platform.a(fsl_uart_driver.o)
 .text.INT_SYS_EnableIRQ
                0x00001e60       0x54 C:/Downloads/Projects/GraphicSpectrumVU/VUMeter/libksdk_platform.a(fsl_uart_driver.o)
 .text.UART_DRV_Init
                0x00001eb4      0x18c C:/Downloads/Projects/GraphicSpectrumVU/VUMeter/libksdk_platform.a(fsl_uart_driver.o)
                0x00001eb4                UART_DRV_Init
 .text.UART_DRV_SendData
                0x00002040       0x74 C:/Downloads/Projects/GraphicSpectrumVU/VUMeter/libksdk_platform.a(fsl_uart_driver.o)
                0x00002040                UART_DRV_SendData
 .text.UART_DRV_GetTransmitStatus
                0x000020b4       0x80 C:/Downloads/Projects/GraphicSpectrumVU/VUMeter/libksdk_platform.a(fsl_uart_driver.o)
                0x000020b4                UART_DRV_GetTransmitStatus
 .text.UART_DRV_IRQHandler
                0x00002134      0x198 C:/Downloads/Projects/GraphicSpectrumVU/VUMeter/libksdk_platform.a(fsl_uart_driver.o)
                0x00002134                UART_DRV_IRQHandler
 .text.UART_DRV_CompleteSendData
                0x000022cc       0x74 C:/Downloads/Projects/GraphicSpectrumVU/VUMeter/libksdk_platform.a(fsl_uart_driver.o)
 .text.UART_DRV_StartSendData
                0x00002340       0x8c C:/Downloads/Projects/GraphicSpectrumVU/VUMeter/libksdk_platform.a(fsl_uart_driver.o)
 .text.UART_DRV_CompleteReceiveData
                0x000023cc       0x80 C:/Downloads/Projects/GraphicSpectrumVU/VUMeter/libksdk_platform.a(fsl_uart_driver.o)
 .text.CLOCK_HAL_SetOutDiv
                0x0000244c       0x5c C:/Downloads/Projects/GraphicSpectrumVU/VUMeter/libksdk_platform.a(fsl_sim_hal_MK64F12.o)
                0x0000244c                CLOCK_HAL_SetOutDiv
 .text.SIM_HAL_SetAdcAlternativeTriggerCmd
                0x000024a8       0x6c C:/Downloads/Projects/GraphicSpectrumVU/VUMeter/libksdk_platform.a(fsl_sim_hal_MK64F12.o)
                0x000024a8                SIM_HAL_SetAdcAlternativeTriggerCmd
 .text.NVIC_EnableIRQ
                0x00002514       0x30 C:/Downloads/Projects/GraphicSpectrumVU/VUMeter/libksdk_platform.a(fsl_pdb_driver.o)
 .text.NVIC_DisableIRQ
                0x00002544       0x34 C:/Downloads/Projects/GraphicSpectrumVU/VUMeter/libksdk_platform.a(fsl_pdb_driver.o)
 .text.PDB_HAL_SetSoftTriggerCmd
                0x00002578       0x20 C:/Downloads/Projects/GraphicSpectrumVU/VUMeter/libksdk_platform.a(fsl_pdb_driver.o)
 .text.PDB_HAL_Enable
                0x00002598       0x20 C:/Downloads/Projects/GraphicSpectrumVU/VUMeter/libksdk_platform.a(fsl_pdb_driver.o)
 .text.PDB_HAL_SetLoadValuesCmd
                0x000025b8       0x20 C:/Downloads/Projects/GraphicSpectrumVU/VUMeter/libksdk_platform.a(fsl_pdb_driver.o)
 .text.PDB_HAL_SetTimerModulusValue
                0x000025d8       0x28 C:/Downloads/Projects/GraphicSpectrumVU/VUMeter/libksdk_platform.a(fsl_pdb_driver.o)
 .text.SIM_HAL_EnableClock
                0x00002600       0x3c C:/Downloads/Projects/GraphicSpectrumVU/VUMeter/libksdk_platform.a(fsl_pdb_driver.o)
 .text.CLOCK_SYS_EnablePdbClock
                0x0000263c       0x1c C:/Downloads/Projects/GraphicSpectrumVU/VUMeter/libksdk_platform.a(fsl_pdb_driver.o)
 .text.INT_SYS_EnableIRQ
                0x00002658       0x54 C:/Downloads/Projects/GraphicSpectrumVU/VUMeter/libksdk_platform.a(fsl_pdb_driver.o)
 .text.INT_SYS_DisableIRQ
                0x000026ac       0x54 C:/Downloads/Projects/GraphicSpectrumVU/VUMeter/libksdk_platform.a(fsl_pdb_driver.o)
 .text.PDB_DRV_Init
                0x00002700       0x94 C:/Downloads/Projects/GraphicSpectrumVU/VUMeter/libksdk_platform.a(fsl_pdb_driver.o)
                0x00002700                PDB_DRV_Init
 .text.PDB_DRV_SoftTriggerCmd
                0x00002794       0x40 C:/Downloads/Projects/GraphicSpectrumVU/VUMeter/libksdk_platform.a(fsl_pdb_driver.o)
                0x00002794                PDB_DRV_SoftTriggerCmd
 .text.PDB_DRV_LoadValuesCmd
                0x000027d4       0x40 C:/Downloads/Projects/GraphicSpectrumVU/VUMeter/libksdk_platform.a(fsl_pdb_driver.o)
                0x000027d4                PDB_DRV_LoadValuesCmd
 .text.PDB_DRV_SetTimerModulusValue
                0x00002814       0x44 C:/Downloads/Projects/GraphicSpectrumVU/VUMeter/libksdk_platform.a(fsl_pdb_driver.o)
                0x00002814                PDB_DRV_SetTimerModulusValue
 .text.PDB_DRV_ConfigAdcPreTrigger
                0x00002858       0x88 C:/Downloads/Projects/GraphicSpectrumVU/VUMeter/libksdk_platform.a(fsl_pdb_driver.o)
                0x00002858                PDB_DRV_ConfigAdcPreTrigger
 .text.PDB_DRV_SetAdcPreTriggerDelayValue
                0x000028e0       0x50 C:/Downloads/Projects/GraphicSpectrumVU/VUMeter/libksdk_platform.a(fsl_pdb_driver.o)
                0x000028e0                PDB_DRV_SetAdcPreTriggerDelayValue
 .text.EDMA_HAL_STCDSetSrcAddr
                0x00002930       0x38 C:/Downloads/Projects/GraphicSpectrumVU/VUMeter/libksdk_platform.a(fsl_edma_hal.o)
 .text.EDMA_HAL_STCDSetSrcOffset
                0x00002968       0x38 C:/Downloads/Projects/GraphicSpectrumVU/VUMeter/libksdk_platform.a(fsl_edma_hal.o)
 .text.EDMA_HAL_STCDSetSrcLastAdjust
                0x000029a0       0x38 C:/Downloads/Projects/GraphicSpectrumVU/VUMeter/libksdk_platform.a(fsl_edma_hal.o)
 .text.EDMA_HAL_STCDSetDestAddr
                0x000029d8       0x38 C:/Downloads/Projects/GraphicSpectrumVU/VUMeter/libksdk_platform.a(fsl_edma_hal.o)
 .text.EDMA_HAL_STCDSetDestOffset
                0x00002a10       0x38 C:/Downloads/Projects/GraphicSpectrumVU/VUMeter/libksdk_platform.a(fsl_edma_hal.o)
 .text.EDMA_HAL_STCDSetDestLastAdjust
                0x00002a48       0x38 C:/Downloads/Projects/GraphicSpectrumVU/VUMeter/libksdk_platform.a(fsl_edma_hal.o)
 .text.EDMA_HAL_STCDSetDisableDmaRequestAfterTCDDoneCmd
                0x00002a80       0x4c C:/Downloads/Projects/GraphicSpectrumVU/VUMeter/libksdk_platform.a(fsl_edma_hal.o)
 .text.EDMA_HAL_STCDSetIntCmd
                0x00002acc       0x4c C:/Downloads/Projects/GraphicSpectrumVU/VUMeter/libksdk_platform.a(fsl_edma_hal.o)
 .text.EDMA_HAL_Init
                0x00002b18       0x7c C:/Downloads/Projects/GraphicSpectrumVU/VUMeter/libksdk_platform.a(fsl_edma_hal.o)
                0x00002b18                EDMA_HAL_Init
 .text.EDMA_HAL_SetErrorIntCmd
                0x00002b94       0x30 C:/Downloads/Projects/GraphicSpectrumVU/VUMeter/libksdk_platform.a(fsl_edma_hal.o)
                0x00002b94                EDMA_HAL_SetErrorIntCmd
 .text.EDMA_HAL_SetDmaRequestCmd
                0x00002bc4       0x30 C:/Downloads/Projects/GraphicSpectrumVU/VUMeter/libksdk_platform.a(fsl_edma_hal.o)
                0x00002bc4                EDMA_HAL_SetDmaRequestCmd
 .text.EDMA_HAL_HTCDClearReg
                0x00002bf4       0xd0 C:/Downloads/Projects/GraphicSpectrumVU/VUMeter/libksdk_platform.a(fsl_edma_hal.o)
                0x00002bf4                EDMA_HAL_HTCDClearReg
 .text.EDMA_HAL_STCDSetAttribute
                0x00002cc4       0x70 C:/Downloads/Projects/GraphicSpectrumVU/VUMeter/libksdk_platform.a(fsl_edma_hal.o)
                0x00002cc4                EDMA_HAL_STCDSetAttribute
 .text.EDMA_HAL_STCDSetNbytes
                0x00002d34       0x64 C:/Downloads/Projects/GraphicSpectrumVU/VUMeter/libksdk_platform.a(fsl_edma_hal.o)
                0x00002d34                EDMA_HAL_STCDSetNbytes
 .text.EDMA_HAL_STCDSetMajorCount
                0x00002d98       0xc0 C:/Downloads/Projects/GraphicSpectrumVU/VUMeter/libksdk_platform.a(fsl_edma_hal.o)
                0x00002d98                EDMA_HAL_STCDSetMajorCount
 .text.EDMA_HAL_PushSTCDToHTCD
                0x00002e58      0x11c C:/Downloads/Projects/GraphicSpectrumVU/VUMeter/libksdk_platform.a(fsl_edma_hal.o)
                0x00002e58                EDMA_HAL_PushSTCDToHTCD
 .text.EDMA_HAL_STCDSetBasicTransfer
                0x00002f74       0xcc C:/Downloads/Projects/GraphicSpectrumVU/VUMeter/libksdk_platform.a(fsl_edma_hal.o)
                0x00002f74                EDMA_HAL_STCDSetBasicTransfer
 .text.NVIC_EnableIRQ
                0x00003040       0x30 C:/Downloads/Projects/GraphicSpectrumVU/VUMeter/libksdk_platform.a(fsl_edma_driver.o)
 .text.EDMA_HAL_SetHaltOnErrorCmd
                0x00003070       0x24 C:/Downloads/Projects/GraphicSpectrumVU/VUMeter/libksdk_platform.a(fsl_edma_driver.o)
 .text.EDMA_HAL_SetChannelArbitrationMode
                0x00003094       0x24 C:/Downloads/Projects/GraphicSpectrumVU/VUMeter/libksdk_platform.a(fsl_edma_driver.o)
 .text.DMAMUX_HAL_SetChannelCmd
                0x000030b8       0x44 C:/Downloads/Projects/GraphicSpectrumVU/VUMeter/libksdk_platform.a(fsl_edma_driver.o)
 .text.DMAMUX_HAL_SetTriggerSource
                0x000030fc       0x58 C:/Downloads/Projects/GraphicSpectrumVU/VUMeter/libksdk_platform.a(fsl_edma_driver.o)
 .text.SIM_HAL_EnableClock
                0x00003154       0x3c C:/Downloads/Projects/GraphicSpectrumVU/VUMeter/libksdk_platform.a(fsl_edma_driver.o)
 .text.CLOCK_SYS_EnableDmaClock
                0x00003190       0x1c C:/Downloads/Projects/GraphicSpectrumVU/VUMeter/libksdk_platform.a(fsl_edma_driver.o)
 .text.CLOCK_SYS_EnableDmamuxClock
                0x000031ac       0x1c C:/Downloads/Projects/GraphicSpectrumVU/VUMeter/libksdk_platform.a(fsl_edma_driver.o)
 .text.INT_SYS_EnableIRQ
                0x000031c8       0x54 C:/Downloads/Projects/GraphicSpectrumVU/VUMeter/libksdk_platform.a(fsl_edma_driver.o)
 .text.EDMA_DRV_Init
                0x0000321c      0x108 C:/Downloads/Projects/GraphicSpectrumVU/VUMeter/libksdk_platform.a(fsl_edma_driver.o)
                0x0000321c                EDMA_DRV_Init
 .text.EDMA_DRV_RequestChannel
                0x00003324       0xd8 C:/Downloads/Projects/GraphicSpectrumVU/VUMeter/libksdk_platform.a(fsl_edma_driver.o)
                0x00003324                EDMA_DRV_RequestChannel
 .text.EDMA_DRV_ClaimChannel
                0x000033fc       0xa4 C:/Downloads/Projects/GraphicSpectrumVU/VUMeter/libksdk_platform.a(fsl_edma_driver.o)
 .text.EDMA_DRV_StartChannel
                0x000034a0       0x40 C:/Downloads/Projects/GraphicSpectrumVU/VUMeter/libksdk_platform.a(fsl_edma_driver.o)
                0x000034a0                EDMA_DRV_StartChannel
 .text.EDMA_DRV_PushDescriptorToReg
                0x000034e0       0x44 C:/Downloads/Projects/GraphicSpectrumVU/VUMeter/libksdk_platform.a(fsl_edma_driver.o)
                0x000034e0                EDMA_DRV_PushDescriptorToReg
 .text.DMAMUX_HAL_Init
                0x00003524       0x50 C:/Downloads/Projects/GraphicSpectrumVU/VUMeter/libksdk_platform.a(fsl_dmamux_hal.o)
                0x00003524                DMAMUX_HAL_Init
 .text.SIM_HAL_EnableClock
                0x00003574       0x3c C:/Downloads/Projects/GraphicSpectrumVU/VUMeter/libksdk_platform.a(fsl_clock_MK64F12.o)
 .text.CLOCK_HAL_SetExternalRefClock32kSrc
                0x000035b0       0x2c C:/Downloads/Projects/GraphicSpectrumVU/VUMeter/libksdk_platform.a(fsl_clock_MK64F12.o)
 .text.CLOCK_HAL_SetPllfllSel
                0x000035dc       0x38 C:/Downloads/Projects/GraphicSpectrumVU/VUMeter/libksdk_platform.a(fsl_clock_MK64F12.o)
 .text.CLOCK_HAL_GetOutDiv1
                0x00003614       0x24 C:/Downloads/Projects/GraphicSpectrumVU/VUMeter/libksdk_platform.a(fsl_clock_MK64F12.o)
 .text.CLOCK_HAL_GetOutDiv2
                0x00003638       0x28 C:/Downloads/Projects/GraphicSpectrumVU/VUMeter/libksdk_platform.a(fsl_clock_MK64F12.o)
 .text.CLOCK_SYS_SetSimConfigration
                0x00003660       0x44 C:/Downloads/Projects/GraphicSpectrumVU/VUMeter/libksdk_platform.a(fsl_clock_MK64F12.o)
                0x00003660                CLOCK_SYS_SetSimConfigration
 .text.CLOCK_SYS_GetSystemClockFreq
                0x000036a4       0x28 C:/Downloads/Projects/GraphicSpectrumVU/VUMeter/libksdk_platform.a(fsl_clock_MK64F12.o)
                0x000036a4                CLOCK_SYS_GetSystemClockFreq
 .text.CLOCK_SYS_GetBusClockFreq
                0x000036cc       0x28 C:/Downloads/Projects/GraphicSpectrumVU/VUMeter/libksdk_platform.a(fsl_clock_MK64F12.o)
                0x000036cc                CLOCK_SYS_GetBusClockFreq
 .text.CLOCK_SYS_GetUartFreq
                0x000036f4       0x4c C:/Downloads/Projects/GraphicSpectrumVU/VUMeter/libksdk_platform.a(fsl_clock_MK64F12.o)
                0x000036f4                CLOCK_SYS_GetUartFreq
 .text.CLOCK_SYS_EnablePortClock
                0x00003740       0x48 C:/Downloads/Projects/GraphicSpectrumVU/VUMeter/libksdk_platform.a(fsl_clock_MK64F12.o)
                0x00003740                CLOCK_SYS_EnablePortClock
 .text.CLOCK_SYS_EnableAdcClock
                0x00003788       0x48 C:/Downloads/Projects/GraphicSpectrumVU/VUMeter/libksdk_platform.a(fsl_clock_MK64F12.o)
                0x00003788                CLOCK_SYS_EnableAdcClock
 .text.CLOCK_SYS_EnableUartClock
                0x000037d0       0x48 C:/Downloads/Projects/GraphicSpectrumVU/VUMeter/libksdk_platform.a(fsl_clock_MK64F12.o)
                0x000037d0                CLOCK_SYS_EnableUartClock
 .text.SIM_HAL_EnableClock
                0x00003818       0x3c C:/Downloads/Projects/GraphicSpectrumVU/VUMeter/libksdk_platform.a(fsl_clock_manager.o)
 .text.CLOCK_HAL_SetClkOutSrc
                0x00003854       0x30 C:/Downloads/Projects/GraphicSpectrumVU/VUMeter/libksdk_platform.a(fsl_clock_manager.o)
 .text.CLOCK_HAL_SetClksFrdivIrefs
                0x00003884       0x54 C:/Downloads/Projects/GraphicSpectrumVU/VUMeter/libksdk_platform.a(fsl_clock_manager.o)
 .text.CLOCK_HAL_GetClkOutStat
                0x000038d8       0x24 C:/Downloads/Projects/GraphicSpectrumVU/VUMeter/libksdk_platform.a(fsl_clock_manager.o)
 .text.CLOCK_HAL_GetFllSrc
                0x000038fc       0x24 C:/Downloads/Projects/GraphicSpectrumVU/VUMeter/libksdk_platform.a(fsl_clock_manager.o)
 .text.CLOCK_HAL_IsOsc0Stable
                0x00003920       0x30 C:/Downloads/Projects/GraphicSpectrumVU/VUMeter/libksdk_platform.a(fsl_clock_manager.o)
 .text.OSC_HAL_SetExternalRefClkCmd
                0x00003950       0x24 C:/Downloads/Projects/GraphicSpectrumVU/VUMeter/libksdk_platform.a(fsl_clock_manager.o)
 .text.OSC_HAL_SetExternalRefClkInStopModeCmd
                0x00003974       0x24 C:/Downloads/Projects/GraphicSpectrumVU/VUMeter/libksdk_platform.a(fsl_clock_manager.o)
 .text.CLOCK_SYS_EnableRtcClock
                0x00003998       0x1c C:/Downloads/Projects/GraphicSpectrumVU/VUMeter/libksdk_platform.a(fsl_clock_manager.o)
 .text.RTC_HAL_SetOsc2pfLoadCmd
                0x000039b4       0x28 C:/Downloads/Projects/GraphicSpectrumVU/VUMeter/libksdk_platform.a(fsl_clock_manager.o)
 .text.RTC_HAL_SetOsc4pfLoadCmd
                0x000039dc       0x28 C:/Downloads/Projects/GraphicSpectrumVU/VUMeter/libksdk_platform.a(fsl_clock_manager.o)
 .text.RTC_HAL_SetOsc8pfLoadCmd
                0x00003a04       0x28 C:/Downloads/Projects/GraphicSpectrumVU/VUMeter/libksdk_platform.a(fsl_clock_manager.o)
 .text.RTC_HAL_SetOsc16pfLoadCmd
                0x00003a2c       0x28 C:/Downloads/Projects/GraphicSpectrumVU/VUMeter/libksdk_platform.a(fsl_clock_manager.o)
 .text.RTC_HAL_SetOscillatorCmd
                0x00003a54       0x28 C:/Downloads/Projects/GraphicSpectrumVU/VUMeter/libksdk_platform.a(fsl_clock_manager.o)
 .text.RTC_HAL_IsOscillatorEnabled
                0x00003a7c       0x2c C:/Downloads/Projects/GraphicSpectrumVU/VUMeter/libksdk_platform.a(fsl_clock_manager.o)
 .text.CLOCK_SYS_BootToPee
                0x00003aa8       0xa4 C:/Downloads/Projects/GraphicSpectrumVU/VUMeter/libksdk_platform.a(fsl_clock_manager.o)
                0x00003aa8                CLOCK_SYS_BootToPee
 .text.CLOCK_SYS_OscInit
                0x00003b4c       0xe8 C:/Downloads/Projects/GraphicSpectrumVU/VUMeter/libksdk_platform.a(fsl_clock_manager.o)
                0x00003b4c                CLOCK_SYS_OscInit
 .text.CLOCK_SYS_SetOscerConfigration
                0x00003c34       0x3c C:/Downloads/Projects/GraphicSpectrumVU/VUMeter/libksdk_platform.a(fsl_clock_manager.o)
                0x00003c34                CLOCK_SYS_SetOscerConfigration
 .text.CLOCK_SYS_RtcOscInit
                0x00003c70       0xa0 C:/Downloads/Projects/GraphicSpectrumVU/VUMeter/libksdk_platform.a(fsl_clock_manager.o)
                0x00003c70                CLOCK_SYS_RtcOscInit
 .text.NVIC_EnableIRQ
                0x00003d10       0x30 C:/Downloads/Projects/GraphicSpectrumVU/VUMeter/libksdk_platform.a(fsl_adc16_driver.o)
 .text.ADC16_HAL_GetChnConvCompletedFlag
                0x00003d40       0x50 C:/Downloads/Projects/GraphicSpectrumVU/VUMeter/libksdk_platform.a(fsl_adc16_driver.o)
 .text.ADC16_HAL_GetChnConvValue
                0x00003d90       0x40 C:/Downloads/Projects/GraphicSpectrumVU/VUMeter/libksdk_platform.a(fsl_adc16_driver.o)
 .text.ADC16_HAL_SetAutoCalibrationCmd
                0x00003dd0       0x34 C:/Downloads/Projects/GraphicSpectrumVU/VUMeter/libksdk_platform.a(fsl_adc16_driver.o)
 .text.ADC16_HAL_GetAutoCalibrationFailedFlag
                0x00003e04       0x2c C:/Downloads/Projects/GraphicSpectrumVU/VUMeter/libksdk_platform.a(fsl_adc16_driver.o)
 .text.ADC16_HAL_SetPlusSideGainValue
                0x00003e30       0x28 C:/Downloads/Projects/GraphicSpectrumVU/VUMeter/libksdk_platform.a(fsl_adc16_driver.o)
 .text.ADC16_HAL_SetMinusSideGainValue
                0x00003e58       0x28 C:/Downloads/Projects/GraphicSpectrumVU/VUMeter/libksdk_platform.a(fsl_adc16_driver.o)
 .text.ADC16_HAL_GetOffsetValue
                0x00003e80       0x1c C:/Downloads/Projects/GraphicSpectrumVU/VUMeter/libksdk_platform.a(fsl_adc16_driver.o)
 .text.ADC16_HAL_SetOffsetValue
                0x00003e9c       0x28 C:/Downloads/Projects/GraphicSpectrumVU/VUMeter/libksdk_platform.a(fsl_adc16_driver.o)
 .text.INT_SYS_EnableIRQ
                0x00003ec4       0x54 C:/Downloads/Projects/GraphicSpectrumVU/VUMeter/libksdk_platform.a(fsl_adc16_driver.o)
 .text.ADC16_DRV_GetAutoCalibrationParam
                0x00003f18       0xbc C:/Downloads/Projects/GraphicSpectrumVU/VUMeter/libksdk_platform.a(fsl_adc16_driver.o)
                0x00003f18                ADC16_DRV_GetAutoCalibrationParam
 .text.ADC16_DRV_SetCalibrationParam
                0x00003fd4       0x70 C:/Downloads/Projects/GraphicSpectrumVU/VUMeter/libksdk_platform.a(fsl_adc16_driver.o)
                0x00003fd4                ADC16_DRV_SetCalibrationParam
 .text.ADC16_DRV_Init
                0x00004044       0x74 C:/Downloads/Projects/GraphicSpectrumVU/VUMeter/libksdk_platform.a(fsl_adc16_driver.o)
                0x00004044                ADC16_DRV_Init
 .text.ADC16_DRV_ConfigConvChn
                0x000040b8       0x58 C:/Downloads/Projects/GraphicSpectrumVU/VUMeter/libksdk_platform.a(fsl_adc16_driver.o)
                0x000040b8                ADC16_DRV_ConfigConvChn
 .text.OSA_SemaCreate
                0x00004110       0x4c C:/Downloads/Projects/GraphicSpectrumVU/VUMeter/libksdk_platform.a(fsl_os_abstraction_bm.o)
                0x00004110                OSA_SemaCreate
 .text.OSA_SemaPost
                0x0000415c       0x54 C:/Downloads/Projects/GraphicSpectrumVU/VUMeter/libksdk_platform.a(fsl_os_abstraction_bm.o)
                0x0000415c                OSA_SemaPost
 .text.UART_HAL_Init
                0x000041b0       0x74 C:/Downloads/Projects/GraphicSpectrumVU/VUMeter/libksdk_platform.a(fsl_uart_hal.o)
                0x000041b0                UART_HAL_Init
 .text.UART_HAL_SetBaudRate
                0x00004224       0xa0 C:/Downloads/Projects/GraphicSpectrumVU/VUMeter/libksdk_platform.a(fsl_uart_hal.o)
                0x00004224                UART_HAL_SetBaudRate
 .text.UART_HAL_SetParityMode
                0x000042c4       0x40 C:/Downloads/Projects/GraphicSpectrumVU/VUMeter/libksdk_platform.a(fsl_uart_hal.o)
                0x000042c4                UART_HAL_SetParityMode
 .text.UART_HAL_Putchar
                0x00004304       0x28 C:/Downloads/Projects/GraphicSpectrumVU/VUMeter/libksdk_platform.a(fsl_uart_hal.o)
                0x00004304                UART_HAL_Putchar
 .text.UART_HAL_Getchar
                0x0000432c       0x2c C:/Downloads/Projects/GraphicSpectrumVU/VUMeter/libksdk_platform.a(fsl_uart_hal.o)
                0x0000432c                UART_HAL_Getchar
 .text.UART_HAL_SetIntMode
                0x00004358      0x114 C:/Downloads/Projects/GraphicSpectrumVU/VUMeter/libksdk_platform.a(fsl_uart_hal.o)
                0x00004358                UART_HAL_SetIntMode
 .text.UART_HAL_GetStatusFlag
                0x0000446c       0xb8 C:/Downloads/Projects/GraphicSpectrumVU/VUMeter/libksdk_platform.a(fsl_uart_hal.o)
                0x0000446c                UART_HAL_GetStatusFlag
 .text.UART_HAL_ClearStatusFlag
                0x00004524       0xb0 C:/Downloads/Projects/GraphicSpectrumVU/VUMeter/libksdk_platform.a(fsl_uart_hal.o)
                0x00004524                UART_HAL_ClearStatusFlag
 .text.UART_HAL_SetTxFifoCmd
                0x000045d4       0x5c C:/Downloads/Projects/GraphicSpectrumVU/VUMeter/libksdk_platform.a(fsl_uart_hal.o)
                0x000045d4                UART_HAL_SetTxFifoCmd
 .text.UART_HAL_SetRxFifoCmd
                0x00004630       0x5c C:/Downloads/Projects/GraphicSpectrumVU/VUMeter/libksdk_platform.a(fsl_uart_hal.o)
                0x00004630                UART_HAL_SetRxFifoCmd
 .text.UART_HAL_FlushTxFifo
                0x0000468c       0x40 C:/Downloads/Projects/GraphicSpectrumVU/VUMeter/libksdk_platform.a(fsl_uart_hal.o)
                0x0000468c                UART_HAL_FlushTxFifo
 .text.UART_HAL_FlushRxFifo
                0x000046cc       0x40 C:/Downloads/Projects/GraphicSpectrumVU/VUMeter/libksdk_platform.a(fsl_uart_hal.o)
                0x000046cc                UART_HAL_FlushRxFifo
 .text.UART_HAL_SetTxFifoWatermark
                0x0000470c       0x38 C:/Downloads/Projects/GraphicSpectrumVU/VUMeter/libksdk_platform.a(fsl_uart_hal.o)
                0x0000470c                UART_HAL_SetTxFifoWatermark
 .text.UART_HAL_SetRxFifoWatermark
                0x00004744       0x38 C:/Downloads/Projects/GraphicSpectrumVU/VUMeter/libksdk_platform.a(fsl_uart_hal.o)
                0x00004744                UART_HAL_SetRxFifoWatermark
 .text.PDB_HAL_Disable
                0x0000477c       0x20 C:/Downloads/Projects/GraphicSpectrumVU/VUMeter/libksdk_platform.a(fsl_pdb_hal.o)
 .text.PDB_HAL_SetLoadValuesCmd
                0x0000479c       0x20 C:/Downloads/Projects/GraphicSpectrumVU/VUMeter/libksdk_platform.a(fsl_pdb_hal.o)
 .text.PDB_HAL_Init
                0x000047bc       0xdc C:/Downloads/Projects/GraphicSpectrumVU/VUMeter/libksdk_platform.a(fsl_pdb_hal.o)
                0x000047bc                PDB_HAL_Init
 .text.PDB_HAL_ConfigTimer
                0x00004898       0xbc C:/Downloads/Projects/GraphicSpectrumVU/VUMeter/libksdk_platform.a(fsl_pdb_hal.o)
                0x00004898                PDB_HAL_ConfigTimer
 .text.PDB_HAL_SetAdcPreTriggerBackToBackEnable
                0x00004954       0x80 C:/Downloads/Projects/GraphicSpectrumVU/VUMeter/libksdk_platform.a(fsl_pdb_hal.o)
                0x00004954                PDB_HAL_SetAdcPreTriggerBackToBackEnable
 .text.PDB_HAL_SetAdcPreTriggerOutputEnable
                0x000049d4       0x7c C:/Downloads/Projects/GraphicSpectrumVU/VUMeter/libksdk_platform.a(fsl_pdb_hal.o)
                0x000049d4                PDB_HAL_SetAdcPreTriggerOutputEnable
 .text.PDB_HAL_SetAdcPreTriggerEnable
                0x00004a50       0x78 C:/Downloads/Projects/GraphicSpectrumVU/VUMeter/libksdk_platform.a(fsl_pdb_hal.o)
                0x00004a50                PDB_HAL_SetAdcPreTriggerEnable
 .text.PDB_HAL_SetAdcPreTriggerDelayValue
                0x00004ac8       0x60 C:/Downloads/Projects/GraphicSpectrumVU/VUMeter/libksdk_platform.a(fsl_pdb_hal.o)
                0x00004ac8                PDB_HAL_SetAdcPreTriggerDelayValue
 .text.OSC_HAL_SetCapacitor
                0x00004b28       0x2c C:/Downloads/Projects/GraphicSpectrumVU/VUMeter/libksdk_platform.a(fsl_osc_hal.o)
                0x00004b28                OSC_HAL_SetCapacitor
 .text.CLOCK_HAL_GetClkOutStat
                0x00004b54       0x24 C:/Downloads/Projects/GraphicSpectrumVU/VUMeter/libksdk_platform.a(fsl_mcg_hal.o)
 .text.CLOCK_HAL_SetInternalRefClkMode
                0x00004b78       0x24 C:/Downloads/Projects/GraphicSpectrumVU/VUMeter/libksdk_platform.a(fsl_mcg_hal.o)
 .text.CLOCK_HAL_GetInternalRefClkMode
                0x00004b9c       0x24 C:/Downloads/Projects/GraphicSpectrumVU/VUMeter/libksdk_platform.a(fsl_mcg_hal.o)
 .text.CLOCK_HAL_IsPllSelected
                0x00004bc0       0x30 C:/Downloads/Projects/GraphicSpectrumVU/VUMeter/libksdk_platform.a(fsl_mcg_hal.o)
 .text.CLOCK_HAL_IsOsc0Stable
                0x00004bf0       0x30 C:/Downloads/Projects/GraphicSpectrumVU/VUMeter/libksdk_platform.a(fsl_mcg_hal.o)
 .text.CLOCK_HAL_TestOscFreq
                0x00004c20       0x50 C:/Downloads/Projects/GraphicSpectrumVU/VUMeter/libksdk_platform.a(fsl_mcg_hal.o)
                0x00004c20                CLOCK_HAL_TestOscFreq
 .text.CLOCK_HAL_PrepareOsc
                0x00004c70       0x5c C:/Downloads/Projects/GraphicSpectrumVU/VUMeter/libksdk_platform.a(fsl_mcg_hal.o)
                0x00004c70                CLOCK_HAL_PrepareOsc
 .text.CLOCK_HAL_GetMcgExternalClkFreq
                0x00004ccc       0x28 C:/Downloads/Projects/GraphicSpectrumVU/VUMeter/libksdk_platform.a(fsl_mcg_hal.o)
 .text.CLOCK_HAL_TestFllExternalRefFreq
                0x00004cf4       0x90 C:/Downloads/Projects/GraphicSpectrumVU/VUMeter/libksdk_platform.a(fsl_mcg_hal.o)
                0x00004cf4                CLOCK_HAL_TestFllExternalRefFreq
 .text.CLOCK_HAL_GetFllRefClk
                0x00004d84       0x74 C:/Downloads/Projects/GraphicSpectrumVU/VUMeter/libksdk_platform.a(fsl_mcg_hal.o)
                0x00004d84                CLOCK_HAL_GetFllRefClk
 .text.CLOCK_HAL_TestFllFreq
                0x00004df8       0x5c C:/Downloads/Projects/GraphicSpectrumVU/VUMeter/libksdk_platform.a(fsl_mcg_hal.o)
                0x00004df8                CLOCK_HAL_TestFllFreq
 .text.CLOCK_HAL_GetFllClk
                0x00004e54       0x60 C:/Downloads/Projects/GraphicSpectrumVU/VUMeter/libksdk_platform.a(fsl_mcg_hal.o)
                0x00004e54                CLOCK_HAL_GetFllClk
 .text.CLOCK_HAL_UpdateFastClkInternalRefDiv
                0x00004eb4       0xa4 C:/Downloads/Projects/GraphicSpectrumVU/VUMeter/libksdk_platform.a(fsl_mcg_hal.o)
                0x00004eb4                CLOCK_HAL_UpdateFastClkInternalRefDiv
 .text.CLOCK_HAL_UpdateInternalRefClk
                0x00004f58       0x70 C:/Downloads/Projects/GraphicSpectrumVU/VUMeter/libksdk_platform.a(fsl_mcg_hal.o)
                0x00004f58                CLOCK_HAL_UpdateInternalRefClk
 .text.CLOCK_HAL_GetPll0RefFreq
                0x00004fc8       0x18 C:/Downloads/Projects/GraphicSpectrumVU/VUMeter/libksdk_platform.a(fsl_mcg_hal.o)
                0x00004fc8                CLOCK_HAL_GetPll0RefFreq
 .text.CLOCK_HAL_GetPll0Clk
                0x00004fe0       0x7c C:/Downloads/Projects/GraphicSpectrumVU/VUMeter/libksdk_platform.a(fsl_mcg_hal.o)
                0x00004fe0                CLOCK_HAL_GetPll0Clk
 .text.CLOCK_HAL_GetInternalRefClk
                0x0000505c       0x64 C:/Downloads/Projects/GraphicSpectrumVU/VUMeter/libksdk_platform.a(fsl_mcg_hal.o)
                0x0000505c                CLOCK_HAL_GetInternalRefClk
 .text.CLOCK_HAL_GetOutClk
                0x000050c0       0x68 C:/Downloads/Projects/GraphicSpectrumVU/VUMeter/libksdk_platform.a(fsl_mcg_hal.o)
                0x000050c0                CLOCK_HAL_GetOutClk
 .text.CLOCK_HAL_SetOsc0Mode
                0x00005128       0x58 C:/Downloads/Projects/GraphicSpectrumVU/VUMeter/libksdk_platform.a(fsl_mcg_hal.o)
                0x00005128                CLOCK_HAL_SetOsc0Mode
 .text.CLOCK_HAL_GetClkOutStat
                0x00005180       0x24 C:/Downloads/Projects/GraphicSpectrumVU/VUMeter/libksdk_platform.a(fsl_mcg_hal_modes.o)
 .text.CLOCK_HAL_SetPll0EnableCmd
                0x000051a4       0x28 C:/Downloads/Projects/GraphicSpectrumVU/VUMeter/libksdk_platform.a(fsl_mcg_hal_modes.o)
 .text.CLOCK_HAL_IsPll0Locked
                0x000051cc       0x30 C:/Downloads/Projects/GraphicSpectrumVU/VUMeter/libksdk_platform.a(fsl_mcg_hal_modes.o)
 .text.CLOCK_HAL_IsPllSelected
                0x000051fc       0x30 C:/Downloads/Projects/GraphicSpectrumVU/VUMeter/libksdk_platform.a(fsl_mcg_hal_modes.o)
 .text.CLOCK_HAL_SetPbeMode
                0x0000522c       0xec C:/Downloads/Projects/GraphicSpectrumVU/VUMeter/libksdk_platform.a(fsl_mcg_hal_modes.o)
                0x0000522c                CLOCK_HAL_SetPbeMode
 .text.INT_SYS_EnableIRQGlobal
                0x00005318       0x30 C:/Downloads/Projects/GraphicSpectrumVU/VUMeter/libksdk_platform.a(fsl_interrupt_manager.o)
                0x00005318                INT_SYS_EnableIRQGlobal
 .text.INT_SYS_DisableIRQGlobal
                0x00005348       0x1c C:/Downloads/Projects/GraphicSpectrumVU/VUMeter/libksdk_platform.a(fsl_interrupt_manager.o)
                0x00005348                INT_SYS_DisableIRQGlobal
 .text.ADC16_HAL_Init
                0x00005364       0x38 C:/Downloads/Projects/GraphicSpectrumVU/VUMeter/libksdk_platform.a(fsl_adc16_hal.o)
                0x00005364                ADC16_HAL_Init
 .text.ADC16_HAL_GetAutoPlusSideGainValue
                0x0000539c       0x94 C:/Downloads/Projects/GraphicSpectrumVU/VUMeter/libksdk_platform.a(fsl_adc16_hal.o)
                0x0000539c                ADC16_HAL_GetAutoPlusSideGainValue
 .text.ADC16_HAL_GetAutoMinusSideGainValue
                0x00005430       0x94 C:/Downloads/Projects/GraphicSpectrumVU/VUMeter/libksdk_platform.a(fsl_adc16_hal.o)
                0x00005430                ADC16_HAL_GetAutoMinusSideGainValue
 .text.ADC16_HAL_ConfigChn
                0x000054c4       0x70 C:/Downloads/Projects/GraphicSpectrumVU/VUMeter/libksdk_platform.a(fsl_adc16_hal.o)
                0x000054c4                ADC16_HAL_ConfigChn
 .text.ADC16_HAL_ConfigConverter
                0x00005534      0x12c C:/Downloads/Projects/GraphicSpectrumVU/VUMeter/libksdk_platform.a(fsl_adc16_hal.o)
                0x00005534                ADC16_HAL_ConfigConverter
 .text.arm_mean_f32
                0x00005660       0x64 C:\Freescale\KSDK_1.3.0/platform/CMSIS/Lib/GCC\libarm_cortexM4lf_math.a(arm_mean_f32.o)
                0x00005660                arm_mean_f32
 .text.arm_rfft_fast_init_f32
                0x000056c4      0x108 C:\Freescale\KSDK_1.3.0/platform/CMSIS/Lib/GCC\libarm_cortexM4lf_math.a(arm_rfft_fast_init_f32.o)
                0x000056c4                arm_rfft_fast_init_f32
 .text.arm_rfft_fast_f32
                0x000057cc      0x18c C:\Freescale\KSDK_1.3.0/platform/CMSIS/Lib/GCC\libarm_cortexM4lf_math.a(arm_rfft_fast_f32.o)
                0x000057cc                arm_rfft_fast_f32
 .text.arm_cfft_radix8by2_f32
                0x00005958      0x1c4 C:\Freescale\KSDK_1.3.0/platform/CMSIS/Lib/GCC\libarm_cortexM4lf_math.a(arm_cfft_f32.o)
                0x00005958                arm_cfft_radix8by2_f32
 .text.arm_cfft_radix8by4_f32
                0x00005b1c      0x4e8 C:\Freescale\KSDK_1.3.0/platform/CMSIS/Lib/GCC\libarm_cortexM4lf_math.a(arm_cfft_f32.o)
                0x00005b1c                arm_cfft_radix8by4_f32
 .text.arm_cfft_f32
                0x00006004      0x100 C:\Freescale\KSDK_1.3.0/platform/CMSIS/Lib/GCC\libarm_cortexM4lf_math.a(arm_cfft_f32.o)
                0x00006004                arm_cfft_f32
 .text.arm_cmplx_mag_f32
                0x00006104      0x1e4 C:\Freescale\KSDK_1.3.0/platform/CMSIS/Lib/GCC\libarm_cortexM4lf_math.a(arm_cmplx_mag_f32.o)
                0x00006104                arm_cmplx_mag_f32
 .text.arm_radix8_butterfly_f32
                0x000062e8      0x5f4 C:\Freescale\KSDK_1.3.0/platform/CMSIS/Lib/GCC\libarm_cortexM4lf_math.a(arm_cfft_radix8_f32.o)
                0x000062e8                arm_radix8_butterfly_f32
 .text.roundf   0x000068dc       0x60 c:/program files (x86)/gnu tools arm embedded/4.9 2015q1/bin/../lib/gcc/arm-none-eabi/4.9.3/../../../../arm-none-eabi/lib/armv7e-m/fpu\libm.a(lib_a-sf_round.o)
                0x000068dc                roundf
 .text.expf     0x0000693c      0x104 c:/program files (x86)/gnu tools arm embedded/4.9 2015q1/bin/../lib/gcc/arm-none-eabi/4.9.3/../../../../arm-none-eabi/lib/armv7e-m/fpu\libm.a(lib_a-wf_exp.o)
                0x0000693c                expf
 .text.sqrtf    0x00006a40       0xb8 c:/program files (x86)/gnu tools arm embedded/4.9 2015q1/bin/../lib/gcc/arm-none-eabi/4.9.3/../../../../arm-none-eabi/lib/armv7e-m/fpu\libm.a(lib_a-wf_sqrt.o)
                0x00006a40                sqrtf
 .text.__ieee754_expf
                0x00006af8      0x1b4 c:/program files (x86)/gnu tools arm embedded/4.9 2015q1/bin/../lib/gcc/arm-none-eabi/4.9.3/../../../../arm-none-eabi/lib/armv7e-m/fpu\libm.a(lib_a-ef_exp.o)
                0x00006af8                __ieee754_expf
 .text.__ieee754_sqrtf
                0x00006cac       0xa4 c:/program files (x86)/gnu tools arm embedded/4.9 2015q1/bin/../lib/gcc/arm-none-eabi/4.9.3/../../../../arm-none-eabi/lib/armv7e-m/fpu\libm.a(lib_a-ef_sqrt.o)
                0x00006cac                __ieee754_sqrtf
 .text.matherr  0x00006d50        0x4 c:/program files (x86)/gnu tools arm embedded/4.9 2015q1/bin/../lib/gcc/arm-none-eabi/4.9.3/../../../../arm-none-eabi/lib/armv7e-m/fpu\libm.a(lib_a-s_matherr.o)
                0x00006d50                matherr
 .text.finitef  0x00006d54       0x14 c:/program files (x86)/gnu tools arm embedded/4.9 2015q1/bin/../lib/gcc/arm-none-eabi/4.9.3/../../../../arm-none-eabi/lib/armv7e-m/fpu\libm.a(lib_a-sf_finite.o)
                0x00006d54                finitef
 .text.__fpclassifyf
                0x00006d68       0x38 c:/program files (x86)/gnu tools arm embedded/4.9 2015q1/bin/../lib/gcc/arm-none-eabi/4.9.3/../../../../arm-none-eabi/lib/armv7e-m/fpu\libm.a(lib_a-sf_fpclassify.o)
                0x00006d68                __fpclassifyf
 .text.__assert_func
                0x00006da0       0x38 c:/program files (x86)/gnu tools arm embedded/4.9 2015q1/bin/../lib/gcc/arm-none-eabi/4.9.3/../../../../arm-none-eabi/lib/armv7e-m/fpu\libg_nano.a(lib_a-assert.o)
                0x00006da0                __assert_func
 .text.__errno  0x00006dd8        0xc c:/program files (x86)/gnu tools arm embedded/4.9 2015q1/bin/../lib/gcc/arm-none-eabi/4.9.3/../../../../arm-none-eabi/lib/armv7e-m/fpu\libg_nano.a(lib_a-errno.o)
                0x00006dd8                __errno
 .text.exit     0x00006de4       0x28 c:/program files (x86)/gnu tools arm embedded/4.9 2015q1/bin/../lib/gcc/arm-none-eabi/4.9.3/../../../../arm-none-eabi/lib/armv7e-m/fpu\libg_nano.a(lib_a-exit.o)
                0x00006de4                exit
 .text.fprintf  0x00006e0c       0x24 c:/program files (x86)/gnu tools arm embedded/4.9 2015q1/bin/../lib/gcc/arm-none-eabi/4.9.3/../../../../arm-none-eabi/lib/armv7e-m/fpu\libg_nano.a(lib_a-fprintf.o)
                0x00006e0c                fiprintf
                0x00006e0c                fprintf
 .text.__libc_init_array
                0x00006e30       0x4c c:/program files (x86)/gnu tools arm embedded/4.9 2015q1/bin/../lib/gcc/arm-none-eabi/4.9.3/../../../../arm-none-eabi/lib/armv7e-m/fpu\libg_nano.a(lib_a-init.o)
                0x00006e30                __libc_init_array
 .text.memset   0x00006e7c       0x10 c:/program files (x86)/gnu tools arm embedded/4.9 2015q1/bin/../lib/gcc/arm-none-eabi/4.9.3/../../../../arm-none-eabi/lib/armv7e-m/fpu\libg_nano.a(lib_a-memset.o)
                0x00006e7c                memset
 .text._free_r  0x00006e8c       0x88 c:/program files (x86)/gnu tools arm embedded/4.9 2015q1/bin/../lib/gcc/arm-none-eabi/4.9.3/../../../../arm-none-eabi/lib/armv7e-m/fpu\libg_nano.a(lib_a-nano-freer.o)
                0x00006e8c                _free_r
 .text._malloc_r
                0x00006f14       0xac c:/program files (x86)/gnu tools arm embedded/4.9 2015q1/bin/../lib/gcc/arm-none-eabi/4.9.3/../../../../arm-none-eabi/lib/armv7e-m/fpu\libg_nano.a(lib_a-nano-mallocr.o)
                0x00006f14                _malloc_r
 .text.__sfputc_r
                0x00006fc0       0x2c c:/program files (x86)/gnu tools arm embedded/4.9 2015q1/bin/../lib/gcc/arm-none-eabi/4.9.3/../../../../arm-none-eabi/lib/armv7e-m/fpu\libg_nano.a(lib_a-nano-vfprintf.o)
 .text.__sfputs_r
                0x00006fec       0x24 c:/program files (x86)/gnu tools arm embedded/4.9 2015q1/bin/../lib/gcc/arm-none-eabi/4.9.3/../../../../arm-none-eabi/lib/armv7e-m/fpu\libg_nano.a(lib_a-nano-vfprintf.o)
                0x00006fec                __sfputs_r
 .text._vfprintf_r
                0x00007010      0x210 c:/program files (x86)/gnu tools arm embedded/4.9 2015q1/bin/../lib/gcc/arm-none-eabi/4.9.3/../../../../arm-none-eabi/lib/armv7e-m/fpu\libg_nano.a(lib_a-nano-vfprintf.o)
                0x00007010                _vfprintf_r
                0x00007010                _vfiprintf_r
 .text._printf_common
                0x00007220       0xea c:/program files (x86)/gnu tools arm embedded/4.9 2015q1/bin/../lib/gcc/arm-none-eabi/4.9.3/../../../../arm-none-eabi/lib/armv7e-m/fpu\libg_nano.a(lib_a-nano-vfprintf_i.o)
                0x00007220                _printf_common
 *fill*         0x0000730a        0x2 
 .text._printf_i
                0x0000730c      0x240 c:/program files (x86)/gnu tools arm embedded/4.9 2015q1/bin/../lib/gcc/arm-none-eabi/4.9.3/../../../../arm-none-eabi/lib/armv7e-m/fpu\libg_nano.a(lib_a-nano-vfprintf_i.o)
                0x0000730c                _printf_i
 .text._sbrk_r  0x0000754c       0x20 c:/program files (x86)/gnu tools arm embedded/4.9 2015q1/bin/../lib/gcc/arm-none-eabi/4.9.3/../../../../arm-none-eabi/lib/armv7e-m/fpu\libg_nano.a(lib_a-sbrkr.o)
                0x0000754c                _sbrk_r
 .text.__swbuf_r
                0x0000756c       0xa8 c:/program files (x86)/gnu tools arm embedded/4.9 2015q1/bin/../lib/gcc/arm-none-eabi/4.9.3/../../../../arm-none-eabi/lib/armv7e-m/fpu\libg_nano.a(lib_a-wbuf.o)
                0x0000756c                __swbuf_r
 .text.__swsetup_r
                0x00007614       0xd8 c:/program files (x86)/gnu tools arm embedded/4.9 2015q1/bin/../lib/gcc/arm-none-eabi/4.9.3/../../../../arm-none-eabi/lib/armv7e-m/fpu\libg_nano.a(lib_a-wsetup.o)
                0x00007614                __swsetup_r
 .text.abort    0x000076ec        0xe c:/program files (x86)/gnu tools arm embedded/4.9 2015q1/bin/../lib/gcc/arm-none-eabi/4.9.3/../../../../arm-none-eabi/lib/armv7e-m/fpu\libg_nano.a(lib_a-abort.o)
                0x000076ec                abort
 .text.__sflush_r
                0x000076fa      0x108 c:/program files (x86)/gnu tools arm embedded/4.9 2015q1/bin/../lib/gcc/arm-none-eabi/4.9.3/../../../../arm-none-eabi/lib/armv7e-m/fpu\libg_nano.a(lib_a-fflush.o)
                0x000076fa                __sflush_r
 *fill*         0x00007802        0x2 
 .text._fflush_r
                0x00007804       0x54 c:/program files (x86)/gnu tools arm embedded/4.9 2015q1/bin/../lib/gcc/arm-none-eabi/4.9.3/../../../../arm-none-eabi/lib/armv7e-m/fpu\libg_nano.a(lib_a-fflush.o)
                0x00007804                _fflush_r
 .text._cleanup_r
                0x00007858        0xc c:/program files (x86)/gnu tools arm embedded/4.9 2015q1/bin/../lib/gcc/arm-none-eabi/4.9.3/../../../../arm-none-eabi/lib/armv7e-m/fpu\libg_nano.a(lib_a-findfp.o)
                0x00007858                _cleanup_r
 .text.std.isra.0
                0x00007864       0x48 c:/program files (x86)/gnu tools arm embedded/4.9 2015q1/bin/../lib/gcc/arm-none-eabi/4.9.3/../../../../arm-none-eabi/lib/armv7e-m/fpu\libg_nano.a(lib_a-findfp.o)
 .text.__sfmoreglue
                0x000078ac       0x2c c:/program files (x86)/gnu tools arm embedded/4.9 2015q1/bin/../lib/gcc/arm-none-eabi/4.9.3/../../../../arm-none-eabi/lib/armv7e-m/fpu\libg_nano.a(lib_a-findfp.o)
                0x000078ac                __sfmoreglue
 .text.__sinit  0x000078d8       0x60 c:/program files (x86)/gnu tools arm embedded/4.9 2015q1/bin/../lib/gcc/arm-none-eabi/4.9.3/../../../../arm-none-eabi/lib/armv7e-m/fpu\libg_nano.a(lib_a-findfp.o)
                0x000078d8                __sinit
 .text.__sfp    0x00007938       0x74 c:/program files (x86)/gnu tools arm embedded/4.9 2015q1/bin/../lib/gcc/arm-none-eabi/4.9.3/../../../../arm-none-eabi/lib/armv7e-m/fpu\libg_nano.a(lib_a-findfp.o)
                0x00007938                __sfp
 .text._fwalk_reent
                0x000079ac       0x3c c:/program files (x86)/gnu tools arm embedded/4.9 2015q1/bin/../lib/gcc/arm-none-eabi/4.9.3/../../../../arm-none-eabi/lib/armv7e-m/fpu\libg_nano.a(lib_a-fwalk.o)
                0x000079ac                _fwalk_reent
 .text.__smakebuf_r
                0x000079e8       0x9c c:/program files (x86)/gnu tools arm embedded/4.9 2015q1/bin/../lib/gcc/arm-none-eabi/4.9.3/../../../../arm-none-eabi/lib/armv7e-m/fpu\libg_nano.a(lib_a-makebuf.o)
                0x000079e8                __smakebuf_r
 .text.memchr   0x00007a84       0x1e c:/program files (x86)/gnu tools arm embedded/4.9 2015q1/bin/../lib/gcc/arm-none-eabi/4.9.3/../../../../arm-none-eabi/lib/armv7e-m/fpu\libg_nano.a(lib_a-memchr.o)
                0x00007a84                memchr
 .text._raise_r
                0x00007aa2       0x50 c:/program files (x86)/gnu tools arm embedded/4.9 2015q1/bin/../lib/gcc/arm-none-eabi/4.9.3/../../../../arm-none-eabi/lib/armv7e-m/fpu\libg_nano.a(lib_a-signal.o)
                0x00007aa2                _raise_r
 *fill*         0x00007af2        0x2 
 .text.raise    0x00007af4       0x10 c:/program files (x86)/gnu tools arm embedded/4.9 2015q1/bin/../lib/gcc/arm-none-eabi/4.9.3/../../../../arm-none-eabi/lib/armv7e-m/fpu\libg_nano.a(lib_a-signal.o)
                0x00007af4                raise
 .text._kill_r  0x00007b04       0x24 c:/program files (x86)/gnu tools arm embedded/4.9 2015q1/bin/../lib/gcc/arm-none-eabi/4.9.3/../../../../arm-none-eabi/lib/armv7e-m/fpu\libg_nano.a(lib_a-signalr.o)
                0x00007b04                _kill_r
 .text._getpid_r
                0x00007b28        0x4 c:/program files (x86)/gnu tools arm embedded/4.9 2015q1/bin/../lib/gcc/arm-none-eabi/4.9.3/../../../../arm-none-eabi/lib/armv7e-m/fpu\libg_nano.a(lib_a-signalr.o)
                0x00007b28                _getpid_r
 .text.__sread  0x00007b2c       0x22 c:/program files (x86)/gnu tools arm embedded/4.9 2015q1/bin/../lib/gcc/arm-none-eabi/4.9.3/../../../../arm-none-eabi/lib/armv7e-m/fpu\libg_nano.a(lib_a-stdio.o)
                0x00007b2c                __sread
 .text.__swrite
                0x00007b4e       0x38 c:/program files (x86)/gnu tools arm embedded/4.9 2015q1/bin/../lib/gcc/arm-none-eabi/4.9.3/../../../../arm-none-eabi/lib/armv7e-m/fpu\libg_nano.a(lib_a-stdio.o)
                0x00007b4e                __swrite
 .text.__sseek  0x00007b86       0x24 c:/program files (x86)/gnu tools arm embedded/4.9 2015q1/bin/../lib/gcc/arm-none-eabi/4.9.3/../../../../arm-none-eabi/lib/armv7e-m/fpu\libg_nano.a(lib_a-stdio.o)
                0x00007b86                __sseek
 .text.__sclose
                0x00007baa        0x8 c:/program files (x86)/gnu tools arm embedded/4.9 2015q1/bin/../lib/gcc/arm-none-eabi/4.9.3/../../../../arm-none-eabi/lib/armv7e-m/fpu\libg_nano.a(lib_a-stdio.o)
                0x00007baa                __sclose
 *fill*         0x00007bb2        0x2 
 .text._write_r
                0x00007bb4       0x24 c:/program files (x86)/gnu tools arm embedded/4.9 2015q1/bin/../lib/gcc/arm-none-eabi/4.9.3/../../../../arm-none-eabi/lib/armv7e-m/fpu\libg_nano.a(lib_a-writer.o)
                0x00007bb4                _write_r
 .text._close_r
                0x00007bd8       0x20 c:/program files (x86)/gnu tools arm embedded/4.9 2015q1/bin/../lib/gcc/arm-none-eabi/4.9.3/../../../../arm-none-eabi/lib/armv7e-m/fpu\libg_nano.a(lib_a-closer.o)
                0x00007bd8                _close_r
 .text._fstat_r
                0x00007bf8       0x24 c:/program files (x86)/gnu tools arm embedded/4.9 2015q1/bin/../lib/gcc/arm-none-eabi/4.9.3/../../../../arm-none-eabi/lib/armv7e-m/fpu\libg_nano.a(lib_a-fstatr.o)
                0x00007bf8                _fstat_r
 .text._isatty_r
                0x00007c1c       0x20 c:/program files (x86)/gnu tools arm embedded/4.9 2015q1/bin/../lib/gcc/arm-none-eabi/4.9.3/../../../../arm-none-eabi/lib/armv7e-m/fpu\libg_nano.a(lib_a-isattyr.o)
                0x00007c1c                _isatty_r
 .text._lseek_r
                0x00007c3c       0x24 c:/program files (x86)/gnu tools arm embedded/4.9 2015q1/bin/../lib/gcc/arm-none-eabi/4.9.3/../../../../arm-none-eabi/lib/armv7e-m/fpu\libg_nano.a(lib_a-lseekr.o)
                0x00007c3c                _lseek_r
 .text._read_r  0x00007c60       0x24 c:/program files (x86)/gnu tools arm embedded/4.9 2015q1/bin/../lib/gcc/arm-none-eabi/4.9.3/../../../../arm-none-eabi/lib/armv7e-m/fpu\libg_nano.a(lib_a-readr.o)
                0x00007c60                _read_r
 .text._close   0x00007c84       0x10 c:/program files (x86)/gnu tools arm embedded/4.9 2015q1/bin/../lib/gcc/arm-none-eabi/4.9.3/../../../../arm-none-eabi/lib/armv7e-m/fpu\libnosys.a(close.o)
                0x00007c84                _close
 .text._fstat   0x00007c94       0x10 c:/program files (x86)/gnu tools arm embedded/4.9 2015q1/bin/../lib/gcc/arm-none-eabi/4.9.3/../../../../arm-none-eabi/lib/armv7e-m/fpu\libnosys.a(fstat.o)
                0x00007c94                _fstat
 .text._getpid  0x00007ca4       0x10 c:/program files (x86)/gnu tools arm embedded/4.9 2015q1/bin/../lib/gcc/arm-none-eabi/4.9.3/../../../../arm-none-eabi/lib/armv7e-m/fpu\libnosys.a(getpid.o)
                0x00007ca4                _getpid
 .text._isatty  0x00007cb4       0x10 c:/program files (x86)/gnu tools arm embedded/4.9 2015q1/bin/../lib/gcc/arm-none-eabi/4.9.3/../../../../arm-none-eabi/lib/armv7e-m/fpu\libnosys.a(isatty.o)
                0x00007cb4                _isatty
 .text._kill    0x00007cc4       0x10 c:/program files (x86)/gnu tools arm embedded/4.9 2015q1/bin/../lib/gcc/arm-none-eabi/4.9.3/../../../../arm-none-eabi/lib/armv7e-m/fpu\libnosys.a(kill.o)
                0x00007cc4                _kill
 .text._lseek   0x00007cd4       0x10 c:/program files (x86)/gnu tools arm embedded/4.9 2015q1/bin/../lib/gcc/arm-none-eabi/4.9.3/../../../../arm-none-eabi/lib/armv7e-m/fpu\libnosys.a(lseek.o)
                0x00007cd4                _lseek
 .text._read    0x00007ce4       0x10 c:/program files (x86)/gnu tools arm embedded/4.9 2015q1/bin/../lib/gcc/arm-none-eabi/4.9.3/../../../../arm-none-eabi/lib/armv7e-m/fpu\libnosys.a(read.o)
                0x00007ce4                _read
 .text._sbrk    0x00007cf4       0x1c c:/program files (x86)/gnu tools arm embedded/4.9 2015q1/bin/../lib/gcc/arm-none-eabi/4.9.3/../../../../arm-none-eabi/lib/armv7e-m/fpu\libnosys.a(sbrk.o)
                0x00007cf4                _sbrk
 .text._write   0x00007d10       0x10 c:/program files (x86)/gnu tools arm embedded/4.9 2015q1/bin/../lib/gcc/arm-none-eabi/4.9.3/../../../../arm-none-eabi/lib/armv7e-m/fpu\libnosys.a(write.o)
                0x00007d10                _write
 .text._exit    0x00007d20        0x4 c:/program files (x86)/gnu tools arm embedded/4.9 2015q1/bin/../lib/gcc/arm-none-eabi/4.9.3/../../../../arm-none-eabi/lib/armv7e-m/fpu\libnosys.a(_exit.o)
                0x00007d20                _exit
 *(.rodata)
 .rodata        0x00007d24       0x50 ./board/board.o
 .rodata        0x00007d74       0x64 ./Sources/edma_init.o
 .rodata        0x00007dd8       0x44 ./Sources/main.o
 .rodata        0x00007e1c      0x124 C:/Downloads/Projects/GraphicSpectrumVU/VUMeter/libksdk_platform.a(fsl_uart_driver.o)
 .rodata        0x00007f40       0xe8 C:/Downloads/Projects/GraphicSpectrumVU/VUMeter/libksdk_platform.a(fsl_sim_hal_MK64F12.o)
 .rodata        0x00008028      0x16c C:/Downloads/Projects/GraphicSpectrumVU/VUMeter/libksdk_platform.a(fsl_pdb_driver.o)
 .rodata        0x00008194       0xb0 C:/Downloads/Projects/GraphicSpectrumVU/VUMeter/libksdk_platform.a(fsl_edma_hal.o)
 .rodata        0x00008244      0x124 C:/Downloads/Projects/GraphicSpectrumVU/VUMeter/libksdk_platform.a(fsl_edma_driver.o)
 .rodata        0x00008368      0x1f0 C:/Downloads/Projects/GraphicSpectrumVU/VUMeter/libksdk_platform.a(fsl_clock_MK64F12.o)
 .rodata        0x00008558       0xcc C:/Downloads/Projects/GraphicSpectrumVU/VUMeter/libksdk_platform.a(fsl_clock_manager.o)
 .rodata        0x00008624      0x148 C:/Downloads/Projects/GraphicSpectrumVU/VUMeter/libksdk_platform.a(fsl_adc16_driver.o)
 .rodata        0x0000876c       0x78 C:/Downloads/Projects/GraphicSpectrumVU/VUMeter/libksdk_platform.a(fsl_os_abstraction_bm.o)
 .rodata        0x000087e4       0xa8 C:/Downloads/Projects/GraphicSpectrumVU/VUMeter/libksdk_platform.a(fsl_pdb_hal.o)
 .rodata        0x0000888c       0x78 C:/Downloads/Projects/GraphicSpectrumVU/VUMeter/libksdk_platform.a(fsl_adc16_hal.o)
 *(.rodata*)
 .rodata.g_defaultClockConfigRun
                0x00008904       0x18 ./board/board.o
                0x00008904                g_defaultClockConfigRun
 .rodata.__func__.6273
                0x0000891c       0x14 ./board/board.o
 .rodata.__func__.6505
                0x00008930       0x1c ./Sources/edma_init.o
 .rodata.__func__.11748
                0x0000894c       0x14 ./Sources/main.o
 .rodata.__func__.8526
                0x00008960       0x10 C:/Downloads/Projects/GraphicSpectrumVU/VUMeter/libksdk_platform.a(fsl_uart_driver.o)
 .rodata.__func__.8499
                0x00008970       0x14 C:/Downloads/Projects/GraphicSpectrumVU/VUMeter/libksdk_platform.a(fsl_uart_driver.o)
 .rodata.__func__.8583
                0x00008984       0x14 C:/Downloads/Projects/GraphicSpectrumVU/VUMeter/libksdk_platform.a(fsl_uart_driver.o)
 .rodata.__func__.8590
                0x00008998       0x1c C:/Downloads/Projects/GraphicSpectrumVU/VUMeter/libksdk_platform.a(fsl_uart_driver.o)
 .rodata.__func__.8649
                0x000089b4       0x1c C:/Downloads/Projects/GraphicSpectrumVU/VUMeter/libksdk_platform.a(fsl_uart_driver.o)
 .rodata.__func__.8657
                0x000089d0       0x18 C:/Downloads/Projects/GraphicSpectrumVU/VUMeter/libksdk_platform.a(fsl_uart_driver.o)
 .rodata.__func__.8663
                0x000089e8       0x20 C:/Downloads/Projects/GraphicSpectrumVU/VUMeter/libksdk_platform.a(fsl_uart_driver.o)
 .rodata.__func__.6580
                0x00008a08       0x24 C:/Downloads/Projects/GraphicSpectrumVU/VUMeter/libksdk_platform.a(fsl_sim_hal_MK64F12.o)
 .rodata.__func__.7879
                0x00008a2c       0x10 C:/Downloads/Projects/GraphicSpectrumVU/VUMeter/libksdk_platform.a(fsl_pdb_driver.o)
 .rodata.__func__.7866
                0x00008a3c       0x14 C:/Downloads/Projects/GraphicSpectrumVU/VUMeter/libksdk_platform.a(fsl_pdb_driver.o)
 .rodata.__func__.7870
                0x00008a50       0x14 C:/Downloads/Projects/GraphicSpectrumVU/VUMeter/libksdk_platform.a(fsl_pdb_driver.o)
 .rodata.__func__.7889
                0x00008a64       0x18 C:/Downloads/Projects/GraphicSpectrumVU/VUMeter/libksdk_platform.a(fsl_pdb_driver.o)
 .rodata.__func__.7909
                0x00008a7c       0x18 C:/Downloads/Projects/GraphicSpectrumVU/VUMeter/libksdk_platform.a(fsl_pdb_driver.o)
 .rodata.__func__.7915
                0x00008a94       0x20 C:/Downloads/Projects/GraphicSpectrumVU/VUMeter/libksdk_platform.a(fsl_pdb_driver.o)
 .rodata.__func__.7928
                0x00008ab4       0x1c C:/Downloads/Projects/GraphicSpectrumVU/VUMeter/libksdk_platform.a(fsl_pdb_driver.o)
 .rodata.__func__.7964
                0x00008ad0       0x24 C:/Downloads/Projects/GraphicSpectrumVU/VUMeter/libksdk_platform.a(fsl_pdb_driver.o)
 .rodata.__func__.6592
                0x00008af4       0x1c C:/Downloads/Projects/GraphicSpectrumVU/VUMeter/libksdk_platform.a(fsl_edma_hal.o)
 .rodata.__func__.6598
                0x00008b10       0x18 C:/Downloads/Projects/GraphicSpectrumVU/VUMeter/libksdk_platform.a(fsl_edma_hal.o)
 .rodata.__func__.6620
                0x00008b28       0x1c C:/Downloads/Projects/GraphicSpectrumVU/VUMeter/libksdk_platform.a(fsl_edma_hal.o)
 .rodata.__func__.6626
                0x00008b44       0x18 C:/Downloads/Projects/GraphicSpectrumVU/VUMeter/libksdk_platform.a(fsl_edma_hal.o)
 .rodata.__func__.6634
                0x00008b5c       0x20 C:/Downloads/Projects/GraphicSpectrumVU/VUMeter/libksdk_platform.a(fsl_edma_hal.o)
 .rodata.__func__.6383
                0x00008b7c       0x18 C:/Downloads/Projects/GraphicSpectrumVU/VUMeter/libksdk_platform.a(fsl_edma_hal.o)
 .rodata.__func__.6412
                0x00008b94       0x1c C:/Downloads/Projects/GraphicSpectrumVU/VUMeter/libksdk_platform.a(fsl_edma_hal.o)
 .rodata.__func__.6388
                0x00008bb0       0x1c C:/Downloads/Projects/GraphicSpectrumVU/VUMeter/libksdk_platform.a(fsl_edma_hal.o)
 .rodata.__func__.6417
                0x00008bcc       0x1c C:/Downloads/Projects/GraphicSpectrumVU/VUMeter/libksdk_platform.a(fsl_edma_hal.o)
 .rodata.__func__.6407
                0x00008be8       0x20 C:/Downloads/Projects/GraphicSpectrumVU/VUMeter/libksdk_platform.a(fsl_edma_hal.o)
 .rodata.__func__.6422
                0x00008c08       0x20 C:/Downloads/Projects/GraphicSpectrumVU/VUMeter/libksdk_platform.a(fsl_edma_hal.o)
 .rodata.__func__.6456
                0x00008c28       0x18 C:/Downloads/Projects/GraphicSpectrumVU/VUMeter/libksdk_platform.a(fsl_edma_hal.o)
 .rodata.__func__.6446
                0x00008c40       0x34 C:/Downloads/Projects/GraphicSpectrumVU/VUMeter/libksdk_platform.a(fsl_edma_hal.o)
 .rodata.g_edmaBase
                0x00008c74        0x4 C:/Downloads/Projects/GraphicSpectrumVU/VUMeter/libksdk_platform.a(fsl_edma_common.o)
                0x00008c74                g_edmaBase
 .rodata.g_dmamuxBase
                0x00008c78        0x4 C:/Downloads/Projects/GraphicSpectrumVU/VUMeter/libksdk_platform.a(fsl_edma_common.o)
                0x00008c78                g_dmamuxBase
 .rodata.g_edmaIrqId
                0x00008c7c       0x10 C:/Downloads/Projects/GraphicSpectrumVU/VUMeter/libksdk_platform.a(fsl_edma_common.o)
                0x00008c7c                g_edmaIrqId
 .rodata.g_edmaErrIrqId
                0x00008c8c        0x4 C:/Downloads/Projects/GraphicSpectrumVU/VUMeter/libksdk_platform.a(fsl_edma_common.o)
                0x00008c8c                g_edmaErrIrqId
 .rodata.__func__.8615
                0x00008c90       0x14 C:/Downloads/Projects/GraphicSpectrumVU/VUMeter/libksdk_platform.a(fsl_edma_driver.o)
 .rodata.__func__.6755
                0x00008ca4       0x1c C:/Downloads/Projects/GraphicSpectrumVU/VUMeter/libksdk_platform.a(fsl_edma_driver.o)
 .rodata.__func__.6743
                0x00008cc0       0x1c C:/Downloads/Projects/GraphicSpectrumVU/VUMeter/libksdk_platform.a(fsl_edma_driver.o)
 .rodata.portGateTable
                0x00008cdc        0x8 C:/Downloads/Projects/GraphicSpectrumVU/VUMeter/libksdk_platform.a(fsl_clock_MK64F12.o)
 .rodata.adcGateTable
                0x00008ce4        0x4 C:/Downloads/Projects/GraphicSpectrumVU/VUMeter/libksdk_platform.a(fsl_clock_MK64F12.o)
 .rodata.uartGateTable
                0x00008ce8        0x8 C:/Downloads/Projects/GraphicSpectrumVU/VUMeter/libksdk_platform.a(fsl_clock_MK64F12.o)
 .rodata.__func__.7761
                0x00008cf0       0x1c C:/Downloads/Projects/GraphicSpectrumVU/VUMeter/libksdk_platform.a(fsl_clock_MK64F12.o)
 .rodata.__func__.7774
                0x00008d0c       0x1c C:/Downloads/Projects/GraphicSpectrumVU/VUMeter/libksdk_platform.a(fsl_clock_MK64F12.o)
 .rodata.__func__.7839
                0x00008d28       0x1c C:/Downloads/Projects/GraphicSpectrumVU/VUMeter/libksdk_platform.a(fsl_clock_MK64F12.o)
 .rodata.__func__.8048
                0x00008d44       0x14 C:/Downloads/Projects/GraphicSpectrumVU/VUMeter/libksdk_platform.a(fsl_clock_manager.o)
 .rodata.__func__.8065
                0x00008d58       0x18 C:/Downloads/Projects/GraphicSpectrumVU/VUMeter/libksdk_platform.a(fsl_clock_manager.o)
 .rodata.g_oscBase
                0x00008d70        0x4 C:/Downloads/Projects/GraphicSpectrumVU/VUMeter/libksdk_platform.a(fsl_clock_manager_common.o)
                0x00008d70                g_oscBase
 .rodata.__func__.7885
                0x00008d74       0x24 C:/Downloads/Projects/GraphicSpectrumVU/VUMeter/libksdk_platform.a(fsl_adc16_driver.o)
 .rodata.__func__.6173
                0x00008d98       0x24 C:/Downloads/Projects/GraphicSpectrumVU/VUMeter/libksdk_platform.a(fsl_adc16_driver.o)
 .rodata.__func__.6187
                0x00008dbc       0x1c C:/Downloads/Projects/GraphicSpectrumVU/VUMeter/libksdk_platform.a(fsl_adc16_driver.o)
 .rodata.__func__.7895
                0x00008dd8       0x20 C:/Downloads/Projects/GraphicSpectrumVU/VUMeter/libksdk_platform.a(fsl_adc16_driver.o)
 .rodata.__func__.7904
                0x00008df8       0x10 C:/Downloads/Projects/GraphicSpectrumVU/VUMeter/libksdk_platform.a(fsl_adc16_driver.o)
 .rodata.__func__.7872
                0x00008e08       0x14 C:/Downloads/Projects/GraphicSpectrumVU/VUMeter/libksdk_platform.a(fsl_adc16_driver.o)
 .rodata.__func__.7934
                0x00008e1c       0x18 C:/Downloads/Projects/GraphicSpectrumVU/VUMeter/libksdk_platform.a(fsl_adc16_driver.o)
 .rodata.__func__.7893
                0x00008e34       0x10 C:/Downloads/Projects/GraphicSpectrumVU/VUMeter/libksdk_platform.a(fsl_os_abstraction_bm.o)
 .rodata.__func__.7903
                0x00008e44       0x10 C:/Downloads/Projects/GraphicSpectrumVU/VUMeter/libksdk_platform.a(fsl_os_abstraction_bm.o)
 .rodata.g_uartBase
                0x00008e54       0x18 C:/Downloads/Projects/GraphicSpectrumVU/VUMeter/libksdk_platform.a(fsl_uart_common.o)
                0x00008e54                g_uartBase
 .rodata.__func__.6217
                0x00008e6c       0x2c C:/Downloads/Projects/GraphicSpectrumVU/VUMeter/libksdk_platform.a(fsl_pdb_hal.o)
 .rodata.__func__.6225
                0x00008e98       0x28 C:/Downloads/Projects/GraphicSpectrumVU/VUMeter/libksdk_platform.a(fsl_pdb_hal.o)
 .rodata.__func__.6233
                0x00008ec0       0x20 C:/Downloads/Projects/GraphicSpectrumVU/VUMeter/libksdk_platform.a(fsl_pdb_hal.o)
 .rodata.__func__.6255
                0x00008ee0       0x24 C:/Downloads/Projects/GraphicSpectrumVU/VUMeter/libksdk_platform.a(fsl_pdb_hal.o)
 .rodata.g_pdbBase
                0x00008f04        0x4 C:/Downloads/Projects/GraphicSpectrumVU/VUMeter/libksdk_platform.a(fsl_pdb_common.o)
                0x00008f04                g_pdbBase
 .rodata.g_pdbIrqId
                0x00008f08        0x4 C:/Downloads/Projects/GraphicSpectrumVU/VUMeter/libksdk_platform.a(fsl_pdb_common.o)
                0x00008f08                g_pdbIrqId
 .rodata.fllFactorTable.6344
                0x00008f0c       0x10 C:/Downloads/Projects/GraphicSpectrumVU/VUMeter/libksdk_platform.a(fsl_mcg_hal.o)
 .rodata.__func__.6231
                0x00008f1c       0x14 C:/Downloads/Projects/GraphicSpectrumVU/VUMeter/libksdk_platform.a(fsl_adc16_hal.o)
 .rodata.g_adcBase
                0x00008f30        0x8 C:/Downloads/Projects/GraphicSpectrumVU/VUMeter/libksdk_platform.a(fsl_adc16_common.o)
                0x00008f30                g_adcBase
 .rodata.g_adcIrqId
                0x00008f38        0x4 C:/Downloads/Projects/GraphicSpectrumVU/VUMeter/libksdk_platform.a(fsl_adc16_common.o)
                0x00008f38                g_adcIrqId
 .rodata.twiddleCoef_2048
                0x00008f3c     0x4000 C:\Freescale\KSDK_1.3.0/platform/CMSIS/Lib/GCC\libarm_cortexM4lf_math.a(arm_common_tables.o)
                0x00008f3c                twiddleCoef_2048
 .rodata.twiddleCoef_rfft_64
                0x0000cf3c      0x100 C:\Freescale\KSDK_1.3.0/platform/CMSIS/Lib/GCC\libarm_cortexM4lf_math.a(arm_common_tables.o)
                0x0000cf3c                twiddleCoef_rfft_64
 .rodata.armBitRevIndexTable64
                0x0000d03c       0x70 C:\Freescale\KSDK_1.3.0/platform/CMSIS/Lib/GCC\libarm_cortexM4lf_math.a(arm_common_tables.o)
                0x0000d03c                armBitRevIndexTable64
 .rodata.twiddleCoef_rfft_2048
                0x0000d0ac     0x2000 C:\Freescale\KSDK_1.3.0/platform/CMSIS/Lib/GCC\libarm_cortexM4lf_math.a(arm_common_tables.o)
                0x0000d0ac                twiddleCoef_rfft_2048
 .rodata.twiddleCoef_rfft_4096
                0x0000f0ac     0x4000 C:\Freescale\KSDK_1.3.0/platform/CMSIS/Lib/GCC\libarm_cortexM4lf_math.a(arm_common_tables.o)
                0x0000f0ac                twiddleCoef_rfft_4096
 .rodata.twiddleCoef_256
                0x000130ac      0x800 C:\Freescale\KSDK_1.3.0/platform/CMSIS/Lib/GCC\libarm_cortexM4lf_math.a(arm_common_tables.o)
                0x000130ac                twiddleCoef_256
 .rodata.twiddleCoef_16
                0x000138ac       0x80 C:\Freescale\KSDK_1.3.0/platform/CMSIS/Lib/GCC\libarm_cortexM4lf_math.a(arm_common_tables.o)
                0x000138ac                twiddleCoef_16
 .rodata.twiddleCoef_1024
                0x0001392c     0x2000 C:\Freescale\KSDK_1.3.0/platform/CMSIS/Lib/GCC\libarm_cortexM4lf_math.a(arm_common_tables.o)
                0x0001392c                twiddleCoef_1024
 .rodata.twiddleCoef_32
                0x0001592c      0x100 C:\Freescale\KSDK_1.3.0/platform/CMSIS/Lib/GCC\libarm_cortexM4lf_math.a(arm_common_tables.o)
                0x0001592c                twiddleCoef_32
 .rodata.armBitRevIndexTable1024
                0x00015a2c      0xe10 C:\Freescale\KSDK_1.3.0/platform/CMSIS/Lib/GCC\libarm_cortexM4lf_math.a(arm_common_tables.o)
                0x00015a2c                armBitRevIndexTable1024
 .rodata.armBitRevIndexTable16
                0x0001683c       0x28 C:\Freescale\KSDK_1.3.0/platform/CMSIS/Lib/GCC\libarm_cortexM4lf_math.a(arm_common_tables.o)
                0x0001683c                armBitRevIndexTable16
 .rodata.twiddleCoef_rfft_32
                0x00016864       0x80 C:\Freescale\KSDK_1.3.0/platform/CMSIS/Lib/GCC\libarm_cortexM4lf_math.a(arm_common_tables.o)
                0x00016864                twiddleCoef_rfft_32
 .rodata.armBitRevIndexTable32
                0x000168e4       0x60 C:\Freescale\KSDK_1.3.0/platform/CMSIS/Lib/GCC\libarm_cortexM4lf_math.a(arm_common_tables.o)
                0x000168e4                armBitRevIndexTable32
 .rodata.twiddleCoef_128
                0x00016944      0x400 C:\Freescale\KSDK_1.3.0/platform/CMSIS/Lib/GCC\libarm_cortexM4lf_math.a(arm_common_tables.o)
                0x00016944                twiddleCoef_128
 .rodata.twiddleCoef_512
                0x00016d44     0x1000 C:\Freescale\KSDK_1.3.0/platform/CMSIS/Lib/GCC\libarm_cortexM4lf_math.a(arm_common_tables.o)
                0x00016d44                twiddleCoef_512
 .rodata.armBitRevIndexTable2048
                0x00017d44     0x1dc0 C:\Freescale\KSDK_1.3.0/platform/CMSIS/Lib/GCC\libarm_cortexM4lf_math.a(arm_common_tables.o)
                0x00017d44                armBitRevIndexTable2048
 .rodata.twiddleCoef_64
                0x00019b04      0x200 C:\Freescale\KSDK_1.3.0/platform/CMSIS/Lib/GCC\libarm_cortexM4lf_math.a(arm_common_tables.o)
                0x00019b04                twiddleCoef_64
 .rodata.twiddleCoef_rfft_512
                0x00019d04      0x800 C:\Freescale\KSDK_1.3.0/platform/CMSIS/Lib/GCC\libarm_cortexM4lf_math.a(arm_common_tables.o)
                0x00019d04                twiddleCoef_rfft_512
 .rodata.armBitRevIndexTable512
                0x0001a504      0x380 C:\Freescale\KSDK_1.3.0/platform/CMSIS/Lib/GCC\libarm_cortexM4lf_math.a(arm_common_tables.o)
                0x0001a504                armBitRevIndexTable512
 .rodata.twiddleCoef_rfft_1024
                0x0001a884     0x1000 C:\Freescale\KSDK_1.3.0/platform/CMSIS/Lib/GCC\libarm_cortexM4lf_math.a(arm_common_tables.o)
                0x0001a884                twiddleCoef_rfft_1024
 .rodata.twiddleCoef_rfft_256
                0x0001b884      0x400 C:\Freescale\KSDK_1.3.0/platform/CMSIS/Lib/GCC\libarm_cortexM4lf_math.a(arm_common_tables.o)
                0x0001b884                twiddleCoef_rfft_256
 .rodata.armBitRevIndexTable256
                0x0001bc84      0x370 C:\Freescale\KSDK_1.3.0/platform/CMSIS/Lib/GCC\libarm_cortexM4lf_math.a(arm_common_tables.o)
                0x0001bc84                armBitRevIndexTable256
 .rodata.twiddleCoef_rfft_128
                0x0001bff4      0x200 C:\Freescale\KSDK_1.3.0/platform/CMSIS/Lib/GCC\libarm_cortexM4lf_math.a(arm_common_tables.o)
                0x0001bff4                twiddleCoef_rfft_128
 .rodata.armBitRevIndexTable128
                0x0001c1f4      0x1a0 C:\Freescale\KSDK_1.3.0/platform/CMSIS/Lib/GCC\libarm_cortexM4lf_math.a(arm_common_tables.o)
                0x0001c1f4                armBitRevIndexTable128
 .rodata.str1.4
                0x0001c394        0x5 c:/program files (x86)/gnu tools arm embedded/4.9 2015q1/bin/../lib/gcc/arm-none-eabi/4.9.3/../../../../arm-none-eabi/lib/armv7e-m/fpu\libm.a(lib_a-wf_exp.o)
                                  0x8 (size before relaxing)
 *fill*         0x0001c399        0x3 
 .rodata.str1.4
                0x0001c39c        0x8 c:/program files (x86)/gnu tools arm embedded/4.9 2015q1/bin/../lib/gcc/arm-none-eabi/4.9.3/../../../../arm-none-eabi/lib/armv7e-m/fpu\libm.a(lib_a-wf_sqrt.o)
 .rodata.halF   0x0001c3a4        0x8 c:/program files (x86)/gnu tools arm embedded/4.9 2015q1/bin/../lib/gcc/arm-none-eabi/4.9.3/../../../../arm-none-eabi/lib/armv7e-m/fpu\libm.a(lib_a-ef_exp.o)
 .rodata.ln2LO  0x0001c3ac        0x8 c:/program files (x86)/gnu tools arm embedded/4.9 2015q1/bin/../lib/gcc/arm-none-eabi/4.9.3/../../../../arm-none-eabi/lib/armv7e-m/fpu\libm.a(lib_a-ef_exp.o)
 .rodata.ln2HI  0x0001c3b4        0x8 c:/program files (x86)/gnu tools arm embedded/4.9 2015q1/bin/../lib/gcc/arm-none-eabi/4.9.3/../../../../arm-none-eabi/lib/armv7e-m/fpu\libm.a(lib_a-ef_exp.o)
 .rodata.str1.1
                0x0001c3bc       0x3c c:/program files (x86)/gnu tools arm embedded/4.9 2015q1/bin/../lib/gcc/arm-none-eabi/4.9.3/../../../../arm-none-eabi/lib/armv7e-m/fpu\libg_nano.a(lib_a-assert.o)
                                 0x3d (size before relaxing)
 .rodata.str1.1
                0x0001c3f8        0x2 c:/program files (x86)/gnu tools arm embedded/4.9 2015q1/bin/../lib/gcc/arm-none-eabi/4.9.3/../../../../arm-none-eabi/lib/armv7e-m/fpu\libg_nano.a(lib_a-impure.o)
 *fill*         0x0001c3fa        0x2 
 .rodata._global_impure_ptr
                0x0001c3fc        0x4 c:/program files (x86)/gnu tools arm embedded/4.9 2015q1/bin/../lib/gcc/arm-none-eabi/4.9.3/../../../../arm-none-eabi/lib/armv7e-m/fpu\libg_nano.a(lib_a-impure.o)
                0x0001c3fc                _global_impure_ptr
 .rodata.str1.1
                0x0001c400       0x11 c:/program files (x86)/gnu tools arm embedded/4.9 2015q1/bin/../lib/gcc/arm-none-eabi/4.9.3/../../../../arm-none-eabi/lib/armv7e-m/fpu\libg_nano.a(lib_a-nano-vfprintf.o)
 .rodata.str1.1
                0x0001c411       0x22 c:/program files (x86)/gnu tools arm embedded/4.9 2015q1/bin/../lib/gcc/arm-none-eabi/4.9.3/../../../../arm-none-eabi/lib/armv7e-m/fpu\libg_nano.a(lib_a-nano-vfprintf_i.o)
 *fill*         0x0001c433        0x1 
 .rodata.__sf_fake_stdin
                0x0001c434       0x20 c:/program files (x86)/gnu tools arm embedded/4.9 2015q1/bin/../lib/gcc/arm-none-eabi/4.9.3/../../../../arm-none-eabi/lib/armv7e-m/fpu\libg_nano.a(lib_a-findfp.o)
                0x0001c434                __sf_fake_stdin
 .rodata.__sf_fake_stdout
                0x0001c454       0x20 c:/program files (x86)/gnu tools arm embedded/4.9 2015q1/bin/../lib/gcc/arm-none-eabi/4.9.3/../../../../arm-none-eabi/lib/armv7e-m/fpu\libg_nano.a(lib_a-findfp.o)
                0x0001c454                __sf_fake_stdout
 .rodata.__sf_fake_stderr
                0x0001c474       0x20 c:/program files (x86)/gnu tools arm embedded/4.9 2015q1/bin/../lib/gcc/arm-none-eabi/4.9.3/../../../../arm-none-eabi/lib/armv7e-m/fpu\libg_nano.a(lib_a-findfp.o)
                0x0001c474                __sf_fake_stderr
 *(.glue_7)
 .glue_7        0x00000000        0x0 linker stubs
 *(.glue_7t)
 .glue_7t       0x00000000        0x0 linker stubs
 *(.eh_frame)
 .eh_frame      0x0001c494        0x0 c:/program files (x86)/gnu tools arm embedded/4.9 2015q1/bin/../lib/gcc/arm-none-eabi/4.9.3/armv7e-m/fpu/crtbegin.o
 *(.init)
 .init          0x0001c494        0x4 c:/program files (x86)/gnu tools arm embedded/4.9 2015q1/bin/../lib/gcc/arm-none-eabi/4.9.3/armv7e-m/fpu/crti.o
                0x0001c494                _init
 .init          0x0001c498        0x8 c:/program files (x86)/gnu tools arm embedded/4.9 2015q1/bin/../lib/gcc/arm-none-eabi/4.9.3/armv7e-m/fpu/crtn.o
 *(.fini)
 .fini          0x0001c4a0        0x4 c:/program files (x86)/gnu tools arm embedded/4.9 2015q1/bin/../lib/gcc/arm-none-eabi/4.9.3/armv7e-m/fpu/crti.o
                0x0001c4a0                _fini
 .fini          0x0001c4a4        0x8 c:/program files (x86)/gnu tools arm embedded/4.9 2015q1/bin/../lib/gcc/arm-none-eabi/4.9.3/armv7e-m/fpu/crtn.o
                0x0001c4ac                . = ALIGN (0x4)

.vfp11_veneer   0x0001c4ac        0x0
 .vfp11_veneer  0x00000000        0x0 linker stubs

.v4_bx          0x0001c4ac        0x0
 .v4_bx         0x00000000        0x0 linker stubs

.iplt           0x0001c4ac        0x0
 .iplt          0x00000000        0x0 c:/program files (x86)/gnu tools arm embedded/4.9 2015q1/bin/../lib/gcc/arm-none-eabi/4.9.3/armv7e-m/fpu/crtbegin.o

.ARM.extab
 *(.ARM.extab* .gnu.linkonce.armextab.*)

.ARM            0x0001c4ac        0x8
                0x0001c4ac                __exidx_start = .
 *(.ARM.exidx*)
 .ARM.exidx     0x0001c4ac        0x8 c:/program files (x86)/gnu tools arm embedded/4.9 2015q1/bin/../lib/gcc/arm-none-eabi/4.9.3/../../../../arm-none-eabi/lib/armv7e-m/fpu/crt0.o
                0x0001c4b4                __exidx_end = .

.rel.dyn        0x0001c4b4        0x0
 .rel.iplt      0x00000000        0x0 c:/program files (x86)/gnu tools arm embedded/4.9 2015q1/bin/../lib/gcc/arm-none-eabi/4.9.3/armv7e-m/fpu/crtbegin.o

.ctors          0x0001c4b4        0x0
                0x0001c4b4                __CTOR_LIST__ = .
 *crtbegin.o(.ctors)
 *crtbegin?.o(.ctors)
 *(EXCLUDE_FILE(*crtend.o *crtend?.o) .ctors)
 *(SORT(.ctors.*))
 *(.ctors)
                0x0001c4b4                __CTOR_END__ = .

.dtors          0x0001c4b4        0x0
                0x0001c4b4                __DTOR_LIST__ = .
 *crtbegin.o(.dtors)
 *crtbegin?.o(.dtors)
 *(EXCLUDE_FILE(*crtend.o *crtend?.o) .dtors)
 *(SORT(.dtors.*))
 *(.dtors)
                0x0001c4b4                __DTOR_END__ = .

.preinit_array  0x0001c4b4        0x0
                0x0001c4b4                PROVIDE (__preinit_array_start, .)
 *(.preinit_array*)
                0x0001c4b4                PROVIDE (__preinit_array_end, .)

.init_array     0x0001c4b4        0x4
                0x0001c4b4                PROVIDE (__init_array_start, .)
 *(SORT(.init_array.*))
 *(.init_array*)
 .init_array    0x0001c4b4        0x4 c:/program files (x86)/gnu tools arm embedded/4.9 2015q1/bin/../lib/gcc/arm-none-eabi/4.9.3/armv7e-m/fpu/crtbegin.o
                0x0001c4b8                PROVIDE (__init_array_end, .)

.fini_array     0x0001c4b8        0x4
                0x0001c4b8                PROVIDE (__fini_array_start, .)
 *(SORT(.fini_array.*))
 *(.fini_array*)
 .fini_array    0x0001c4b8        0x4 c:/program files (x86)/gnu tools arm embedded/4.9 2015q1/bin/../lib/gcc/arm-none-eabi/4.9.3/armv7e-m/fpu/crtbegin.o
                0x0001c4bc                PROVIDE (__fini_array_end, .)
                0x0001c4bc                __etext = .
                0x0001c4bc                __DATA_ROM = .

.interrupts_ram
                0x1fff0000        0x0
                0x1fff0000                . = ALIGN (0x4)
                0x1fff0000                __VECTOR_RAM__ = .
                0x1fff0000                __interrupts_ram_start__ = .
 *(.m_interrupts_ram)
                0x1fff0000                . = (. + M_VECTOR_RAM_SIZE)
                0x1fff0000                . = ALIGN (0x4)
                0x1fff0000                __interrupts_ram_end__ = .
                0x00000000                __VECTOR_RAM = DEFINED (__ram_vector_table__)?__VECTOR_RAM__:ORIGIN (m_interrupts)
                0x00000000                __RAM_VECTOR_TABLE_SIZE_BYTES = DEFINED (__ram_vector_table__)?(__interrupts_ram_end__ - __interrupts_ram_start__):0x0

.data           0x1fff0000       0x88 load address 0x0001c4bc
                0x1fff0000                . = ALIGN (0x4)
                0x1fff0000                __DATA_RAM = .
                0x1fff0000                __data_start__ = .
 *(.data)
 *(.data*)
 .data.sBufferIdx
                0x1fff0000        0x8 ./Sources/edma_init.o
 .data.SystemCoreClock
                0x1fff0008        0x4 ./Project_Settings/Startup_Code/system_MK64F12.o
                0x1fff0008                SystemCoreClock
 .data.g_uartRxTxIrqId
                0x1fff000c        0x8 C:/Downloads/Projects/GraphicSpectrumVU/VUMeter/libksdk_platform.a(fsl_uart_common.o)
                0x1fff000c                g_uartRxTxIrqId
 .data.g_fastInternalRefClkFreq
                0x1fff0014        0x4 C:/Downloads/Projects/GraphicSpectrumVU/VUMeter/libksdk_platform.a(fsl_mcg_hal.o)
                0x1fff0014                g_fastInternalRefClkFreq
 .data.g_slowInternalRefClkFreq
                0x1fff0018        0x4 C:/Downloads/Projects/GraphicSpectrumVU/VUMeter/libksdk_platform.a(fsl_mcg_hal.o)
                0x1fff0018                g_slowInternalRefClkFreq
 .data.__fdlib_version
                0x1fff001c        0x1 c:/program files (x86)/gnu tools arm embedded/4.9 2015q1/bin/../lib/gcc/arm-none-eabi/4.9.3/../../../../arm-none-eabi/lib/armv7e-m/fpu\libm.a(lib_a-s_lib_ver.o)
                0x1fff001c                __fdlib_version
 *fill*         0x1fff001d        0x3 
 .data.impure_data
                0x1fff0020       0x60 c:/program files (x86)/gnu tools arm embedded/4.9 2015q1/bin/../lib/gcc/arm-none-eabi/4.9.3/../../../../arm-none-eabi/lib/armv7e-m/fpu\libg_nano.a(lib_a-impure.o)
 .data._impure_ptr
                0x1fff0080        0x4 c:/program files (x86)/gnu tools arm embedded/4.9 2015q1/bin/../lib/gcc/arm-none-eabi/4.9.3/../../../../arm-none-eabi/lib/armv7e-m/fpu\libg_nano.a(lib_a-impure.o)
                0x1fff0080                _impure_ptr
 *(.jcr*)
 .jcr           0x1fff0084        0x0 c:/program files (x86)/gnu tools arm embedded/4.9 2015q1/bin/../lib/gcc/arm-none-eabi/4.9.3/armv7e-m/fpu/crtbegin.o
 .jcr           0x1fff0084        0x4 c:/program files (x86)/gnu tools arm embedded/4.9 2015q1/bin/../lib/gcc/arm-none-eabi/4.9.3/armv7e-m/fpu/crtend.o
                0x1fff0088                . = ALIGN (0x4)
                0x1fff0088                __data_end__ = .
                0x0001c544                __DATA_END = (__DATA_ROM + (__data_end__ - __data_start__))
                0x00100000                text_end = (ORIGIN (m_text) + 0xffbf0)
                0x00000001                ASSERT ((__DATA_END <= text_end), region m_text overflowed with text and data)

.igot.plt       0x1fff0088        0x0 load address 0x0001c544
 .igot.plt      0x00000000        0x0 c:/program files (x86)/gnu tools arm embedded/4.9 2015q1/bin/../lib/gcc/arm-none-eabi/4.9.3/armv7e-m/fpu/crtbegin.o

.bss            0x1fff0088     0x30b8 load address 0x0001c544
                0x1fff0088                . = ALIGN (0x4)
                0x1fff0088                __START_BSS = .
                0x1fff0088                __bss_start__ = .
 *(.bss)
 .bss           0x1fff0088       0x1c c:/program files (x86)/gnu tools arm embedded/4.9 2015q1/bin/../lib/gcc/arm-none-eabi/4.9.3/armv7e-m/fpu/crtbegin.o
 *(.bss*)
 .bss.sampleBuffer
                0x1fff00a4     0x3000 ./Sources/edma_init.o
 .bss.Chn_State
                0x1fff30a4       0x20 ./Sources/edma_init.o
 .bss.stcd      0x1fff30c4       0x40 ./Sources/edma_init.o
 .bss.bufferStatus
                0x1fff3104        0x1 ./Sources/edma_init.o
 *fill*         0x1fff3105        0x3 
 .bss.g_edma    0x1fff3108        0x4 C:/Downloads/Projects/GraphicSpectrumVU/VUMeter/libksdk_platform.a(fsl_edma_driver.o)
                0x1fff3108                g_edma
 .bss.g_uartStatePtr
                0x1fff310c       0x18 C:/Downloads/Projects/GraphicSpectrumVU/VUMeter/libksdk_platform.a(fsl_uart_common.o)
                0x1fff310c                g_uartStatePtr
 .bss.g_xtal0ClkFreq
                0x1fff3124        0x4 C:/Downloads/Projects/GraphicSpectrumVU/VUMeter/libksdk_platform.a(fsl_mcg_hal.o)
                0x1fff3124                g_xtal0ClkFreq
 .bss.g_xtalRtcClkFreq
                0x1fff3128        0x4 C:/Downloads/Projects/GraphicSpectrumVU/VUMeter/libksdk_platform.a(fsl_mcg_hal.o)
                0x1fff3128                g_xtalRtcClkFreq
 .bss.g_interruptDisableCount
                0x1fff312c        0x4 C:/Downloads/Projects/GraphicSpectrumVU/VUMeter/libksdk_platform.a(fsl_interrupt_manager.o)
                0x1fff312c                g_interruptDisableCount
 .bss.__malloc_sbrk_start
                0x1fff3130        0x4 c:/program files (x86)/gnu tools arm embedded/4.9 2015q1/bin/../lib/gcc/arm-none-eabi/4.9.3/../../../../arm-none-eabi/lib/armv7e-m/fpu\libg_nano.a(lib_a-nano-mallocr.o)
                0x1fff3130                __malloc_sbrk_start
 .bss.__malloc_free_list
                0x1fff3134        0x4 c:/program files (x86)/gnu tools arm embedded/4.9 2015q1/bin/../lib/gcc/arm-none-eabi/4.9.3/../../../../arm-none-eabi/lib/armv7e-m/fpu\libg_nano.a(lib_a-nano-mallocr.o)
                0x1fff3134                __malloc_free_list
 .bss.heap_end.4079
                0x1fff3138        0x4 c:/program files (x86)/gnu tools arm embedded/4.9 2015q1/bin/../lib/gcc/arm-none-eabi/4.9.3/../../../../arm-none-eabi/lib/armv7e-m/fpu\libnosys.a(sbrk.o)
 *(COMMON)
 COMMON         0x1fff313c        0x4 c:/program files (x86)/gnu tools arm embedded/4.9 2015q1/bin/../lib/gcc/arm-none-eabi/4.9.3/../../../../arm-none-eabi/lib/armv7e-m/fpu\libg_nano.a(lib_a-reent.o)
                0x1fff313c                errno