18:11:56 **** Build of configuration Debug for project VUMeter ****
make all 
'Building file: ../board/board.c'
'Invoking: Cross ARM C Compiler'
arm-none-eabi-gcc -mcpu=cortex-m4 -mthumb -mfloat-abi=hard -mfpu=fpv4-sp-d16 -O0 -fmessage-length=0 -fsigned-char -ffunction-sections -fdata-sections -Wall  -g3 -D"CPU_MK64FN1M0VMD12" -D"CPU_MK64FN1M0VLL12" -D"ARM_MATH_CM4" -D"_FPU_PRESENT" -I"../Sources" -I"C:\Freescale\KSDK_1.3.0/platform/osa/inc" -I"C:\Freescale\KSDK_1.3.0/platform/system/inc" -I"C:\Freescale\KSDK_1.3.0/platform/drivers/src/edma" -I"C:\Freescale\KSDK_1.3.0/platform/drivers/src/adc16" -I"C:\Freescale\KSDK_1.3.0/platform/utilities/src" -I"C:\Freescale\KSDK_1.3.0/platform/utilities/inc" -I"C:\Freescale\KSDK_1.3.0/platform/drivers/inc" -I"C:\Freescale\KSDK_1.3.0/platform/hal/inc" -I"C:\Freescale\KSDK_1.3.0/platform/drivers/src/adc16" -I"../Project_Settings/Startup_Code" -I"../SDK/platform/CMSIS/Include" -I"../SDK/platform/devices" -I"../SDK/platform/devices/MK64F12/include" -std=c99 -MMD -MP -MF"board/board.d" -MT"board/board.o" -c -o "board/board.o" "../board/board.c"
'Finished building: ../board/board.c'
' '
'Building file: ../board/gpio_pins.c'
'Invoking: Cross ARM C Compiler'
arm-none-eabi-gcc -mcpu=cortex-m4 -mthumb -mfloat-abi=hard -mfpu=fpv4-sp-d16 -O0 -fmessage-length=0 -fsigned-char -ffunction-sections -fdata-sections -Wall  -g3 -D"CPU_MK64FN1M0VMD12" -D"CPU_MK64FN1M0VLL12" -D"ARM_MATH_CM4" -D"_FPU_PRESENT" -I"../Sources" -I"C:\Freescale\KSDK_1.3.0/platform/osa/inc" -I"C:\Freescale\KSDK_1.3.0/platform/system/inc" -I"C:\Freescale\KSDK_1.3.0/platform/drivers/src/edma" -I"C:\Freescale\KSDK_1.3.0/platform/drivers/src/adc16" -I"C:\Freescale\KSDK_1.3.0/platform/utilities/src" -I"C:\Freescale\KSDK_1.3.0/platform/utilities/inc" -I"C:\Freescale\KSDK_1.3.0/platform/drivers/inc" -I"C:\Freescale\KSDK_1.3.0/platform/hal/inc" -I"C:\Freescale\KSDK_1.3.0/platform/drivers/src/adc16" -I"../Project_Settings/Startup_Code" -I"../SDK/platform/CMSIS/Include" -I"../SDK/platform/devices" -I"../SDK/platform/devices/MK64F12/include" -std=c99 -MMD -MP -MF"board/gpio_pins.d" -MT"board/gpio_pins.o" -c -o "board/gpio_pins.o" "../board/gpio_pins.c"
'Finished building: ../board/gpio_pins.c'
' '
'Building file: ../board/hardware_init.c'
'Invoking: Cross ARM C Compiler'
arm-none-eabi-gcc -mcpu=cortex-m4 -mthumb -mfloat-abi=hard -mfpu=fpv4-sp-d16 -O0 -fmessage-length=0 -fsigned-char -ffunction-sections -fdata-sections -Wall  -g3 -D"CPU_MK64FN1M0VMD12" -D"CPU_MK64FN1M0VLL12" -D"ARM_MATH_CM4" -D"_FPU_PRESENT" -I"../Sources" -I"C:\Freescale\KSDK_1.3.0/platform/osa/inc" -I"C:\Freescale\KSDK_1.3.0/platform/system/inc" -I"C:\Freescale\KSDK_1.3.0/platform/drivers/src/edma" -I"C:\Freescale\KSDK_1.3.0/platform/drivers/src/adc16" -I"C:\Freescale\KSDK_1.3.0/platform/utilities/src" -I"C:\Freescale\KSDK_1.3.0/platform/utilities/inc" -I"C:\Freescale\KSDK_1.3.0/platform/drivers/inc" -I"C:\Freescale\KSDK_1.3.0/platform/hal/inc" -I"C:\Freescale\KSDK_1.3.0/platform/drivers/src/adc16" -I"../Project_Settings/Startup_Code" -I"../SDK/platform/CMSIS/Include" -I"../SDK/platform/devices" -I"../SDK/platform/devices/MK64F12/include" -std=c99 -MMD -MP -MF"board/hardware_init.d" -MT"board/hardware_init.o" -c -o "board/hardware_init.o" "../board/hardware_init.c"
'Finished building: ../board/hardware_init.c'
' '
'Building file: ../board/pin_mux.c'
'Invoking: Cross ARM C Compiler'
arm-none-eabi-gcc -mcpu=cortex-m4 -mthumb -mfloat-abi=hard -mfpu=fpv4-sp-d16 -O0 -fmessage-length=0 -fsigned-char -ffunction-sections -fdata-sections -Wall  -g3 -D"CPU_MK64FN1M0VMD12" -D"CPU_MK64FN1M0VLL12" -D"ARM_MATH_CM4" -D"_FPU_PRESENT" -I"../Sources" -I"C:\Freescale\KSDK_1.3.0/platform/osa/inc" -I"C:\Freescale\KSDK_1.3.0/platform/system/inc" -I"C:\Freescale\KSDK_1.3.0/platform/drivers/src/edma" -I"C:\Freescale\KSDK_1.3.0/platform/drivers/src/adc16" -I"C:\Freescale\KSDK_1.3.0/platform/utilities/src" -I"C:\Freescale\KSDK_1.3.0/platform/utilities/inc" -I"C:\Freescale\KSDK_1.3.0/platform/drivers/inc" -I"C:\Freescale\KSDK_1.3.0/platform/hal/inc" -I"C:\Freescale\KSDK_1.3.0/platform/drivers/src/adc16" -I"../Project_Settings/Startup_Code" -I"../SDK/platform/CMSIS/Include" -I"../SDK/platform/devices" -I"../SDK/platform/devices/MK64F12/include" -std=c99 -MMD -MP -MF"board/pin_mux.d" -MT"board/pin_mux.o" -c -o "board/pin_mux.o" "../board/pin_mux.c"
'Finished building: ../board/pin_mux.c'
' '
'Building file: ../Sources/edma_init.c'
'Invoking: Cross ARM C Compiler'
arm-none-eabi-gcc -mcpu=cortex-m4 -mthumb -mfloat-abi=hard -mfpu=fpv4-sp-d16 -O0 -fmessage-length=0 -fsigned-char -ffunction-sections -fdata-sections -Wall  -g3 -D"CPU_MK64FN1M0VMD12" -D"CPU_MK64FN1M0VLL12" -D"ARM_MATH_CM4" -D"_FPU_PRESENT" -I"../Sources" -I"C:\Freescale\KSDK_1.3.0/platform/osa/inc" -I"C:\Freescale\KSDK_1.3.0/platform/system/inc" -I"C:\Freescale\KSDK_1.3.0/platform/drivers/src/edma" -I"C:\Freescale\KSDK_1.3.0/platform/drivers/src/adc16" -I"C:\Freescale\KSDK_1.3.0/platform/utilities/src" -I"C:\Freescale\KSDK_1.3.0/platform/utilities/inc" -I"C:\Freescale\KSDK_1.3.0/platform/drivers/inc" -I"C:\Freescale\KSDK_1.3.0/platform/hal/inc" -I"C:\Freescale\KSDK_1.3.0/platform/drivers/src/adc16" -I"../Project_Settings/Startup_Code" -I"../SDK/platform/CMSIS/Include" -I"../SDK/platform/devices" -I"../SDK/platform/devices/MK64F12/include" -std=c99 -MMD -MP -MF"Sources/edma_init.d" -MT"Sources/edma_init.o" -c -o "Sources/edma_init.o" "../Sources/edma_init.c"
../Sources/edma_init.c: In function 'DMA1_IRQHandler':
../Sources/edma_init.c:179:5: warning: passing argument 3 of 'EDMA_HAL_HTCDSetDestAddr' makes integer from pointer without a cast [enabled by default]
     EDMA_HAL_HTCDSetDestAddr(DMA_BASE_PTR, 0, &sampleBuffer[sBufferIdx.upperBuffer][BUF_SIZE/2]);
     ^
In file included from C:\Freescale\KSDK_1.3.0/platform/drivers/inc/fsl_edma_driver.h:36:0,
                 from ../Sources/edma_init.h:15,
                 from ../Sources/edma_init.c:1:
C:\Freescale\KSDK_1.3.0/platform/hal/inc/fsl_edma_hal.h:738:20: note: expected 'uint32_t' but argument is of type 'uint16_t *'
 static inline void EDMA_HAL_HTCDSetDestAddr(DMA_Type * base, uint32_t channel, uint32_t address)
                    ^
../Sources/edma_init.c:180:5: warning: passing argument 3 of 'EDMA_HAL_HTCDSetDestAddr' makes integer from pointer without a cast [enabled by default]
     EDMA_HAL_HTCDSetDestAddr(DMA_BASE_PTR, 1, &sampleBuffer[sBufferIdx.lowerBuffer][0]);
     ^
In file included from C:\Freescale\KSDK_1.3.0/platform/drivers/inc/fsl_edma_driver.h:36:0,
                 from ../Sources/edma_init.h:15,
                 from ../Sources/edma_init.c:1:
C:\Freescale\KSDK_1.3.0/platform/hal/inc/fsl_edma_hal.h:738:20: note: expected 'uint32_t' but argument is of type 'uint16_t *'
 static inline void EDMA_HAL_HTCDSetDestAddr(DMA_Type * base, uint32_t channel, uint32_t address)
                    ^
'Finished building: ../Sources/edma_init.c'
' '
'Building file: ../Sources/main.c'
'Invoking: Cross ARM C Compiler'
arm-none-eabi-gcc -mcpu=cortex-m4 -mthumb -mfloat-abi=hard -mfpu=fpv4-sp-d16 -O0 -fmessage-length=0 -fsigned-char -ffunction-sections -fdata-sections -Wall  -g3 -D"CPU_MK64FN1M0VMD12" -D"CPU_MK64FN1M0VLL12" -D"ARM_MATH_CM4" -D"_FPU_PRESENT" -I"../Sources" -I"C:\Freescale\KSDK_1.3.0/platform/osa/inc" -I"C:\Freescale\KSDK_1.3.0/platform/system/inc" -I"C:\Freescale\KSDK_1.3.0/platform/drivers/src/edma" -I"C:\Freescale\KSDK_1.3.0/platform/drivers/src/adc16" -I"C:\Freescale\KSDK_1.3.0/platform/utilities/src" -I"C:\Freescale\KSDK_1.3.0/platform/utilities/inc" -I"C:\Freescale\KSDK_1.3.0/platform/drivers/inc" -I"C:\Freescale\KSDK_1.3.0/platform/hal/inc" -I"C:\Freescale\KSDK_1.3.0/platform/drivers/src/adc16" -I"../Project_Settings/Startup_Code" -I"../SDK/platform/CMSIS/Include" -I"../SDK/platform/devices" -I"../SDK/platform/devices/MK64F12/include" -std=c99 -MMD -MP -MF"Sources/main.d" -MT"Sources/main.o" -c -o "Sources/main.o" "../Sources/main.c"
../Sources/main.c: In function 'main':
../Sources/main.c:37:17: warning: assignment from incompatible pointer type [enabled by default]
     ptrLEDArray = LEDArray;
                 ^
../Sources/main.c:54:5: warning: implicit declaration of function 'BOARD_ClockInit' [-Wimplicit-function-declaration]
     BOARD_ClockInit();
     ^
../Sources/main.c:147:13: warning: pointer targets in passing argument 2 of 'UART_DRV_SendData' differ in signedness [-Wpointer-sign]
             UART_DRV_SendData(3, ptrLEDArray, txBytes);
             ^
In file included from ../Sources/perf_init.h:16:0,
                 from ../Sources/main.c:10:
C:\Freescale\KSDK_1.3.0/platform/drivers/inc/fsl_uart_driver.h:246:15: note: expected 'const uint8_t *' but argument is of type 'char *'
 uart_status_t UART_DRV_SendData(uint32_t instance, const uint8_t * txBuff, uint32_t txSize);
               ^
'Finished building: ../Sources/main.c'
' '
'Building file: ../Sources/perf_init.c'
'Invoking: Cross ARM C Compiler'
arm-none-eabi-gcc -mcpu=cortex-m4 -mthumb -mfloat-abi=hard -mfpu=fpv4-sp-d16 -O0 -fmessage-length=0 -fsigned-char -ffunction-sections -fdata-sections -Wall  -g3 -D"CPU_MK64FN1M0VMD12" -D"CPU_MK64FN1M0VLL12" -D"ARM_MATH_CM4" -D"_FPU_PRESENT" -I"../Sources" -I"C:\Freescale\KSDK_1.3.0/platform/osa/inc" -I"C:\Freescale\KSDK_1.3.0/platform/system/inc" -I"C:\Freescale\KSDK_1.3.0/platform/drivers/src/edma" -I"C:\Freescale\KSDK_1.3.0/platform/drivers/src/adc16" -I"C:\Freescale\KSDK_1.3.0/platform/utilities/src" -I"C:\Freescale\KSDK_1.3.0/platform/utilities/inc" -I"C:\Freescale\KSDK_1.3.0/platform/drivers/inc" -I"C:\Freescale\KSDK_1.3.0/platform/hal/inc" -I"C:\Freescale\KSDK_1.3.0/platform/drivers/src/adc16" -I"../Project_Settings/Startup_Code" -I"../SDK/platform/CMSIS/Include" -I"../SDK/platform/devices" -I"../SDK/platform/devices/MK64F12/include" -std=c99 -MMD -MP -MF"Sources/perf_init.d" -MT"Sources/perf_init.o" -c -o "Sources/perf_init.o" "../Sources/perf_init.c"
../Sources/perf_init.c: In function 'config_PDB':
../Sources/perf_init.c:96:5: warning: passing argument 1 of 'SIM_HAL_SetAdcAlternativeTriggerCmd' makes pointer from integer without a cast [enabled by default]
     SIM_HAL_SetAdcAlternativeTriggerCmd(SIM_BASE, 0U, false);
     ^
In file included from C:\Freescale\KSDK_1.3.0/platform/hal/inc/fsl_sim_hal.h:135:0,
                 from C:\Freescale\KSDK_1.3.0/platform/system/inc/fsl_clock_manager.h:38,
                 from ../Sources/perf_init.h:13,
                 from ../Sources/perf_init.c:1:
c:\freescale\ksdk_1.3.0\platform\hal\src\sim\mk64f12\fsl_sim_hal_mk64f12.h:1207:6: note: expected 'struct SIM_Type *' but argument is of type 'unsigned int'
 void SIM_HAL_SetAdcAlternativeTriggerCmd(SIM_Type * base,
      ^
'Finished building: ../Sources/perf_init.c'
' '
'Building file: ../Project_Settings/Startup_Code/startup.c'
'Invoking: Cross ARM C Compiler'
arm-none-eabi-gcc -mcpu=cortex-m4 -mthumb -mfloat-abi=hard -mfpu=fpv4-sp-d16 -O0 -fmessage-length=0 -fsigned-char -ffunction-sections -fdata-sections -Wall  -g3 -D"CPU_MK64FN1M0VMD12" -D"CPU_MK64FN1M0VLL12" -D"ARM_MATH_CM4" -D"_FPU_PRESENT" -I"../Sources" -I"C:\Freescale\KSDK_1.3.0/platform/osa/inc" -I"C:\Freescale\KSDK_1.3.0/platform/system/inc" -I"C:\Freescale\KSDK_1.3.0/platform/drivers/src/edma" -I"C:\Freescale\KSDK_1.3.0/platform/drivers/src/adc16" -I"C:\Freescale\KSDK_1.3.0/platform/utilities/src" -I"C:\Freescale\KSDK_1.3.0/platform/utilities/inc" -I"C:\Freescale\KSDK_1.3.0/platform/drivers/inc" -I"C:\Freescale\KSDK_1.3.0/platform/hal/inc" -I"C:\Freescale\KSDK_1.3.0/platform/drivers/src/adc16" -I"../Project_Settings/Startup_Code" -I"../SDK/platform/CMSIS/Include" -I"../SDK/platform/devices" -I"../SDK/platform/devices/MK64F12/include" -std=c99 -MMD -MP -MF"Project_Settings/Startup_Code/startup.d" -MT"Project_Settings/Startup_Code/startup.o" -c -o "Project_Settings/Startup_Code/startup.o" "../Project_Settings/Startup_Code/startup.c"
'Finished building: ../Project_Settings/Startup_Code/startup.c'
' '
'Building file: ../Project_Settings/Startup_Code/startup_MK64F12.S'
'Invoking: Cross ARM GNU Assembler'
arm-none-eabi-gcc -mcpu=cortex-m4 -mthumb -mfloat-abi=hard -mfpu=fpv4-sp-d16 -O0 -fmessage-length=0 -fsigned-char -ffunction-sections -fdata-sections -Wall  -g3 -x assembler-with-cpp -D"NO_INIT_DATA_BSS" -D"_STACK_SIZE=0x0400" -D"_HEAP_SIZE=0x00" -D"_START=main" -MMD -MP -MF"Project_Settings/Startup_Code/startup_MK64F12.d" -MT"Project_Settings/Startup_Code/startup_MK64F12.o" -c -o "Project_Settings/Startup_Code/startup_MK64F12.o" "../Project_Settings/Startup_Code/startup_MK64F12.S"
'Finished building: ../Project_Settings/Startup_Code/startup_MK64F12.S'
' '
'Building file: ../Project_Settings/Startup_Code/system_MK64F12.c'
'Invoking: Cross ARM C Compiler'
arm-none-eabi-gcc -mcpu=cortex-m4 -mthumb -mfloat-abi=hard -mfpu=fpv4-sp-d16 -O0 -fmessage-length=0 -fsigned-char -ffunction-sections -fdata-sections -Wall  -g3 -D"CPU_MK64FN1M0VMD12" -D"CPU_MK64FN1M0VLL12" -D"ARM_MATH_CM4" -D"_FPU_PRESENT" -I"../Sources" -I"C:\Freescale\KSDK_1.3.0/platform/osa/inc" -I"C:\Freescale\KSDK_1.3.0/platform/system/inc" -I"C:\Freescale\KSDK_1.3.0/platform/drivers/src/edma" -I"C:\Freescale\KSDK_1.3.0/platform/drivers/src/adc16" -I"C:\Freescale\KSDK_1.3.0/platform/utilities/src" -I"C:\Freescale\KSDK_1.3.0/platform/utilities/inc" -I"C:\Freescale\KSDK_1.3.0/platform/drivers/inc" -I"C:\Freescale\KSDK_1.3.0/platform/hal/inc" -I"C:\Freescale\KSDK_1.3.0/platform/drivers/src/adc16" -I"../Project_Settings/Startup_Code" -I"../SDK/platform/CMSIS/Include" -I"../SDK/platform/devices" -I"../SDK/platform/devices/MK64F12/include" -std=c99 -MMD -MP -MF"Project_Settings/Startup_Code/system_MK64F12.d" -MT"Project_Settings/Startup_Code/system_MK64F12.o" -c -o "Project_Settings/Startup_Code/system_MK64F12.o" "../Project_Settings/Startup_Code/system_MK64F12.c"
'Finished building: ../Project_Settings/Startup_Code/system_MK64F12.c'
' '
'Building target: VUMeter.elf'
'Invoking: Cross ARM C++ Linker'
arm-none-eabi-g++ -mcpu=cortex-m4 -mthumb -mfloat-abi=hard -mfpu=fpv4-sp-d16 -O0 -fmessage-length=0 -fsigned-char -ffunction-sections -fdata-sections -Wall  -g3 -T "MK64FN1M0xxx12_flash.ld" -Xlinker --gc-sections -L"C:/Downloads/Dropbox/Projects/Project1/VUMeter/Project_Settings/Linker_Files" -L"C:\Freescale\KSDK_1.3.0/platform/CMSIS/Lib/GCC" -Wl,-Map,"VUMeter.map" -specs=nosys.specs -specs=nano.specs -Xlinker -z -Xlinker muldefs -o "VUMeter.elf"  ./board/board.o ./board/gpio_pins.o ./board/hardware_init.o ./board/pin_mux.o  ./Sources/edma_init.o ./Sources/main.o ./Sources/perf_init.o  ./Project_Settings/Startup_Code/startup.o ./Project_Settings/Startup_Code/startup_MK64F12.o ./Project_Settings/Startup_Code/system_MK64F12.o  C:/Downloads/Dropbox/Projects/Project1/VUMeter/libksdk_platform.a -larm_cortexM4lf_math
'Finished building target: VUMeter.elf'
' '
'Invoking: Cross ARM GNU Print Size'
arm-none-eabi-size --format=berkeley "VUMeter.elf"
   text	   data	    bss	    dec	    hex	filename
 115840	    144	  14520	 130504	  1fdc8	VUMeter.elf
'Finished building: VUMeter.siz'
' '

18:12:05 Build Finished (took 8s.430ms)

